Archive member included to satisfy reference by file (symbol)

C:\Users\louis\Downloads\final_int-20241226T120753Z-001\final_int\Drivers\CMSIS\DSP_LIBRARY\Lib\GCC\libarm_cortexM4lf_math.a(arm_max_f32.o)
                              ./FFT_LIBRARY/FFT.o (arm_max_f32)
C:\Users\louis\Downloads\final_int-20241226T120753Z-001\final_int\Drivers\CMSIS\DSP_LIBRARY\Lib\GCC\libarm_cortexM4lf_math.a(arm_rfft_fast_init_f32.o)
                              ./FFT_LIBRARY/FFT.o (arm_rfft_fast_init_f32)
C:\Users\louis\Downloads\final_int-20241226T120753Z-001\final_int\Drivers\CMSIS\DSP_LIBRARY\Lib\GCC\libarm_cortexM4lf_math.a(arm_rfft_fast_f32.o)
                              ./FFT_LIBRARY/FFT.o (arm_rfft_fast_f32)
C:\Users\louis\Downloads\final_int-20241226T120753Z-001\final_int\Drivers\CMSIS\DSP_LIBRARY\Lib\GCC\libarm_cortexM4lf_math.a(arm_cfft_f32.o)
                              C:\Users\louis\Downloads\final_int-20241226T120753Z-001\final_int\Drivers\CMSIS\DSP_LIBRARY\Lib\GCC\libarm_cortexM4lf_math.a(arm_rfft_fast_f32.o) (arm_cfft_f32)
C:\Users\louis\Downloads\final_int-20241226T120753Z-001\final_int\Drivers\CMSIS\DSP_LIBRARY\Lib\GCC\libarm_cortexM4lf_math.a(arm_bitreversal2.o)
                              C:\Users\louis\Downloads\final_int-20241226T120753Z-001\final_int\Drivers\CMSIS\DSP_LIBRARY\Lib\GCC\libarm_cortexM4lf_math.a(arm_cfft_f32.o) (arm_bitreversal_32)
C:\Users\louis\Downloads\final_int-20241226T120753Z-001\final_int\Drivers\CMSIS\DSP_LIBRARY\Lib\GCC\libarm_cortexM4lf_math.a(arm_cmplx_mag_f32.o)
                              ./FFT_LIBRARY/FFT.o (arm_cmplx_mag_f32)
C:\Users\louis\Downloads\final_int-20241226T120753Z-001\final_int\Drivers\CMSIS\DSP_LIBRARY\Lib\GCC\libarm_cortexM4lf_math.a(arm_common_tables.o)
                              C:\Users\louis\Downloads\final_int-20241226T120753Z-001\final_int\Drivers\CMSIS\DSP_LIBRARY\Lib\GCC\libarm_cortexM4lf_math.a(arm_rfft_fast_init_f32.o) (twiddleCoef_rfft_4096)
C:\Users\louis\Downloads\final_int-20241226T120753Z-001\final_int\Drivers\CMSIS\DSP_LIBRARY\Lib\GCC\libarm_cortexM4lf_math.a(arm_cfft_radix8_f32.o)
                              C:\Users\louis\Downloads\final_int-20241226T120753Z-001\final_int\Drivers\CMSIS\DSP_LIBRARY\Lib\GCC\libarm_cortexM4lf_math.a(arm_cfft_f32.o) (arm_radix8_butterfly_f32)
D:/STM32/STM32CubeIDE_1.16.0/STM32CubeIDE/plugins/com.st.stm32cube.ide.mcu.externaltools.gnu-tools-for-stm32.12.3.rel1.win32_1.0.200.202406191623/tools/bin/../lib/gcc/arm-none-eabi/12.3.1/../../../../arm-none-eabi/lib/thumb/v7e-m+fp/hard\libc_nano.a(libc_a-exit.o)
                              D:/STM32/STM32CubeIDE_1.16.0/STM32CubeIDE/plugins/com.st.stm32cube.ide.mcu.externaltools.gnu-tools-for-stm32.12.3.rel1.win32_1.0.200.202406191623/tools/bin/../lib/gcc/arm-none-eabi/12.3.1/../../../../arm-none-eabi/lib/thumb/v7e-m+fp/hard/crt0.o (exit)
D:/STM32/STM32CubeIDE_1.16.0/STM32CubeIDE/plugins/com.st.stm32cube.ide.mcu.externaltools.gnu-tools-for-stm32.12.3.rel1.win32_1.0.200.202406191623/tools/bin/../lib/gcc/arm-none-eabi/12.3.1/../../../../arm-none-eabi/lib/thumb/v7e-m+fp/hard\libc_nano.a(libc_a-nano-vfprintf_float.o)
                              (_printf_float)
D:/STM32/STM32CubeIDE_1.16.0/STM32CubeIDE/plugins/com.st.stm32cube.ide.mcu.externaltools.gnu-tools-for-stm32.12.3.rel1.win32_1.0.200.202406191623/tools/bin/../lib/gcc/arm-none-eabi/12.3.1/../../../../arm-none-eabi/lib/thumb/v7e-m+fp/hard\libc_nano.a(libc_a-nano-vfprintf_i.o)
                              D:/STM32/STM32CubeIDE_1.16.0/STM32CubeIDE/plugins/com.st.stm32cube.ide.mcu.externaltools.gnu-tools-for-stm32.12.3.rel1.win32_1.0.200.202406191623/tools/bin/../lib/gcc/arm-none-eabi/12.3.1/../../../../arm-none-eabi/lib/thumb/v7e-m+fp/hard\libc_nano.a(libc_a-nano-vfprintf_float.o) (_printf_common)
D:/STM32/STM32CubeIDE_1.16.0/STM32CubeIDE/plugins/com.st.stm32cube.ide.mcu.externaltools.gnu-tools-for-stm32.12.3.rel1.win32_1.0.200.202406191623/tools/bin/../lib/gcc/arm-none-eabi/12.3.1/../../../../arm-none-eabi/lib/thumb/v7e-m+fp/hard\libc_nano.a(libc_a-findfp.o)
                              D:/STM32/STM32CubeIDE_1.16.0/STM32CubeIDE/plugins/com.st.stm32cube.ide.mcu.externaltools.gnu-tools-for-stm32.12.3.rel1.win32_1.0.200.202406191623/tools/bin/../lib/gcc/arm-none-eabi/12.3.1/../../../../arm-none-eabi/lib/thumb/v7e-m+fp/hard\libc_nano.a(libc_a-exit.o) (__stdio_exit_handler)
D:/STM32/STM32CubeIDE_1.16.0/STM32CubeIDE/plugins/com.st.stm32cube.ide.mcu.externaltools.gnu-tools-for-stm32.12.3.rel1.win32_1.0.200.202406191623/tools/bin/../lib/gcc/arm-none-eabi/12.3.1/../../../../arm-none-eabi/lib/thumb/v7e-m+fp/hard\libc_nano.a(libc_a-fwalk.o)
                              D:/STM32/STM32CubeIDE_1.16.0/STM32CubeIDE/plugins/com.st.stm32cube.ide.mcu.externaltools.gnu-tools-for-stm32.12.3.rel1.win32_1.0.200.202406191623/tools/bin/../lib/gcc/arm-none-eabi/12.3.1/../../../../arm-none-eabi/lib/thumb/v7e-m+fp/hard\libc_nano.a(libc_a-findfp.o) (_fwalk_sglue)
[...]
Memory Configuration

Name             Origin             Length             Attributes
RAM              0x20000000         0x00018000         xrw
RAM2             0x10000000         0x00008000         xrw
FLASH            0x08000000         0x00100000         xr
*default*        0x00000000         0xffffffff

Linker script and memory map

LOAD D:/STM32/STM32CubeIDE_1.16.0/STM32CubeIDE/plugins/com.st.stm32cube.ide.mcu.externaltools.gnu-tools-for-stm32.12.3.rel1.win32_1.0.200.202406191623/tools/bin/../lib/gcc/arm-none-eabi/12.3.1/thumb/v7e-m+fp/hard/crti.o
LOAD D:/STM32/STM32CubeIDE_1.16.0/STM32CubeIDE/plugins/com.st.stm32cube.ide.mcu.externaltools.gnu-tools-for-stm32.12.3.rel1.win32_1.0.200.202406191623/tools/bin/../lib/gcc/arm-none-eabi/12.3.1/thumb/v7e-m+fp/hard/crtbegin.o
LOAD D:/STM32/STM32CubeIDE_1.16.0/STM32CubeIDE/plugins/com.st.stm32cube.ide.mcu.externaltools.gnu-tools-for-stm32.12.3.rel1.win32_1.0.200.202406191623/tools/bin/../lib/gcc/arm-none-eabi/12.3.1/../../../../arm-none-eabi/lib/thumb/v7e-m+fp/hard/crt0.o
LOAD ./Core/Src/lcd16x2_v2.o
LOAD ./Core/Src/main.o
LOAD ./Core/Src/stm32l4xx_hal_msp.o
LOAD ./Core/Src/stm32l4xx_it.o
LOAD ./Core/Src/syscalls.o
LOAD ./Core/Src/sysmem.o
LOAD ./Core/Src/system_stm32l4xx.o
LOAD ./Core/Startup/startup_stm32l476rgtx.o
LOAD ./Drivers/STM32L4xx_HAL_Driver/Src/stm32l4xx_hal.o
LOAD ./Drivers/STM32L4xx_HAL_Driver/Src/stm32l4xx_hal_adc.o
LOAD ./Drivers/STM32L4xx_HAL_Driver/Src/stm32l4xx_hal_adc_ex.o
LOAD ./Drivers/STM32L4xx_HAL_Driver/Src/stm32l4xx_hal_comp.o
LOAD ./Drivers/STM32L4xx_HAL_Driver/Src/stm32l4xx_hal_cortex.o
LOAD ./Drivers/STM32L4xx_HAL_Driver/Src/stm32l4xx_hal_dma.o
LOAD ./Drivers/STM32L4xx_HAL_Driver/Src/stm32l4xx_hal_dma_ex.o
LOAD ./Drivers/STM32L4xx_HAL_Driver/Src/stm32l4xx_hal_exti.o
LOAD ./Drivers/STM32L4xx_HAL_Driver/Src/stm32l4xx_hal_flash.o
LOAD ./Drivers/STM32L4xx_HAL_Driver/Src/stm32l4xx_hal_flash_ex.o
LOAD ./Drivers/STM32L4xx_HAL_Driver/Src/stm32l4xx_hal_flash_ramfunc.o
LOAD ./Drivers/STM32L4xx_HAL_Driver/Src/stm32l4xx_hal_gpio.o
LOAD ./Drivers/STM32L4xx_HAL_Driver/Src/stm32l4xx_hal_i2c.o
LOAD ./Drivers/STM32L4xx_HAL_Driver/Src/stm32l4xx_hal_i2c_ex.o
LOAD ./Drivers/STM32L4xx_HAL_Driver/Src/stm32l4xx_hal_pwr.o
LOAD ./Drivers/STM32L4xx_HAL_Driver/Src/stm32l4xx_hal_pwr_ex.o
LOAD ./Drivers/STM32L4xx_HAL_Driver/Src/stm32l4xx_hal_rcc.o
LOAD ./Drivers/STM32L4xx_HAL_Driver/Src/stm32l4xx_hal_rcc_ex.o
LOAD ./Drivers/STM32L4xx_HAL_Driver/Src/stm32l4xx_hal_tim.o
LOAD ./Drivers/STM32L4xx_HAL_Driver/Src/stm32l4xx_hal_tim_ex.o
LOAD ./Drivers/STM32L4xx_HAL_Driver/Src/stm32l4xx_hal_uart.o
LOAD ./Drivers/STM32L4xx_HAL_Driver/Src/stm32l4xx_hal_uart_ex.o
LOAD ./FFT_LIBRARY/FFT.o
LOAD C:/Users/louis/Downloads/final_int-20241226T120753Z-001/final_int/FFT_LIBRARY/libFFT.a
LOAD C:\Users\louis\Downloads\final_int-20241226T120753Z-001\final_int\Drivers\CMSIS\DSP_LIBRARY\Lib\GCC\libarm_cortexM4lf_math.a
START GROUP
LOAD D:/STM32/STM32CubeIDE_1.16.0/STM32CubeIDE/plugins/com.st.stm32cube.ide.mcu.externaltools.gnu-tools-for-stm32.12.3.rel1.win32_1.0.200.202406191623/tools/bin/../lib/gcc/arm-none-eabi/12.3.1/../../../../arm-none-eabi/lib/thumb/v7e-m+fp/hard\libc_nano.a
LOAD D:/STM32/STM32CubeIDE_1.16.0/STM32CubeIDE/plugins/com.st.stm32cube.ide.mcu.externaltools.gnu-tools-for-stm32.12.3.rel1.win32_1.0.200.202406191623/tools/bin/../lib/gcc/arm-none-eabi/12.3.1/../../../../arm-none-eabi/lib/thumb/v7e-m+fp/hard\libm.a
END GROUP
START GROUP
LOAD D:/STM32/STM32CubeIDE_1.16.0/STM32CubeIDE/plugins/com.st.stm32cube.ide.mcu.externaltools.gnu-tools-for-stm32.12.3.rel1.win32_1.0.200.202406191623/tools/bin/../lib/gcc/arm-none-eabi/12.3.1/thumb/v7e-m+fp/hard\libgcc.a
LOAD D:/STM32/STM32CubeIDE_1.16.0/STM32CubeIDE/plugins/com.st.stm32cube.ide.mcu.externaltools.gnu-tools-for-stm32.12.3.rel1.win32_1.0.200.202406191623/tools/bin/../lib/gcc/arm-none-eabi/12.3.1/../../../../arm-none-eabi/lib/thumb/v7e-m+fp/hard\libc_nano.a
END GROUP
START GROUP
LOAD D:/STM32/STM32CubeIDE_1.16.0/STM32CubeIDE/plugins/com.st.stm32cube.ide.mcu.externaltools.gnu-tools-for-stm32.12.3.rel1.win32_1.0.200.202406191623/tools/bin/../lib/gcc/arm-none-eabi/12.3.1/thumb/v7e-m+fp/hard\libgcc.a
LOAD D:/STM32/STM32CubeIDE_1.16.0/STM32CubeIDE/plugins/com.st.stm32cube.ide.mcu.externaltools.gnu-tools-for-stm32.12.3.rel1.win32_1.0.200.202406191623/tools/bin/../lib/gcc/arm-none-eabi/12.3.1/../../../../arm-none-eabi/lib/thumb/v7e-m+fp/hard\libc_nano.a
LOAD D:/STM32/STM32CubeIDE_1.16.0/STM32CubeIDE/plugins/com.st.stm32cube.ide.mcu.externaltools.gnu-tools-for-stm32.12.3.rel1.win32_1.0.200.202406191623/tools/bin/../lib/gcc/arm-none-eabi/12.3.1/../../../../arm-none-eabi/lib/thumb/v7e-m+fp/hard\libnosys.a
END GROUP
START GROUP
LOAD D:/STM32/STM32CubeIDE_1.16.0/STM32CubeIDE/plugins/com.st.stm32cube.ide.mcu.externaltools.gnu-tools-for-stm32.12.3.rel1.win32_1.0.200.202406191623/tools/bin/../lib/gcc/arm-none-eabi/12.3.1/thumb/v7e-m+fp/hard\libgcc.a
LOAD D:/STM32/STM32CubeIDE_1.16.0/STM32CubeIDE/plugins/com.st.stm32cube.ide.mcu.externaltools.gnu-tools-for-stm32.12.3.rel1.win32_1.0.200.202406191623/tools/bin/../lib/gcc/arm-none-eabi/12.3.1/../../../../arm-none-eabi/lib/thumb/v7e-m+fp/hard\libc_nano.a
LOAD D:/STM32/STM32CubeIDE_1.16.0/STM32CubeIDE/plugins/com.st.stm32cube.ide.mcu.externaltools.gnu-tools-for-stm32.12.3.rel1.win32_1.0.200.202406191623/tools/bin/../lib/gcc/arm-none-eabi/12.3.1/../../../../arm-none-eabi/lib/thumb/v7e-m+fp/hard\libnosys.a
END GROUP
LOAD D:/STM32/STM32CubeIDE_1.16.0/STM32CubeIDE/plugins/com.st.stm32cube.ide.mcu.externaltools.gnu-tools-for-stm32.12.3.rel1.win32_1.0.200.202406191623/tools/bin/../lib/gcc/arm-none-eabi/12.3.1/thumb/v7e-m+fp/hard/crtend.o
LOAD D:/STM32/STM32CubeIDE_1.16.0/STM32CubeIDE/plugins/com.st.stm32cube.ide.mcu.externaltools.gnu-tools-for-stm32.12.3.rel1.win32_1.0.200.202406191623/tools/bin/../lib/gcc/arm-none-eabi/12.3.1/thumb/v7e-m+fp/hard/crtn.o
                0x20018000                        _estack = (ORIGIN (RAM) + LENGTH (RAM))
                0x00000200                        _Min_Heap_Size = 0x200
                0x00000400                        _Min_Stack_Size = 0x400

.isr_vector     0x08000000      0x188
                0x08000000                        . = ALIGN (0x4)
 *(.isr_vector)
 .isr_vector    0x08000000      0x188 ./Core/Startup/startup_stm32l476rgtx.o
                0x08000000                g_pfnVectors
                0x08000188                        . = ALIGN (0x4)

.text           0x08000190     0xb584
                0x08000190                        . = ALIGN (0x4)
 *(.text)
 .text          0x08000190       0x40 D:/STM32/STM32CubeIDE_1.16.0/STM32CubeIDE/plugins/com.st.stm32cube.ide.mcu.externaltools.gnu-tools-for-stm32.12.3.rel1.win32_1.0.200.202406191623/tools/bin/../lib/gcc/arm-none-eabi/12.3.1/thumb/v7e-m+fp/hard/crtbegin.o
 .text          0x080001d0       0xa0 D:/STM32/STM32CubeIDE_1.16.0/STM32CubeIDE/plugins/com.st.stm32cube.ide.mcu.externaltools.gnu-tools-for-stm32.12.3.rel1.win32_1.0.200.202406191623/tools/bin/../lib/gcc/arm-none-eabi/12.3.1/../../../../arm-none-eabi/lib/thumb/v7e-m+fp/hard\libc_nano.a(libc_a-memchr.o)
                0x080001d0                memchr
 .text          0x08000270       0x10 D:/STM32/STM32CubeIDE_1.16.0/STM32CubeIDE/plugins/com.st.stm32cube.ide.mcu.externaltools.gnu-tools-for-stm32.12.3.rel1.win32_1.0.200.202406191623/tools/bin/../lib/gcc/arm-none-eabi/12.3.1/../../../../arm-none-eabi/lib/thumb/v7e-m+fp/hard\libc_nano.a(libc_a-strlen.o)
                0x08000270                strlen
 .text          0x08000280      0x378 D:/STM32/STM32CubeIDE_1.16.0/STM32CubeIDE/plugins/com.st.stm32cube.ide.mcu.externaltools.gnu-tools-for-stm32.12.3.rel1.win32_1.0.200.202406191623/tools/bin/../lib/gcc/arm-none-eabi/12.3.1/thumb/v7e-m+fp/hard\libgcc.a(_arm_addsubdf3.o)
                0x08000280                __aeabi_drsub
                0x08000288                __aeabi_dsub
                0x08000288                __subdf3
                0x0800028c                __aeabi_dadd
                0x0800028c                __adddf3
                0x08000504                __floatunsidf
                0x08000504                __aeabi_ui2d
                0x08000524                __floatsidf
                0x08000524                __aeabi_i2d
                0x08000548                __aeabi_f2d
                0x08000548                __extendsfdf2
                0x0800058c                __floatundidf
                0x0800058c                __aeabi_ul2d
                0x0800059c                __floatdidf
                0x0800059c                __aeabi_l2d
 .text          0x080005f8      0x424 D:/STM32/STM32CubeIDE_1.16.0/STM32CubeIDE/plugins/com.st.stm32cube.ide.mcu.externaltools.gnu-tools-for-stm32.12.3.rel1.win32_1.0.200.202406191623/tools/bin/../lib/gcc/arm-none-eabi/12.3.1/thumb/v7e-m+fp/hard\libgcc.a(_arm_muldivdf3.o)
                0x080005f8                __aeabi_dmul
                0x080005f8                __muldf3
                0x0800084c                __divdf3
                0x0800084c                __aeabi_ddiv
 .text          0x08000a1c      0x110 D:/STM32/STM32CubeIDE_1.16.0/STM32CubeIDE/plugins/com.st.stm32cube.ide.mcu.externaltools.gnu-tools-for-stm32.12.3.rel1.win32_1.0.200.202406191623/tools/bin/../lib/gcc/arm-none-eabi/12.3.1/thumb/v7e-m+fp/hard\libgcc.a(_arm_cmpdf2.o)
                0x08000a1c                __gtdf2
                0x08000a1c                __gedf2
                0x08000a24                __ltdf2
                0x08000a24                __ledf2
                0x08000a2c                __nedf2
                0x08000a2c                __eqdf2
                0x08000a2c                __cmpdf2
                0x08000aa8                __aeabi_cdrcmple
                0x08000ab8                __aeabi_cdcmpeq
                0x08000ab8                __aeabi_cdcmple
                0x08000ac8                __aeabi_dcmpeq
                0x08000adc                __aeabi_dcmplt
                0x08000af0                __aeabi_dcmple
                0x08000b04                __aeabi_dcmpge
                0x08000b18                __aeabi_dcmpgt
 .text          0x08000b2c       0x2c D:/STM32/STM32CubeIDE_1.16.0/STM32CubeIDE/plugins/com.st.stm32cube.ide.mcu.externaltools.gnu-tools-for-stm32.12.3.rel1.win32_1.0.200.202406191623/tools/bin/../lib/gcc/arm-none-eabi/12.3.1/thumb/v7e-m+fp/hard\libgcc.a(_arm_unorddf2.o)
                0x08000b2c                __unorddf2
                0x08000b2c                __aeabi_dcmpun
 .text          0x08000b58       0x50 D:/STM32/STM32CubeIDE_1.16.0/STM32CubeIDE/plugins/com.st.stm32cube.ide.mcu.externaltools.gnu-tools-for-stm32.12.3.rel1.win32_1.0.200.202406191623/tools/bin/../lib/gcc/arm-none-eabi/12.3.1/thumb/v7e-m+fp/hard\libgcc.a(_arm_fixdfsi.o)
                0x08000b58                __aeabi_d2iz
                0x08000b58                __fixdfsi
 .text          0x08000ba8       0xa0 D:/STM32/STM32CubeIDE_1.16.0/STM32CubeIDE/plugins/com.st.stm32cube.ide.mcu.externaltools.gnu-tools-for-stm32.12.3.rel1.win32_1.0.200.202406191623/tools/bin/../lib/gcc/arm-none-eabi/12.3.1/thumb/v7e-m+fp/hard\libgcc.a(_arm_truncdfsf2.o)
                0x08000ba8                __truncdfsf2
                0x08000ba8                __aeabi_d2f
 .text          0x08000c48       0x30 D:/STM32/STM32CubeIDE_1.16.0/STM32CubeIDE/plugins/com.st.stm32cube.ide.mcu.externaltools.gnu-tools-for-stm32.12.3.rel1.win32_1.0.200.202406191623/tools/bin/../lib/gcc/arm-none-eabi/12.3.1/thumb/v7e-m+fp/hard\libgcc.a(_aeabi_uldivmod.o)
                0x08000c48                __aeabi_uldivmod
 .text          0x08000c78      0x2bc D:/STM32/STM32CubeIDE_1.16.0/STM32CubeIDE/plugins/com.st.stm32cube.ide.mcu.externaltools.gnu-tools-for-stm32.12.3.rel1.win32_1.0.200.202406191623/tools/bin/../lib/gcc/arm-none-eabi/12.3.1/thumb/v7e-m+fp/hard\libgcc.a(_udivmoddi4.o)
                0x08000c78                __udivmoddi4
 .text          0x08000f34        0x4 D:/STM32/STM32CubeIDE_1.16.0/STM32CubeIDE/plugins/com.st.stm32cube.ide.mcu.externaltools.gnu-tools-for-stm32.12.3.rel1.win32_1.0.200.202406191623/tools/bin/../lib/gcc/arm-none-eabi/12.3.1/thumb/v7e-m+fp/hard\libgcc.a(_dvmd_tls.o)
                0x08000f34                __aeabi_idiv0
                0x08000f34                __aeabi_ldiv0
 *(.text*)
 .text.DWT_Delay_Init
                0x08000f38       0x60 ./Core/Src/lcd16x2_v2.o
 .text.DWT_Delay_us
                0x08000f98       0x48 ./Core/Src/lcd16x2_v2.o
 .text.lcd16x2_enablePulse
                0x08000fe0       0x3c ./Core/Src/lcd16x2_v2.o
 .text.lcd16x2_rs
                0x0800101c       0x2c ./Core/Src/lcd16x2_v2.o
 .text.lcd16x2_write
                0x08001048      0x1dc ./Core/Src/lcd16x2_v2.o
 .text.lcd16x2_writeCommand
                0x08001224       0x20 ./Core/Src/lcd16x2_v2.o
 .text.lcd16x2_writeData
                0x08001244       0x20 ./Core/Src/lcd16x2_v2.o
 .text.lcd16x2_write4
                0x08001264       0x9c ./Core/Src/lcd16x2_v2.o
 .text.lcd16x2_init_4bits
                0x08001300       0xfc ./Core/Src/lcd16x2_v2.o
                0x08001300                lcd16x2_init_4bits
 .text.lcd16x2_setCursor
                0x080013fc       0x48 ./Core/Src/lcd16x2_v2.o
                0x080013fc                lcd16x2_setCursor
 .text.lcd16x2_1stLine
                0x08001444       0x10 ./Core/Src/lcd16x2_v2.o
                0x08001444                lcd16x2_1stLine
 .text.lcd16x2_2ndLine
                0x08001454       0x10 ./Core/Src/lcd16x2_v2.o
                0x08001454                lcd16x2_2ndLine
 .text.lcd16x2_clear
                0x08001464       0x14 ./Core/Src/lcd16x2_v2.o
                0x08001464                lcd16x2_clear
 .text.lcd16x2_printf
                0x08001478       0x5e ./Core/Src/lcd16x2_v2.o
                0x08001478                lcd16x2_printf
 *fill*         0x080014d6        0x2 
 .text.lcd16x2_priv
                0x080014d8       0x74 ./Core/Src/lcd16x2_v2.o
                0x080014d8                lcd16x2_priv
 *fill*         0x0800154c        0x4 
 .text.main     0x08001550      0x38c ./Core/Src/main.o
                0x08001550                main
 .text.SystemClock_Config
                0x080018dc       0xa2 ./Core/Src/main.o
                0x080018dc                SystemClock_Config
 .text.PeriphCommonClock_Config
                0x0800197e       0x56 ./Core/Src/main.o
                0x0800197e                PeriphCommonClock_Config
 .text.MX_ADC1_Init
                0x080019d4       0xf0 ./Core/Src/main.o
 .text.MX_ADC2_Init
                0x08001ac4       0xc8 ./Core/Src/main.o
 .text.MX_COMP1_Init
                0x08001b8c       0x5c ./Core/Src/main.o
 .text.MX_TIM16_Init
                0x08001be8       0x4c ./Core/Src/main.o
 .text.MX_USART2_UART_Init
                0x08001c34       0x60 ./Core/Src/main.o
 .text.MX_DMA_Init
                0x08001c94       0x3c ./Core/Src/main.o
 .text.MX_GPIO_Init
                0x08001cd0      0x124 ./Core/Src/main.o
 .text.HAL_ADC_ConvCpltCallback
                0x08001df4       0x24 ./Core/Src/main.o
                0x08001df4                HAL_ADC_ConvCpltCallback
 .text.HAL_COMP_TriggerCallback
                0x08001e18       0xe4 ./Core/Src/main.o
                0x08001e18                HAL_COMP_TriggerCallback
 .text.Error_Handler
                0x08001efc        0xc ./Core/Src/main.o
                0x08001efc                Error_Handler
 .text.HAL_MspInit
                0x08001f08       0x48 ./Core/Src/stm32l4xx_hal_msp.o
                0x08001f08                HAL_MspInit
 .text.HAL_ADC_MspInit
                0x08001f50      0x160 ./Core/Src/stm32l4xx_hal_msp.o
                0x08001f50                HAL_ADC_MspInit
 .text.HAL_COMP_MspInit
                0x080020b0       0x78 ./Core/Src/stm32l4xx_hal_msp.o
                0x080020b0                HAL_COMP_MspInit
 .text.HAL_TIM_Base_MspInit
                0x08002128       0x40 ./Core/Src/stm32l4xx_hal_msp.o
                0x08002128                HAL_TIM_Base_MspInit
 .text.HAL_UART_MspInit
                0x08002168       0xb8 ./Core/Src/stm32l4xx_hal_msp.o
                0x08002168                HAL_UART_MspInit
 .text.NMI_Handler
                0x08002220        0x8 ./Core/Src/stm32l4xx_it.o
                0x08002220                NMI_Handler
 .text.HardFault_Handler
                0x08002228        0x8 ./Core/Src/stm32l4xx_it.o
                0x08002228                HardFault_Handler
 .text.MemManage_Handler
                0x08002230        0x8 ./Core/Src/stm32l4xx_it.o
                0x08002230                MemManage_Handler
 .text.BusFault_Handler
                0x08002238        0x8 ./Core/Src/stm32l4xx_it.o
                0x08002238                BusFault_Handler
 .text.UsageFault_Handler
                0x08002240        0x8 ./Core/Src/stm32l4xx_it.o
                0x08002240                UsageFault_Handler
 .text.SVC_Handler
                0x08002248        0xe ./Core/Src/stm32l4xx_it.o
                0x08002248                SVC_Handler
 .text.DebugMon_Handler
                0x08002256        0xe ./Core/Src/stm32l4xx_it.o
                0x08002256                DebugMon_Handler
 .text.PendSV_Handler
                0x08002264        0xe ./Core/Src/stm32l4xx_it.o
                0x08002264                PendSV_Handler
 .text.SysTick_Handler
                0x08002272        0xc ./Core/Src/stm32l4xx_it.o
                0x08002272                SysTick_Handler
 *fill*         0x0800227e        0x2 
 .text.DMA1_Channel1_IRQHandler
                0x08002280       0x14 ./Core/Src/stm32l4xx_it.o
                0x08002280                DMA1_Channel1_IRQHandler
 .text.COMP_IRQHandler
                0x08002294       0x14 ./Core/Src/stm32l4xx_it.o
                0x08002294                COMP_IRQHandler
 .text._getpid  0x080022a8       0x10 ./Core/Src/syscalls.o
                0x080022a8                _getpid
 .text._kill    0x080022b8       0x20 ./Core/Src/syscalls.o
                0x080022b8                _kill
 .text._exit    0x080022d8       0x16 ./Core/Src/syscalls.o
                0x080022d8                _exit
 .text._read    0x080022ee       0x3a ./Core/Src/syscalls.o
                0x080022ee                _read
 .text._write   0x08002328       0x38 ./Core/Src/syscalls.o
                0x08002328                _write
 .text._close   0x08002360       0x18 ./Core/Src/syscalls.o
                0x08002360                _close
 .text._fstat   0x08002378       0x20 ./Core/Src/syscalls.o
                0x08002378                _fstat
 .text._isatty  0x08002398       0x16 ./Core/Src/syscalls.o
                0x08002398                _isatty
 .text._lseek   0x080023ae       0x1a ./Core/Src/syscalls.o
                0x080023ae                _lseek
 .text._sbrk    0x080023c8       0x6c ./Core/Src/sysmem.o
                0x080023c8                _sbrk
 .text.SystemInit
                0x08002434       0x24 ./Core/Src/system_stm32l4xx.o
                0x08002434                SystemInit
 .text.Reset_Handler
                0x08002458       0x50 ./Core/Startup/startup_stm32l476rgtx.o
                0x08002458                Reset_Handler
 .text.Default_Handler
                0x080024a8        0x2 ./Core/Startup/startup_stm32l476rgtx.o
                0x080024a8                RTC_Alarm_IRQHandler
                0x080024a8                EXTI2_IRQHandler
                0x080024a8                TIM8_TRG_COM_IRQHandler
                0x080024a8                TIM8_CC_IRQHandler
                0x080024a8                TIM1_CC_IRQHandler
                0x080024a8                TSC_IRQHandler
                0x080024a8                TAMP_STAMP_IRQHandler
                0x080024a8                EXTI3_IRQHandler
                0x080024a8                LPTIM2_IRQHandler
                0x080024a8                DFSDM1_FLT1_IRQHandler
                0x080024a8                I2C3_ER_IRQHandler
                0x080024a8                DFSDM1_FLT2_IRQHandler
                0x080024a8                EXTI0_IRQHandler
                0x080024a8                I2C2_EV_IRQHandler
                0x080024a8                CAN1_RX0_IRQHandler
                0x080024a8                FPU_IRQHandler
                0x080024a8                TIM1_UP_TIM16_IRQHandler
                0x080024a8                ADC1_2_IRQHandler
                0x080024a8                SPI1_IRQHandler
                0x080024a8                TIM6_DAC_IRQHandler
                0x080024a8                TIM8_UP_IRQHandler
                0x080024a8                DMA2_Channel2_IRQHandler
                0x080024a8                DMA1_Channel4_IRQHandler
                0x080024a8                SAI2_IRQHandler
                0x080024a8                DFSDM1_FLT3_IRQHandler
                0x080024a8                USART3_IRQHandler
                0x080024a8                DMA1_Channel7_IRQHandler
                0x080024a8                CAN1_RX1_IRQHandler
                0x080024a8                LCD_IRQHandler
                0x080024a8                UART5_IRQHandler
                0x080024a8                ADC3_IRQHandler
                0x080024a8                TIM4_IRQHandler
                0x080024a8                DMA2_Channel1_IRQHandler
                0x080024a8                QUADSPI_IRQHandler
                0x080024a8                I2C1_EV_IRQHandler
                0x080024a8                DMA1_Channel6_IRQHandler
                0x080024a8                UART4_IRQHandler
                0x080024a8                DMA2_Channel4_IRQHandler
                0x080024a8                TIM3_IRQHandler
                0x080024a8                RCC_IRQHandler
                0x080024a8                Default_Handler
                0x080024a8                DMA2_Channel7_IRQHandler
                0x080024a8                EXTI15_10_IRQHandler
                0x080024a8                TIM7_IRQHandler
                0x080024a8                SDMMC1_IRQHandler
                0x080024a8                TIM5_IRQHandler
                0x080024a8                I2C3_EV_IRQHandler
                0x080024a8                EXTI9_5_IRQHandler
                0x080024a8                RTC_WKUP_IRQHandler
                0x080024a8                PVD_PVM_IRQHandler
                0x080024a8                SPI2_IRQHandler
                0x080024a8                CAN1_TX_IRQHandler
                0x080024a8                DMA2_Channel5_IRQHandler
                0x080024a8                DMA1_Channel5_IRQHandler
                0x080024a8                EXTI4_IRQHandler
                0x080024a8                RNG_IRQHandler
                0x080024a8                TIM1_TRG_COM_TIM17_IRQHandler
                0x080024a8                DMA1_Channel3_IRQHandler
                0x080024a8                WWDG_IRQHandler
                0x080024a8                LPUART1_IRQHandler
                0x080024a8                DMA2_Channel6_IRQHandler
                0x080024a8                TIM2_IRQHandler
                0x080024a8                EXTI1_IRQHandler
                0x080024a8                USART2_IRQHandler
                0x080024a8                DFSDM1_FLT0_IRQHandler
                0x080024a8                I2C2_ER_IRQHandler
                0x080024a8                DMA1_Channel2_IRQHandler
                0x080024a8                TIM8_BRK_IRQHandler
                0x080024a8                CAN1_SCE_IRQHandler
                0x080024a8                FLASH_IRQHandler
                0x080024a8                USART1_IRQHandler
                0x080024a8                OTG_FS_IRQHandler
                0x080024a8                SPI3_IRQHandler
                0x080024a8                I2C1_ER_IRQHandler
                0x080024a8                FMC_IRQHandler
                0x080024a8                SWPMI1_IRQHandler
                0x080024a8                LPTIM1_IRQHandler
                0x080024a8                SAI1_IRQHandler
                0x080024a8                DMA2_Channel3_IRQHandler
                0x080024a8                TIM1_BRK_TIM15_IRQHandler
 *fill*         0x080024aa        0x2 
 .text.HAL_Init
                0x080024ac       0x40 ./Drivers/STM32L4xx_HAL_Driver/Src/stm32l4xx_hal.o
                0x080024ac                HAL_Init
 .text.HAL_InitTick
                0x080024ec       0x78 ./Drivers/STM32L4xx_HAL_Driver/Src/stm32l4xx_hal.o
                0x080024ec                HAL_InitTick
 .text.HAL_IncTick
                0x08002564       0x28 ./Drivers/STM32L4xx_HAL_Driver/Src/stm32l4xx_hal.o
                0x08002564                HAL_IncTick
 .text.HAL_GetTick
                0x0800258c       0x18 ./Drivers/STM32L4xx_HAL_Driver/Src/stm32l4xx_hal.o
                0x0800258c                HAL_GetTick
 .text.HAL_Delay
                0x080025a4       0x48 ./Drivers/STM32L4xx_HAL_Driver/Src/stm32l4xx_hal.o
                0x080025a4                HAL_Delay
 .text.LL_ADC_SetCommonClock
                0x080025ec       0x26 ./Drivers/STM32L4xx_HAL_Driver/Src/stm32l4xx_hal_adc.o
 .text.LL_ADC_SetCommonPathInternalCh
                0x08002612       0x26 ./Drivers/STM32L4xx_HAL_Driver/Src/stm32l4xx_hal_adc.o
 .text.LL_ADC_GetCommonPathInternalCh
                0x08002638       0x1c ./Drivers/STM32L4xx_HAL_Driver/Src/stm32l4xx_hal_adc.o
 .text.LL_ADC_SetOffset
                0x08002654       0x48 ./Drivers/STM32L4xx_HAL_Driver/Src/stm32l4xx_hal_adc.o
 .text.LL_ADC_GetOffsetChannel
                0x0800269c       0x2c ./Drivers/STM32L4xx_HAL_Driver/Src/stm32l4xx_hal_adc.o
 .text.LL_ADC_SetOffsetState
                0x080026c8       0x36 ./Drivers/STM32L4xx_HAL_Driver/Src/stm32l4xx_hal_adc.o
 .text.LL_ADC_REG_IsTriggerSourceSWStart
                0x080026fe       0x26 ./Drivers/STM32L4xx_HAL_Driver/Src/stm32l4xx_hal_adc.o
 .text.LL_ADC_REG_SetSequencerRanks
                0x08002724       0x58 ./Drivers/STM32L4xx_HAL_Driver/Src/stm32l4xx_hal_adc.o
 .text.LL_ADC_SetChannelSamplingTime
                0x0800277c       0x56 ./Drivers/STM32L4xx_HAL_Driver/Src/stm32l4xx_hal_adc.o
 *fill*         0x080027d2        0x2 
 .text.LL_ADC_SetChannelSingleDiff
                0x080027d4       0x48 ./Drivers/STM32L4xx_HAL_Driver/Src/stm32l4xx_hal_adc.o
 .text.LL_ADC_GetMultimode
                0x0800281c       0x1c ./Drivers/STM32L4xx_HAL_Driver/Src/stm32l4xx_hal_adc.o
 .text.LL_ADC_GetMultiDMATransfer
                0x08002838       0x1c ./Drivers/STM32L4xx_HAL_Driver/Src/stm32l4xx_hal_adc.o
 .text.LL_ADC_DisableDeepPowerDown
                0x08002854       0x24 ./Drivers/STM32L4xx_HAL_Driver/Src/stm32l4xx_hal_adc.o
 .text.LL_ADC_IsDeepPowerDownEnabled
                0x08002878       0x28 ./Drivers/STM32L4xx_HAL_Driver/Src/stm32l4xx_hal_adc.o
 .text.LL_ADC_EnableInternalRegulator
                0x080028a0       0x28 ./Drivers/STM32L4xx_HAL_Driver/Src/stm32l4xx_hal_adc.o
 .text.LL_ADC_IsInternalRegulatorEnabled
                0x080028c8       0x28 ./Drivers/STM32L4xx_HAL_Driver/Src/stm32l4xx_hal_adc.o
 .text.LL_ADC_Enable
                0x080028f0       0x28 ./Drivers/STM32L4xx_HAL_Driver/Src/stm32l4xx_hal_adc.o
 .text.LL_ADC_Disable
                0x08002918       0x28 ./Drivers/STM32L4xx_HAL_Driver/Src/stm32l4xx_hal_adc.o
 .text.LL_ADC_IsEnabled
                0x08002940       0x26 ./Drivers/STM32L4xx_HAL_Driver/Src/stm32l4xx_hal_adc.o
 .text.LL_ADC_IsDisableOngoing
                0x08002966       0x26 ./Drivers/STM32L4xx_HAL_Driver/Src/stm32l4xx_hal_adc.o
 .text.LL_ADC_REG_StartConversion
                0x0800298c       0x28 ./Drivers/STM32L4xx_HAL_Driver/Src/stm32l4xx_hal_adc.o
 .text.LL_ADC_REG_StopConversion
                0x080029b4       0x28 ./Drivers/STM32L4xx_HAL_Driver/Src/stm32l4xx_hal_adc.o
 .text.LL_ADC_REG_IsConversionOngoing
                0x080029dc       0x26 ./Drivers/STM32L4xx_HAL_Driver/Src/stm32l4xx_hal_adc.o
 .text.LL_ADC_INJ_StopConversion
                0x08002a02       0x28 ./Drivers/STM32L4xx_HAL_Driver/Src/stm32l4xx_hal_adc.o
 .text.LL_ADC_INJ_IsConversionOngoing
                0x08002a2a       0x26 ./Drivers/STM32L4xx_HAL_Driver/Src/stm32l4xx_hal_adc.o
 .text.HAL_ADC_Init
                0x08002a50      0x2a0 ./Drivers/STM32L4xx_HAL_Driver/Src/stm32l4xx_hal_adc.o
                0x08002a50                HAL_ADC_Init
 .text.HAL_ADC_Start
                0x08002cf0      0x174 ./Drivers/STM32L4xx_HAL_Driver/Src/stm32l4xx_hal_adc.o
                0x08002cf0                HAL_ADC_Start
 .text.HAL_ADC_PollForConversion
                0x08002e64      0x1b0 ./Drivers/STM32L4xx_HAL_Driver/Src/stm32l4xx_hal_adc.o
                0x08002e64                HAL_ADC_PollForConversion
 .text.HAL_ADC_Start_DMA
                0x08003014      0x178 ./Drivers/STM32L4xx_HAL_Driver/Src/stm32l4xx_hal_adc.o
                0x08003014                HAL_ADC_Start_DMA
 .text.HAL_ADC_Stop_DMA
                0x0800318c       0xc2 ./Drivers/STM32L4xx_HAL_Driver/Src/stm32l4xx_hal_adc.o
                0x0800318c                HAL_ADC_Stop_DMA
 .text.HAL_ADC_GetValue
                0x0800324e       0x1a ./Drivers/STM32L4xx_HAL_Driver/Src/stm32l4xx_hal_adc.o
                0x0800324e                HAL_ADC_GetValue
 .text.HAL_ADC_ConvHalfCpltCallback
                0x08003268       0x14 ./Drivers/STM32L4xx_HAL_Driver/Src/stm32l4xx_hal_adc.o
                0x08003268                HAL_ADC_ConvHalfCpltCallback
 .text.HAL_ADC_ErrorCallback
                0x0800327c       0x14 ./Drivers/STM32L4xx_HAL_Driver/Src/stm32l4xx_hal_adc.o
                0x0800327c                HAL_ADC_ErrorCallback
 .text.HAL_ADC_ConfigChannel
                0x08003290      0x7e4 ./Drivers/STM32L4xx_HAL_Driver/Src/stm32l4xx_hal_adc.o
                0x08003290                HAL_ADC_ConfigChannel
 .text.ADC_ConversionStop
                0x08003a74      0x178 ./Drivers/STM32L4xx_HAL_Driver/Src/stm32l4xx_hal_adc.o
                0x08003a74                ADC_ConversionStop
 .text.ADC_Enable
                0x08003bec      0x10c ./Drivers/STM32L4xx_HAL_Driver/Src/stm32l4xx_hal_adc.o
                0x08003bec                ADC_Enable
 .text.ADC_Disable
                0x08003cf8       0xbe ./Drivers/STM32L4xx_HAL_Driver/Src/stm32l4xx_hal_adc.o
                0x08003cf8                ADC_Disable
 .text.ADC_DMAConvCplt
                0x08003db6       0xd8 ./Drivers/STM32L4xx_HAL_Driver/Src/stm32l4xx_hal_adc.o
                0x08003db6                ADC_DMAConvCplt
 .text.ADC_DMAHalfConvCplt
                0x08003e8e       0x1c ./Drivers/STM32L4xx_HAL_Driver/Src/stm32l4xx_hal_adc.o
                0x08003e8e                ADC_DMAHalfConvCplt
 .text.ADC_DMAError
                0x08003eaa       0x34 ./Drivers/STM32L4xx_HAL_Driver/Src/stm32l4xx_hal_adc.o
                0x08003eaa                ADC_DMAError
 .text.LL_ADC_IsEnabled
                0x08003ede       0x26 ./Drivers/STM32L4xx_HAL_Driver/Src/stm32l4xx_hal_adc_ex.o
 .text.LL_ADC_REG_IsConversionOngoing
                0x08003f04       0x26 ./Drivers/STM32L4xx_HAL_Driver/Src/stm32l4xx_hal_adc_ex.o
 *fill*         0x08003f2a        0x2 
 .text.HAL_ADCEx_MultiModeConfigChannel
                0x08003f2c      0x160 ./Drivers/STM32L4xx_HAL_Driver/Src/stm32l4xx_hal_adc_ex.o
                0x08003f2c                HAL_ADCEx_MultiModeConfigChannel
 .text.LL_EXTI_EnableIT_0_31
                0x0800408c       0x24 ./Drivers/STM32L4xx_HAL_Driver/Src/stm32l4xx_hal_comp.o
 .text.LL_EXTI_DisableIT_0_31
                0x080040b0       0x28 ./Drivers/STM32L4xx_HAL_Driver/Src/stm32l4xx_hal_comp.o
 .text.LL_EXTI_EnableEvent_0_31
                0x080040d8       0x24 ./Drivers/STM32L4xx_HAL_Driver/Src/stm32l4xx_hal_comp.o
 .text.LL_EXTI_DisableEvent_0_31
                0x080040fc       0x28 ./Drivers/STM32L4xx_HAL_Driver/Src/stm32l4xx_hal_comp.o
 .text.LL_EXTI_EnableRisingTrig_0_31
                0x08004124       0x24 ./Drivers/STM32L4xx_HAL_Driver/Src/stm32l4xx_hal_comp.o
 .text.LL_EXTI_DisableRisingTrig_0_31
                0x08004148       0x28 ./Drivers/STM32L4xx_HAL_Driver/Src/stm32l4xx_hal_comp.o
 .text.LL_EXTI_EnableFallingTrig_0_31
                0x08004170       0x24 ./Drivers/STM32L4xx_HAL_Driver/Src/stm32l4xx_hal_comp.o
 .text.LL_EXTI_DisableFallingTrig_0_31
                0x08004194       0x28 ./Drivers/STM32L4xx_HAL_Driver/Src/stm32l4xx_hal_comp.o
 .text.LL_EXTI_IsActiveFlag_0_31
                0x080041bc       0x2c ./Drivers/STM32L4xx_HAL_Driver/Src/stm32l4xx_hal_comp.o
 .text.LL_EXTI_ClearFlag_0_31
                0x080041e8       0x20 ./Drivers/STM32L4xx_HAL_Driver/Src/stm32l4xx_hal_comp.o
 .text.HAL_COMP_Init
                0x08004208      0x1e4 ./Drivers/STM32L4xx_HAL_Driver/Src/stm32l4xx_hal_comp.o
                0x08004208                HAL_COMP_Init
 .text.HAL_COMP_Start
                0x080043ec       0x94 ./Drivers/STM32L4xx_HAL_Driver/Src/stm32l4xx_hal_comp.o
                0x080043ec                HAL_COMP_Start
 .text.HAL_COMP_IRQHandler
                0x08004480       0x5c ./Drivers/STM32L4xx_HAL_Driver/Src/stm32l4xx_hal_comp.o
                0x08004480                HAL_COMP_IRQHandler
 .text.__NVIC_SetPriorityGrouping
                0x080044dc       0x48 ./Drivers/STM32L4xx_HAL_Driver/Src/stm32l4xx_hal_cortex.o
 .text.__NVIC_GetPriorityGrouping
                0x08004524       0x1c ./Drivers/STM32L4xx_HAL_Driver/Src/stm32l4xx_hal_cortex.o
 .text.__NVIC_EnableIRQ
                0x08004540       0x3c ./Drivers/STM32L4xx_HAL_Driver/Src/stm32l4xx_hal_cortex.o
 .text.__NVIC_SetPriority
                0x0800457c       0x54 ./Drivers/STM32L4xx_HAL_Driver/Src/stm32l4xx_hal_cortex.o
 .text.NVIC_EncodePriority
                0x080045d0       0x66 ./Drivers/STM32L4xx_HAL_Driver/Src/stm32l4xx_hal_cortex.o
 *fill*         0x08004636        0x2 
 .text.SysTick_Config
                0x08004638       0x44 ./Drivers/STM32L4xx_HAL_Driver/Src/stm32l4xx_hal_cortex.o
 .text.HAL_NVIC_SetPriorityGrouping
                0x0800467c       0x16 ./Drivers/STM32L4xx_HAL_Driver/Src/stm32l4xx_hal_cortex.o
                0x0800467c                HAL_NVIC_SetPriorityGrouping
 .text.HAL_NVIC_SetPriority
                0x08004692       0x38 ./Drivers/STM32L4xx_HAL_Driver/Src/stm32l4xx_hal_cortex.o
                0x08004692                HAL_NVIC_SetPriority
 .text.HAL_NVIC_EnableIRQ
                0x080046ca       0x1c ./Drivers/STM32L4xx_HAL_Driver/Src/stm32l4xx_hal_cortex.o
                0x080046ca                HAL_NVIC_EnableIRQ
 .text.HAL_SYSTICK_Config
                0x080046e6       0x18 ./Drivers/STM32L4xx_HAL_Driver/Src/stm32l4xx_hal_cortex.o
                0x080046e6                HAL_SYSTICK_Config
 *fill*         0x080046fe        0x2 
 .text.HAL_DMA_Init
                0x08004700      0x170 ./Drivers/STM32L4xx_HAL_Driver/Src/stm32l4xx_hal_dma.o
                0x08004700                HAL_DMA_Init
 .text.HAL_DMA_Start_IT
                0x08004870       0xc0 ./Drivers/STM32L4xx_HAL_Driver/Src/stm32l4xx_hal_dma.o
                0x08004870                HAL_DMA_Start_IT
 .text.HAL_DMA_Abort
                0x08004930       0x7c ./Drivers/STM32L4xx_HAL_Driver/Src/stm32l4xx_hal_dma.o
                0x08004930                HAL_DMA_Abort
 .text.HAL_DMA_IRQHandler
                0x080049ac      0x15e ./Drivers/STM32L4xx_HAL_Driver/Src/stm32l4xx_hal_dma.o
                0x080049ac                HAL_DMA_IRQHandler
 .text.DMA_SetConfig
                0x08004b0a       0x60 ./Drivers/STM32L4xx_HAL_Driver/Src/stm32l4xx_hal_dma.o
 *fill*         0x08004b6a        0x2 
 .text.HAL_GPIO_Init
                0x08004b6c      0x354 ./Drivers/STM32L4xx_HAL_Driver/Src/stm32l4xx_hal_gpio.o
                0x08004b6c                HAL_GPIO_Init
 .text.HAL_GPIO_WritePin
                0x08004ec0       0x30 ./Drivers/STM32L4xx_HAL_Driver/Src/stm32l4xx_hal_gpio.o
                0x08004ec0                HAL_GPIO_WritePin
 .text.HAL_PWREx_GetVoltageRange
                0x08004ef0       0x1c ./Drivers/STM32L4xx_HAL_Driver/Src/stm32l4xx_hal_pwr_ex.o
                0x08004ef0                HAL_PWREx_GetVoltageRange
 .text.HAL_PWREx_ControlVoltageScaling
                0x08004f0c       0xac ./Drivers/STM32L4xx_HAL_Driver/Src/stm32l4xx_hal_pwr_ex.o
                0x08004f0c                HAL_PWREx_ControlVoltageScaling
 .text.HAL_RCC_OscConfig
                0x08004fb8      0x7b8 ./Drivers/STM32L4xx_HAL_Driver/Src/stm32l4xx_hal_rcc.o
                0x08004fb8                HAL_RCC_OscConfig
 .text.HAL_RCC_ClockConfig
                0x08005770      0x200 ./Drivers/STM32L4xx_HAL_Driver/Src/stm32l4xx_hal_rcc.o
                0x08005770                HAL_RCC_ClockConfig
 .text.HAL_RCC_GetSysClockFreq
                0x08005970      0x118 ./Drivers/STM32L4xx_HAL_Driver/Src/stm32l4xx_hal_rcc.o
                0x08005970                HAL_RCC_GetSysClockFreq
 .text.HAL_RCC_GetHCLKFreq
                0x08005a88       0x18 ./Drivers/STM32L4xx_HAL_Driver/Src/stm32l4xx_hal_rcc.o
                0x08005a88                HAL_RCC_GetHCLKFreq
 .text.HAL_RCC_GetPCLK1Freq
                0x08005aa0       0x2c ./Drivers/STM32L4xx_HAL_Driver/Src/stm32l4xx_hal_rcc.o
                0x08005aa0                HAL_RCC_GetPCLK1Freq
 .text.HAL_RCC_GetPCLK2Freq
                0x08005acc       0x2c ./Drivers/STM32L4xx_HAL_Driver/Src/stm32l4xx_hal_rcc.o
                0x08005acc                HAL_RCC_GetPCLK2Freq
 .text.RCC_SetFlashLatencyFromMSIRange
                0x08005af8       0xc0 ./Drivers/STM32L4xx_HAL_Driver/Src/stm32l4xx_hal_rcc.o
 .text.HAL_RCCEx_PeriphCLKConfig
                0x08005bb8      0x5d4 ./Drivers/STM32L4xx_HAL_Driver/Src/stm32l4xx_hal_rcc_ex.o
                0x08005bb8                HAL_RCCEx_PeriphCLKConfig
 .text.RCCEx_PLLSAI1_Config
                0x0800618c      0x1e8 ./Drivers/STM32L4xx_HAL_Driver/Src/stm32l4xx_hal_rcc_ex.o
 .text.RCCEx_PLLSAI2_Config
                0x08006374      0x1bc ./Drivers/STM32L4xx_HAL_Driver/Src/stm32l4xx_hal_rcc_ex.o
 .text.HAL_TIM_Base_Init
                0x08006530       0xae ./Drivers/STM32L4xx_HAL_Driver/Src/stm32l4xx_hal_tim.o
                0x08006530                HAL_TIM_Base_Init
 *fill*         0x080065de        0x2 
 .text.HAL_TIM_Base_Start
                0x080065e0       0xd0 ./Drivers/STM32L4xx_HAL_Driver/Src/stm32l4xx_hal_tim.o
                0x080065e0                HAL_TIM_Base_Start
 .text.TIM_Base_SetConfig
                0x080066b0      0x14c ./Drivers/STM32L4xx_HAL_Driver/Src/stm32l4xx_hal_tim.o
                0x080066b0                TIM_Base_SetConfig
 .text.HAL_UART_Init
                0x080067fc       0x9c ./Drivers/STM32L4xx_HAL_Driver/Src/stm32l4xx_hal_uart.o
                0x080067fc                HAL_UART_Init
 .text.UART_SetConfig
                0x08006898      0x570 ./Drivers/STM32L4xx_HAL_Driver/Src/stm32l4xx_hal_uart.o
                0x08006898                UART_SetConfig
 .text.UART_AdvFeatureConfig
                0x08006e08      0x144 ./Drivers/STM32L4xx_HAL_Driver/Src/stm32l4xx_hal_uart.o
                0x08006e08                UART_AdvFeatureConfig
 .text.UART_CheckIdleState
                0x08006f4c      0x150 ./Drivers/STM32L4xx_HAL_Driver/Src/stm32l4xx_hal_uart.o
                0x08006f4c                UART_CheckIdleState
 .text.UART_WaitOnFlagUntilTimeout
                0x0800709c       0xda ./Drivers/STM32L4xx_HAL_Driver/Src/stm32l4xx_hal_uart.o
                0x0800709c                UART_WaitOnFlagUntilTimeout
 .text.UART_EndRxTransfer
                0x08007176       0xc8 ./Drivers/STM32L4xx_HAL_Driver/Src/stm32l4xx_hal_uart.o
 *fill*         0x0800723e        0x2 
 .text.get_fbin
                0x08007240      0x194 ./FFT_LIBRARY/FFT.o
                0x08007240                get_fbin
 .text.do_FFT   0x080073d4      0x1e4 ./FFT_LIBRARY/FFT.o
                0x080073d4                do_FFT
 .text.start_FFT
                0x080075b8       0x4c ./FFT_LIBRARY/FFT.o
                0x080075b8                start_FFT
 *fill*         0x08007604        0x4 
 .text.get_velocity
                0x08007608       0x70 ./FFT_LIBRARY/FFT.o
                0x08007608                get_velocity
 .text.arm_max_f32
                0x08007678       0xd8 C:\Users\louis\Downloads\final_int-20241226T120753Z-001\final_int\Drivers\CMSIS\DSP_LIBRARY\Lib\GCC\libarm_cortexM4lf_math.a(arm_max_f32.o)
                0x08007678                arm_max_f32
 .text.arm_rfft_32_fast_init_f32
                0x08007750       0x34 C:\Users\louis\Downloads\final_int-20241226T120753Z-001\final_int\Drivers\CMSIS\DSP_LIBRARY\Lib\GCC\libarm_cortexM4lf_math.a(arm_rfft_fast_init_f32.o)
                0x08007750                arm_rfft_32_fast_init_f32
 .text.arm_rfft_64_fast_init_f32
                0x08007784       0x34 C:\Users\louis\Downloads\final_int-20241226T120753Z-001\final_int\Drivers\CMSIS\DSP_LIBRARY\Lib\GCC\libarm_cortexM4lf_math.a(arm_rfft_fast_init_f32.o)
                0x08007784                arm_rfft_64_fast_init_f32
 .text.arm_rfft_256_fast_init_f32
                0x080077b8       0x38 C:\Users\louis\Downloads\final_int-20241226T120753Z-001\final_int\Drivers\CMSIS\DSP_LIBRARY\Lib\GCC\libarm_cortexM4lf_math.a(arm_rfft_fast_init_f32.o)
                0x080077b8                arm_rfft_256_fast_init_f32
 .text.arm_rfft_512_fast_init_f32
                0x080077f0       0x3c C:\Users\louis\Downloads\final_int-20241226T120753Z-001\final_int\Drivers\CMSIS\DSP_LIBRARY\Lib\GCC\libarm_cortexM4lf_math.a(arm_rfft_fast_init_f32.o)
                0x080077f0                arm_rfft_512_fast_init_f32
 .text.arm_rfft_1024_fast_init_f32
                0x0800782c       0x3c C:\Users\louis\Downloads\final_int-20241226T120753Z-001\final_int\Drivers\CMSIS\DSP_LIBRARY\Lib\GCC\libarm_cortexM4lf_math.a(arm_rfft_fast_init_f32.o)
                0x0800782c                arm_rfft_1024_fast_init_f32
 .text.arm_rfft_2048_fast_init_f32
                0x08007868       0x3c C:\Users\louis\Downloads\final_int-20241226T120753Z-001\final_int\Drivers\CMSIS\DSP_LIBRARY\Lib\GCC\libarm_cortexM4lf_math.a(arm_rfft_fast_init_f32.o)
                0x08007868                arm_rfft_2048_fast_init_f32
 .text.arm_rfft_4096_fast_init_f32
                0x080078a4       0x3c C:\Users\louis\Downloads\final_int-20241226T120753Z-001\final_int\Drivers\CMSIS\DSP_LIBRARY\Lib\GCC\libarm_cortexM4lf_math.a(arm_rfft_fast_init_f32.o)
                0x080078a4                arm_rfft_4096_fast_init_f32
 .text.arm_rfft_fast_init_f32
                0x080078e0       0x68 C:\Users\louis\Downloads\final_int-20241226T120753Z-001\final_int\Drivers\CMSIS\DSP_LIBRARY\Lib\GCC\libarm_cortexM4lf_math.a(arm_rfft_fast_init_f32.o)
                0x080078e0                arm_rfft_fast_init_f32
 .text.stage_rfft_f32
                0x08007948       0xb4 C:\Users\louis\Downloads\final_int-20241226T120753Z-001\final_int\Drivers\CMSIS\DSP_LIBRARY\Lib\GCC\libarm_cortexM4lf_math.a(arm_rfft_fast_f32.o)
                0x08007948                stage_rfft_f32
 .text.merge_rfft_f32
                0x080079fc       0xac C:\Users\louis\Downloads\final_int-20241226T120753Z-001\final_int\Drivers\CMSIS\DSP_LIBRARY\Lib\GCC\libarm_cortexM4lf_math.a(arm_rfft_fast_f32.o)
                0x080079fc                merge_rfft_f32
 .text.arm_rfft_fast_f32
                0x08007aa8       0x40 C:\Users\louis\Downloads\final_int-20241226T120753Z-001\final_int\Drivers\CMSIS\DSP_LIBRARY\Lib\GCC\libarm_cortexM4lf_math.a(arm_rfft_fast_f32.o)
                0x08007aa8                arm_rfft_fast_f32
 .text.arm_cfft_radix8by2_f32
                0x08007ae8      0x1a0 C:\Users\louis\Downloads\final_int-20241226T120753Z-001\final_int\Drivers\CMSIS\DSP_LIBRARY\Lib\GCC\libarm_cortexM4lf_math.a(arm_cfft_f32.o)
                0x08007ae8                arm_cfft_radix8by2_f32
 .text.arm_cfft_radix8by4_f32
                0x08007c88      0x4ac C:\Users\louis\Downloads\final_int-20241226T120753Z-001\final_int\Drivers\CMSIS\DSP_LIBRARY\Lib\GCC\libarm_cortexM4lf_math.a(arm_cfft_f32.o)
                0x08007c88                arm_cfft_radix8by4_f32
 .text.arm_cfft_f32
                0x08008134       0xf0 C:\Users\louis\Downloads\final_int-20241226T120753Z-001\final_int\Drivers\CMSIS\DSP_LIBRARY\Lib\GCC\libarm_cortexM4lf_math.a(arm_cfft_f32.o)
                0x08008134                arm_cfft_f32
 .text.arm_bitreversal_32
                0x08008224       0x40 C:\Users\louis\Downloads\final_int-20241226T120753Z-001\final_int\Drivers\CMSIS\DSP_LIBRARY\Lib\GCC\libarm_cortexM4lf_math.a(arm_bitreversal2.o)
                0x08008224                arm_bitreversal_32
 .text.arm_cmplx_mag_f32
                0x08008264      0x248 C:\Users\louis\Downloads\final_int-20241226T120753Z-001\final_int\Drivers\CMSIS\DSP_LIBRARY\Lib\GCC\libarm_cortexM4lf_math.a(arm_cmplx_mag_f32.o)
                0x08008264                arm_cmplx_mag_f32
 .text.arm_radix8_butterfly_f32
                0x080084ac      0x580 C:\Users\louis\Downloads\final_int-20241226T120753Z-001\final_int\Drivers\CMSIS\DSP_LIBRARY\Lib\GCC\libarm_cortexM4lf_math.a(arm_cfft_radix8_f32.o)
                0x080084ac                arm_radix8_butterfly_f32
 .text.__cvt    0x08008a2c       0xca D:/STM32/STM32CubeIDE_1.16.0/STM32CubeIDE/plugins/com.st.stm32cube.ide.mcu.externaltools.gnu-tools-for-stm32.12.3.rel1.win32_1.0.200.202406191623/tools/bin/../lib/gcc/arm-none-eabi/12.3.1/../../../../arm-none-eabi/lib/thumb/v7e-m+fp/hard\libc_nano.a(libc_a-nano-vfprintf_float.o)
                0x08008a2c                __cvt
 .text.__exponent
                0x08008af6       0x74 D:/STM32/STM32CubeIDE_1.16.0/STM32CubeIDE/plugins/com.st.stm32cube.ide.mcu.externaltools.gnu-tools-for-stm32.12.3.rel1.win32_1.0.200.202406191623/tools/bin/../lib/gcc/arm-none-eabi/12.3.1/../../../../arm-none-eabi/lib/thumb/v7e-m+fp/hard\libc_nano.a(libc_a-nano-vfprintf_float.o)
                0x08008af6                __exponent
 *fill*         0x08008b6a        0x2 
 .text._printf_float
                0x08008b6c      0x454 D:/STM32/STM32CubeIDE_1.16.0/STM32CubeIDE/plugins/com.st.stm32cube.ide.mcu.externaltools.gnu-tools-for-stm32.12.3.rel1.win32_1.0.200.202406191623/tools/bin/../lib/gcc/arm-none-eabi/12.3.1/../../../../arm-none-eabi/lib/thumb/v7e-m+fp/hard\libc_nano.a(libc_a-nano-vfprintf_float.o)
                0x08008b6c                _printf_float
 .text._printf_common
                0x08008fc0       0xda D:/STM32/STM32CubeIDE_1.16.0/STM32CubeIDE/plugins/com.st.stm32cube.ide.mcu.externaltools.gnu-tools-for-stm32.12.3.rel1.win32_1.0.200.202406191623/tools/bin/../lib/gcc/arm-none-eabi/12.3.1/../../../../arm-none-eabi/lib/thumb/v7e-m+fp/hard\libc_nano.a(libc_a-nano-vfprintf_i.o)
                0x08008fc0                _printf_common
 *fill*         0x0800909a        0x2 
 .text._printf_i
                0x0800909c      0x240 D:/STM32/STM32CubeIDE_1.16.0/STM32CubeIDE/plugins/com.st.stm32cube.ide.mcu.externaltools.gnu-tools-for-stm32.12.3.rel1.win32_1.0.200.202406191623/tools/bin/../lib/gcc/arm-none-eabi/12.3.1/../../../../arm-none-eabi/lib/thumb/v7e-m+fp/hard\libc_nano.a(libc_a-nano-vfprintf_i.o)
                0x0800909c                _printf_i
 .text.std      0x080092dc       0x6c D:/STM32/STM32CubeIDE_1.16.0/STM32CubeIDE/plugins/com.st.stm32cube.ide.mcu.externaltools.gnu-tools-for-stm32.12.3.rel1.win32_1.0.200.202406191623/tools/bin/../lib/gcc/arm-none-eabi/12.3.1/../../../../arm-none-eabi/lib/thumb/v7e-m+fp/hard\libc_nano.a(libc_a-findfp.o)
 .text.stdio_exit_handler
                0x08009348       0x18 D:/STM32/STM32CubeIDE_1.16.0/STM32CubeIDE/plugins/com.st.stm32cube.ide.mcu.externaltools.gnu-tools-for-stm32.12.3.rel1.win32_1.0.200.202406191623/tools/bin/../lib/gcc/arm-none-eabi/12.3.1/../../../../arm-none-eabi/lib/thumb/v7e-m+fp/hard\libc_nano.a(libc_a-findfp.o)
 .text.cleanup_stdio
                0x08009360       0x40 D:/STM32/STM32CubeIDE_1.16.0/STM32CubeIDE/plugins/com.st.stm32cube.ide.mcu.externaltools.gnu-tools-for-stm32.12.3.rel1.win32_1.0.200.202406191623/tools/bin/../lib/gcc/arm-none-eabi/12.3.1/../../../../arm-none-eabi/lib/thumb/v7e-m+fp/hard\libc_nano.a(libc_a-findfp.o)
 .text.global_stdio_init.part.0
                0x080093a0       0x3c D:/STM32/STM32CubeIDE_1.16.0/STM32CubeIDE/plugins/com.st.stm32cube.ide.mcu.externaltools.gnu-tools-for-stm32.12.3.rel1.win32_1.0.200.202406191623/tools/bin/../lib/gcc/arm-none-eabi/12.3.1/../../../../arm-none-eabi/lib/thumb/v7e-m+fp/hard\libc_nano.a(libc_a-findfp.o)
 .text.__sfp_lock_acquire
                0x080093dc        0xc D:/STM32/STM32CubeIDE_1.16.0/STM32CubeIDE/plugins/com.st.stm32cube.ide.mcu.externaltools.gnu-tools-for-stm32.12.3.rel1.win32_1.0.200.202406191623/tools/bin/../lib/gcc/arm-none-eabi/12.3.1/../../../../arm-none-eabi/lib/thumb/v7e-m+fp/hard\libc_nano.a(libc_a-findfp.o)
                0x080093dc                __sfp_lock_acquire
 .text.__sfp_lock_release
                0x080093e8        0xc D:/STM32/STM32CubeIDE_1.16.0/STM32CubeIDE/plugins/com.st.stm32cube.ide.mcu.externaltools.gnu-tools-for-stm32.12.3.rel1.win32_1.0.200.202406191623/tools/bin/../lib/gcc/arm-none-eabi/12.3.1/../../../../arm-none-eabi/lib/thumb/v7e-m+fp/hard\libc_nano.a(libc_a-findfp.o)
                0x080093e8                __sfp_lock_release
 .text.__sinit  0x080093f4       0x30 D:/STM32/STM32CubeIDE_1.16.0/STM32CubeIDE/plugins/com.st.stm32cube.ide.mcu.externaltools.gnu-tools-for-stm32.12.3.rel1.win32_1.0.200.202406191623/tools/bin/../lib/gcc/arm-none-eabi/12.3.1/../../../../arm-none-eabi/lib/thumb/v7e-m+fp/hard\libc_nano.a(libc_a-findfp.o)
                0x080093f4                __sinit
 .text._fwalk_sglue
                0x08009424       0x3c D:/STM32/STM32CubeIDE_1.16.0/STM32CubeIDE/plugins/com.st.stm32cube.ide.mcu.externaltools.gnu-tools-for-stm32.12.3.rel1.win32_1.0.200.202406191623/tools/bin/../lib/gcc/arm-none-eabi/12.3.1/../../../../arm-none-eabi/lib/thumb/v7e-m+fp/hard\libc_nano.a(libc_a-fwalk.o)
                0x08009424                _fwalk_sglue
 .text.__sread  0x08009460       0x22 D:/STM32/STM32CubeIDE_1.16.0/STM32CubeIDE/plugins/com.st.stm32cube.ide.mcu.externaltools.gnu-tools-for-stm32.12.3.rel1.win32_1.0.200.202406191623/tools/bin/../lib/gcc/arm-none-eabi/12.3.1/../../../../arm-none-eabi/lib/thumb/v7e-m+fp/hard\libc_nano.a(libc_a-stdio.o)
                0x08009460                __sread
 .text.__swrite
                0x08009482       0x38 D:/STM32/STM32CubeIDE_1.16.0/STM32CubeIDE/plugins/com.st.stm32cube.ide.mcu.externaltools.gnu-tools-for-stm32.12.3.rel1.win32_1.0.200.202406191623/tools/bin/../lib/gcc/arm-none-eabi/12.3.1/../../../../arm-none-eabi/lib/thumb/v7e-m+fp/hard\libc_nano.a(libc_a-stdio.o)
                0x08009482                __swrite
 .text.__sseek  0x080094ba       0x24 D:/STM32/STM32CubeIDE_1.16.0/STM32CubeIDE/plugins/com.st.stm32cube.ide.mcu.externaltools.gnu-tools-for-stm32.12.3.rel1.win32_1.0.200.202406191623/tools/bin/../lib/gcc/arm-none-eabi/12.3.1/../../../../arm-none-eabi/lib/thumb/v7e-m+fp/hard\libc_nano.a(libc_a-stdio.o)
                0x080094ba                __sseek
 .text.__sclose
                0x080094de        0x8 D:/STM32/STM32CubeIDE_1.16.0/STM32CubeIDE/plugins/com.st.stm32cube.ide.mcu.externaltools.gnu-tools-for-stm32.12.3.rel1.win32_1.0.200.202406191623/tools/bin/../lib/gcc/arm-none-eabi/12.3.1/../../../../arm-none-eabi/lib/thumb/v7e-m+fp/hard\libc_nano.a(libc_a-stdio.o)
                0x080094de                __sclose
 *fill*         0x080094e6        0x2 
 .text._vsprintf_r
                0x080094e8       0x2c D:/STM32/STM32CubeIDE_1.16.0/STM32CubeIDE/plugins/com.st.stm32cube.ide.mcu.externaltools.gnu-tools-for-stm32.12.3.rel1.win32_1.0.200.202406191623/tools/bin/../lib/gcc/arm-none-eabi/12.3.1/../../../../arm-none-eabi/lib/thumb/v7e-m+fp/hard\libc_nano.a(libc_a-vsprintf.o)
                0x080094e8                _vsprintf_r
                0x080094e8                _vsiprintf_r
 .text.vsprintf
                0x08009514       0x14 D:/STM32/STM32CubeIDE_1.16.0/STM32CubeIDE/plugins/com.st.stm32cube.ide.mcu.externaltools.gnu-tools-for-stm32.12.3.rel1.win32_1.0.200.202406191623/tools/bin/../lib/gcc/arm-none-eabi/12.3.1/../../../../arm-none-eabi/lib/thumb/v7e-m+fp/hard\libc_nano.a(libc_a-vsprintf.o)
                0x08009514                vsiprintf
                0x08009514                vsprintf
 .text.memset   0x08009528       0x10 D:/STM32/STM32CubeIDE_1.16.0/STM32CubeIDE/plugins/com.st.stm32cube.ide.mcu.externaltools.gnu-tools-for-stm32.12.3.rel1.win32_1.0.200.202406191623/tools/bin/../lib/gcc/arm-none-eabi/12.3.1/../../../../arm-none-eabi/lib/thumb/v7e-m+fp/hard\libc_nano.a(libc_a-memset.o)
                0x08009528                memset
 .text._localeconv_r
                0x08009538        0x8 D:/STM32/STM32CubeIDE_1.16.0/STM32CubeIDE/plugins/com.st.stm32cube.ide.mcu.externaltools.gnu-tools-for-stm32.12.3.rel1.win32_1.0.200.202406191623/tools/bin/../lib/gcc/arm-none-eabi/12.3.1/../../../../arm-none-eabi/lib/thumb/v7e-m+fp/hard\libc_nano.a(libc_a-localeconv.o)
                0x08009538                _localeconv_r
 .text._close_r
                0x08009540       0x20 D:/STM32/STM32CubeIDE_1.16.0/STM32CubeIDE/plugins/com.st.stm32cube.ide.mcu.externaltools.gnu-tools-for-stm32.12.3.rel1.win32_1.0.200.202406191623/tools/bin/../lib/gcc/arm-none-eabi/12.3.1/../../../../arm-none-eabi/lib/thumb/v7e-m+fp/hard\libc_nano.a(libc_a-closer.o)
                0x08009540                _close_r
 .text._lseek_r
                0x08009560       0x24 D:/STM32/STM32CubeIDE_1.16.0/STM32CubeIDE/plugins/com.st.stm32cube.ide.mcu.externaltools.gnu-tools-for-stm32.12.3.rel1.win32_1.0.200.202406191623/tools/bin/../lib/gcc/arm-none-eabi/12.3.1/../../../../arm-none-eabi/lib/thumb/v7e-m+fp/hard\libc_nano.a(libc_a-lseekr.o)
                0x08009560                _lseek_r
 .text._read_r  0x08009584       0x24 D:/STM32/STM32CubeIDE_1.16.0/STM32CubeIDE/plugins/com.st.stm32cube.ide.mcu.externaltools.gnu-tools-for-stm32.12.3.rel1.win32_1.0.200.202406191623/tools/bin/../lib/gcc/arm-none-eabi/12.3.1/../../../../arm-none-eabi/lib/thumb/v7e-m+fp/hard\libc_nano.a(libc_a-readr.o)
                0x08009584                _read_r
 .text._write_r
                0x080095a8       0x24 D:/STM32/STM32CubeIDE_1.16.0/STM32CubeIDE/plugins/com.st.stm32cube.ide.mcu.externaltools.gnu-tools-for-stm32.12.3.rel1.win32_1.0.200.202406191623/tools/bin/../lib/gcc/arm-none-eabi/12.3.1/../../../../arm-none-eabi/lib/thumb/v7e-m+fp/hard\libc_nano.a(libc_a-writer.o)
                0x080095a8                _write_r
 .text.__errno  0x080095cc        0xc D:/STM32/STM32CubeIDE_1.16.0/STM32CubeIDE/plugins/com.st.stm32cube.ide.mcu.externaltools.gnu-tools-for-stm32.12.3.rel1.win32_1.0.200.202406191623/tools/bin/../lib/gcc/arm-none-eabi/12.3.1/../../../../arm-none-eabi/lib/thumb/v7e-m+fp/hard\libc_nano.a(libc_a-errno.o)
                0x080095cc                __errno
 .text.__libc_init_array
                0x080095d8       0x48 D:/STM32/STM32CubeIDE_1.16.0/STM32CubeIDE/plugins/com.st.stm32cube.ide.mcu.externaltools.gnu-tools-for-stm32.12.3.rel1.win32_1.0.200.202406191623/tools/bin/../lib/gcc/arm-none-eabi/12.3.1/../../../../arm-none-eabi/lib/thumb/v7e-m+fp/hard\libc_nano.a(libc_a-init.o)
                0x080095d8                __libc_init_array
 .text.__retarget_lock_init_recursive
                0x08009620        0x2 D:/STM32/STM32CubeIDE_1.16.0/STM32CubeIDE/plugins/com.st.stm32cube.ide.mcu.externaltools.gnu-tools-for-stm32.12.3.rel1.win32_1.0.200.202406191623/tools/bin/../lib/gcc/arm-none-eabi/12.3.1/../../../../arm-none-eabi/lib/thumb/v7e-m+fp/hard\libc_nano.a(libc_a-lock.o)
                0x08009620                __retarget_lock_init_recursive
 .text.__retarget_lock_acquire_recursive
                0x08009622        0x2 D:/STM32/STM32CubeIDE_1.16.0/STM32CubeIDE/plugins/com.st.stm32cube.ide.mcu.externaltools.gnu-tools-for-stm32.12.3.rel1.win32_1.0.200.202406191623/tools/bin/../lib/gcc/arm-none-eabi/12.3.1/../../../../arm-none-eabi/lib/thumb/v7e-m+fp/hard\libc_nano.a(libc_a-lock.o)
                0x08009622                __retarget_lock_acquire_recursive
 .text.__retarget_lock_release_recursive
                0x08009624        0x2 D:/STM32/STM32CubeIDE_1.16.0/STM32CubeIDE/plugins/com.st.stm32cube.ide.mcu.externaltools.gnu-tools-for-stm32.12.3.rel1.win32_1.0.200.202406191623/tools/bin/../lib/gcc/arm-none-eabi/12.3.1/../../../../arm-none-eabi/lib/thumb/v7e-m+fp/hard\libc_nano.a(libc_a-lock.o)
                0x08009624                __retarget_lock_release_recursive
 .text.quorem   0x08009626      0x110 D:/STM32/STM32CubeIDE_1.16.0/STM32CubeIDE/plugins/com.st.stm32cube.ide.mcu.externaltools.gnu-tools-for-stm32.12.3.rel1.win32_1.0.200.202406191623/tools/bin/../lib/gcc/arm-none-eabi/12.3.1/../../../../arm-none-eabi/lib/thumb/v7e-m+fp/hard\libc_nano.a(libc_a-dtoa.o)
 *fill*         0x08009736        0x2 
 .text._dtoa_r  0x08009738      0xb88 D:/STM32/STM32CubeIDE_1.16.0/STM32CubeIDE/plugins/com.st.stm32cube.ide.mcu.externaltools.gnu-tools-for-stm32.12.3.rel1.win32_1.0.200.202406191623/tools/bin/../lib/gcc/arm-none-eabi/12.3.1/../../../../arm-none-eabi/lib/thumb/v7e-m+fp/hard\libc_nano.a(libc_a-dtoa.o)
                0x08009738                _dtoa_r
 .text._free_r  0x0800a2c0       0x94 D:/STM32/STM32CubeIDE_1.16.0/STM32CubeIDE/plugins/com.st.stm32cube.ide.mcu.externaltools.gnu-tools-for-stm32.12.3.rel1.win32_1.0.200.202406191623/tools/bin/../lib/gcc/arm-none-eabi/12.3.1/../../../../arm-none-eabi/lib/thumb/v7e-m+fp/hard\libc_nano.a(libc_a-freer.o)
                0x0800a2c0                _free_r
 .text.malloc   0x0800a354       0x10 D:/STM32/STM32CubeIDE_1.16.0/STM32CubeIDE/plugins/com.st.stm32cube.ide.mcu.externaltools.gnu-tools-for-stm32.12.3.rel1.win32_1.0.200.202406191623/tools/bin/../lib/gcc/arm-none-eabi/12.3.1/../../../../arm-none-eabi/lib/thumb/v7e-m+fp/hard\libc_nano.a(libc_a-malloc.o)
                0x0800a354                malloc
 .text.sbrk_aligned
                0x0800a364       0x44 D:/STM32/STM32CubeIDE_1.16.0/STM32CubeIDE/plugins/com.st.stm32cube.ide.mcu.externaltools.gnu-tools-for-stm32.12.3.rel1.win32_1.0.200.202406191623/tools/bin/../lib/gcc/arm-none-eabi/12.3.1/../../../../arm-none-eabi/lib/thumb/v7e-m+fp/hard\libc_nano.a(libc_a-mallocr.o)
 .text._malloc_r
                0x0800a3a8      0x100 D:/STM32/STM32CubeIDE_1.16.0/STM32CubeIDE/plugins/com.st.stm32cube.ide.mcu.externaltools.gnu-tools-for-stm32.12.3.rel1.win32_1.0.200.202406191623/tools/bin/../lib/gcc/arm-none-eabi/12.3.1/../../../../arm-none-eabi/lib/thumb/v7e-m+fp/hard\libc_nano.a(libc_a-mallocr.o)
                0x0800a3a8                _malloc_r
 .text.__malloc_lock
                0x0800a4a8        0xc D:/STM32/STM32CubeIDE_1.16.0/STM32CubeIDE/plugins/com.st.stm32cube.ide.mcu.externaltools.gnu-tools-for-stm32.12.3.rel1.win32_1.0.200.202406191623/tools/bin/../lib/gcc/arm-none-eabi/12.3.1/../../../../arm-none-eabi/lib/thumb/v7e-m+fp/hard\libc_nano.a(libc_a-mlock.o)
                0x0800a4a8                __malloc_lock
 .text.__malloc_unlock
                0x0800a4b4        0xc D:/STM32/STM32CubeIDE_1.16.0/STM32CubeIDE/plugins/com.st.stm32cube.ide.mcu.externaltools.gnu-tools-for-stm32.12.3.rel1.win32_1.0.200.202406191623/tools/bin/../lib/gcc/arm-none-eabi/12.3.1/../../../../arm-none-eabi/lib/thumb/v7e-m+fp/hard\libc_nano.a(libc_a-mlock.o)
                0x0800a4b4                __malloc_unlock
 .text._Balloc  0x0800a4c0       0x80 D:/STM32/STM32CubeIDE_1.16.0/STM32CubeIDE/plugins/com.st.stm32cube.ide.mcu.externaltools.gnu-tools-for-stm32.12.3.rel1.win32_1.0.200.202406191623/tools/bin/../lib/gcc/arm-none-eabi/12.3.1/../../../../arm-none-eabi/lib/thumb/v7e-m+fp/hard\libc_nano.a(libc_a-mprec.o)
                0x0800a4c0                _Balloc
 .text._Bfree   0x0800a540       0x44 D:/STM32/STM32CubeIDE_1.16.0/STM32CubeIDE/plugins/com.st.stm32cube.ide.mcu.externaltools.gnu-tools-for-stm32.12.3.rel1.win32_1.0.200.202406191623/tools/bin/../lib/gcc/arm-none-eabi/12.3.1/../../../../arm-none-eabi/lib/thumb/v7e-m+fp/hard\libc_nano.a(libc_a-mprec.o)
                0x0800a540                _Bfree
 .text.__multadd
                0x0800a584       0x8c D:/STM32/STM32CubeIDE_1.16.0/STM32CubeIDE/plugins/com.st.stm32cube.ide.mcu.externaltools.gnu-tools-for-stm32.12.3.rel1.win32_1.0.200.202406191623/tools/bin/../lib/gcc/arm-none-eabi/12.3.1/../../../../arm-none-eabi/lib/thumb/v7e-m+fp/hard\libc_nano.a(libc_a-mprec.o)
                0x0800a584                __multadd
 .text.__hi0bits
                0x0800a610       0x3e D:/STM32/STM32CubeIDE_1.16.0/STM32CubeIDE/plugins/com.st.stm32cube.ide.mcu.externaltools.gnu-tools-for-stm32.12.3.rel1.win32_1.0.200.202406191623/tools/bin/../lib/gcc/arm-none-eabi/12.3.1/../../../../arm-none-eabi/lib/thumb/v7e-m+fp/hard\libc_nano.a(libc_a-mprec.o)
                0x0800a610                __hi0bits
 .text.__lo0bits
                0x0800a64e       0x5a D:/STM32/STM32CubeIDE_1.16.0/STM32CubeIDE/plugins/com.st.stm32cube.ide.mcu.externaltools.gnu-tools-for-stm32.12.3.rel1.win32_1.0.200.202406191623/tools/bin/../lib/gcc/arm-none-eabi/12.3.1/../../../../arm-none-eabi/lib/thumb/v7e-m+fp/hard\libc_nano.a(libc_a-mprec.o)
                0x0800a64e                __lo0bits
 .text.__i2b    0x0800a6a8       0x2c D:/STM32/STM32CubeIDE_1.16.0/STM32CubeIDE/plugins/com.st.stm32cube.ide.mcu.externaltools.gnu-tools-for-stm32.12.3.rel1.win32_1.0.200.202406191623/tools/bin/../lib/gcc/arm-none-eabi/12.3.1/../../../../arm-none-eabi/lib/thumb/v7e-m+fp/hard\libc_nano.a(libc_a-mprec.o)
                0x0800a6a8                __i2b
 .text.__multiply
                0x0800a6d4      0x154 D:/STM32/STM32CubeIDE_1.16.0/STM32CubeIDE/plugins/com.st.stm32cube.ide.mcu.externaltools.gnu-tools-for-stm32.12.3.rel1.win32_1.0.200.202406191623/tools/bin/../lib/gcc/arm-none-eabi/12.3.1/../../../../arm-none-eabi/lib/thumb/v7e-m+fp/hard\libc_nano.a(libc_a-mprec.o)
                0x0800a6d4                __multiply
 .text.__pow5mult
                0x0800a828       0xb4 D:/STM32/STM32CubeIDE_1.16.0/STM32CubeIDE/plugins/com.st.stm32cube.ide.mcu.externaltools.gnu-tools-for-stm32.12.3.rel1.win32_1.0.200.202406191623/tools/bin/../lib/gcc/arm-none-eabi/12.3.1/../../../../arm-none-eabi/lib/thumb/v7e-m+fp/hard\libc_nano.a(libc_a-mprec.o)
                0x0800a828                __pow5mult
 .text.__lshift
                0x0800a8dc       0xd8 D:/STM32/STM32CubeIDE_1.16.0/STM32CubeIDE/plugins/com.st.stm32cube.ide.mcu.externaltools.gnu-tools-for-stm32.12.3.rel1.win32_1.0.200.202406191623/tools/bin/../lib/gcc/arm-none-eabi/12.3.1/../../../../arm-none-eabi/lib/thumb/v7e-m+fp/hard\libc_nano.a(libc_a-mprec.o)
                0x0800a8dc                __lshift
 .text.__mcmp   0x0800a9b4       0x36 D:/STM32/STM32CubeIDE_1.16.0/STM32CubeIDE/plugins/com.st.stm32cube.ide.mcu.externaltools.gnu-tools-for-stm32.12.3.rel1.win32_1.0.200.202406191623/tools/bin/../lib/gcc/arm-none-eabi/12.3.1/../../../../arm-none-eabi/lib/thumb/v7e-m+fp/hard\libc_nano.a(libc_a-mprec.o)
                0x0800a9b4                __mcmp
 *fill*         0x0800a9ea        0x2 
 .text.__mdiff  0x0800a9ec      0x128 D:/STM32/STM32CubeIDE_1.16.0/STM32CubeIDE/plugins/com.st.stm32cube.ide.mcu.externaltools.gnu-tools-for-stm32.12.3.rel1.win32_1.0.200.202406191623/tools/bin/../lib/gcc/arm-none-eabi/12.3.1/../../../../arm-none-eabi/lib/thumb/v7e-m+fp/hard\libc_nano.a(libc_a-mprec.o)
                0x0800a9ec                __mdiff
 .text.__d2b    0x0800ab14       0xb0 D:/STM32/STM32CubeIDE_1.16.0/STM32CubeIDE/plugins/com.st.stm32cube.ide.mcu.externaltools.gnu-tools-for-stm32.12.3.rel1.win32_1.0.200.202406191623/tools/bin/../lib/gcc/arm-none-eabi/12.3.1/../../../../arm-none-eabi/lib/thumb/v7e-m+fp/hard\libc_nano.a(libc_a-mprec.o)
                0x0800ab14                __d2b
 .text.__ssputs_r
                0x0800abc4       0xb6 D:/STM32/STM32CubeIDE_1.16.0/STM32CubeIDE/plugins/com.st.stm32cube.ide.mcu.externaltools.gnu-tools-for-stm32.12.3.rel1.win32_1.0.200.202406191623/tools/bin/../lib/gcc/arm-none-eabi/12.3.1/../../../../arm-none-eabi/lib/thumb/v7e-m+fp/hard\libc_nano.a(libc_a-nano-svfprintf.o)
                0x0800abc4                __ssputs_r
 *fill*         0x0800ac7a        0x2 
 .text._svfprintf_r
                0x0800ac7c      0x1f8 D:/STM32/STM32CubeIDE_1.16.0/STM32CubeIDE/plugins/com.st.stm32cube.ide.mcu.externaltools.gnu-tools-for-stm32.12.3.rel1.win32_1.0.200.202406191623/tools/bin/../lib/gcc/arm-none-eabi/12.3.1/../../../../arm-none-eabi/lib/thumb/v7e-m+fp/hard\libc_nano.a(libc_a-nano-svfprintf.o)
                0x0800ac7c                _svfiprintf_r
                0x0800ac7c                _svfprintf_r
 .text.__sflush_r
                0x0800ae74      0x108 D:/STM32/STM32CubeIDE_1.16.0/STM32CubeIDE/plugins/com.st.stm32cube.ide.mcu.externaltools.gnu-tools-for-stm32.12.3.rel1.win32_1.0.200.202406191623/tools/bin/../lib/gcc/arm-none-eabi/12.3.1/../../../../arm-none-eabi/lib/thumb/v7e-m+fp/hard\libc_nano.a(libc_a-fflush.o)
                0x0800ae74                __sflush_r
 .text._fflush_r
                0x0800af7c       0x50 D:/STM32/STM32CubeIDE_1.16.0/STM32CubeIDE/plugins/com.st.stm32cube.ide.mcu.externaltools.gnu-tools-for-stm32.12.3.rel1.win32_1.0.200.202406191623/tools/bin/../lib/gcc/arm-none-eabi/12.3.1/../../../../arm-none-eabi/lib/thumb/v7e-m+fp/hard\libc_nano.a(libc_a-fflush.o)
                0x0800af7c                _fflush_r
 .text.memmove  0x0800afcc       0x34 D:/STM32/STM32CubeIDE_1.16.0/STM32CubeIDE/plugins/com.st.stm32cube.ide.mcu.externaltools.gnu-tools-for-stm32.12.3.rel1.win32_1.0.200.202406191623/tools/bin/../lib/gcc/arm-none-eabi/12.3.1/../../../../arm-none-eabi/lib/thumb/v7e-m+fp/hard\libc_nano.a(libc_a-memmove.o)
                0x0800afcc                memmove
 .text._sbrk_r  0x0800b000       0x20 D:/STM32/STM32CubeIDE_1.16.0/STM32CubeIDE/plugins/com.st.stm32cube.ide.mcu.externaltools.gnu-tools-for-stm32.12.3.rel1.win32_1.0.200.202406191623/tools/bin/../lib/gcc/arm-none-eabi/12.3.1/../../../../arm-none-eabi/lib/thumb/v7e-m+fp/hard\libc_nano.a(libc_a-sbrkr.o)
                0x0800b000                _sbrk_r
 .text.memcpy   0x0800b020       0x1c D:/STM32/STM32CubeIDE_1.16.0/STM32CubeIDE/plugins/com.st.stm32cube.ide.mcu.externaltools.gnu-tools-for-stm32.12.3.rel1.win32_1.0.200.202406191623/tools/bin/../lib/gcc/arm-none-eabi/12.3.1/../../../../arm-none-eabi/lib/thumb/v7e-m+fp/hard\libc_nano.a(libc_a-memcpy-stub.o)
                0x0800b020                memcpy
 .text.__assert_func
                0x0800b03c       0x3c D:/STM32/STM32CubeIDE_1.16.0/STM32CubeIDE/plugins/com.st.stm32cube.ide.mcu.externaltools.gnu-tools-for-stm32.12.3.rel1.win32_1.0.200.202406191623/tools/bin/../lib/gcc/arm-none-eabi/12.3.1/../../../../arm-none-eabi/lib/thumb/v7e-m+fp/hard\libc_nano.a(libc_a-assert.o)
                0x0800b03c                __assert_func
 .text._calloc_r
                0x0800b078       0x28 D:/STM32/STM32CubeIDE_1.16.0/STM32CubeIDE/plugins/com.st.stm32cube.ide.mcu.externaltools.gnu-tools-for-stm32.12.3.rel1.win32_1.0.200.202406191623/tools/bin/../lib/gcc/arm-none-eabi/12.3.1/../../../../arm-none-eabi/lib/thumb/v7e-m+fp/hard\libc_nano.a(libc_a-callocr.o)
                0x0800b078                _calloc_r
 .text.__ascii_mbtowc
                0x0800b0a0       0x24 D:/STM32/STM32CubeIDE_1.16.0/STM32CubeIDE/plugins/com.st.stm32cube.ide.mcu.externaltools.gnu-tools-for-stm32.12.3.rel1.win32_1.0.200.202406191623/tools/bin/../lib/gcc/arm-none-eabi/12.3.1/../../../../arm-none-eabi/lib/thumb/v7e-m+fp/hard\libc_nano.a(libc_a-mbtowc_r.o)
                0x0800b0a0                __ascii_mbtowc
 .text._realloc_r
                0x0800b0c4       0x5c D:/STM32/STM32CubeIDE_1.16.0/STM32CubeIDE/plugins/com.st.stm32cube.ide.mcu.externaltools.gnu-tools-for-stm32.12.3.rel1.win32_1.0.200.202406191623/tools/bin/../lib/gcc/arm-none-eabi/12.3.1/../../../../arm-none-eabi/lib/thumb/v7e-m+fp/hard\libc_nano.a(libc_a-reallocr.o)
                0x0800b0c4                _realloc_r
 .text.__ascii_wctomb
                0x0800b120       0x1a D:/STM32/STM32CubeIDE_1.16.0/STM32CubeIDE/plugins/com.st.stm32cube.ide.mcu.externaltools.gnu-tools-for-stm32.12.3.rel1.win32_1.0.200.202406191623/tools/bin/../lib/gcc/arm-none-eabi/12.3.1/../../../../arm-none-eabi/lib/thumb/v7e-m+fp/hard\libc_nano.a(libc_a-wctomb_r.o)
                0x0800b120                __ascii_wctomb
 *fill*         0x0800b13a        0x2 
 .text.fprintf  0x0800b13c       0x24 D:/STM32/STM32CubeIDE_1.16.0/STM32CubeIDE/plugins/com.st.stm32cube.ide.mcu.externaltools.gnu-tools-for-stm32.12.3.rel1.win32_1.0.200.202406191623/tools/bin/../lib/gcc/arm-none-eabi/12.3.1/../../../../arm-none-eabi/lib/thumb/v7e-m+fp/hard\libc_nano.a(libc_a-fprintf.o)
                0x0800b13c                fiprintf
                0x0800b13c                fprintf
 .text.abort    0x0800b160        0xe D:/STM32/STM32CubeIDE_1.16.0/STM32CubeIDE/plugins/com.st.stm32cube.ide.mcu.externaltools.gnu-tools-for-stm32.12.3.rel1.win32_1.0.200.202406191623/tools/bin/../lib/gcc/arm-none-eabi/12.3.1/../../../../arm-none-eabi/lib/thumb/v7e-m+fp/hard\libc_nano.a(libc_a-abort.o)
                0x0800b160                abort
 .text._malloc_usable_size_r
                0x0800b16e       0x10 D:/STM32/STM32CubeIDE_1.16.0/STM32CubeIDE/plugins/com.st.stm32cube.ide.mcu.externaltools.gnu-tools-for-stm32.12.3.rel1.win32_1.0.200.202406191623/tools/bin/../lib/gcc/arm-none-eabi/12.3.1/../../../../arm-none-eabi/lib/thumb/v7e-m+fp/hard\libc_nano.a(libc_a-msizer.o)
                0x0800b16e                _malloc_usable_size_r
 .text.__sfputc_r
                0x0800b17e       0x2e D:/STM32/STM32CubeIDE_1.16.0/STM32CubeIDE/plugins/com.st.stm32cube.ide.mcu.externaltools.gnu-tools-for-stm32.12.3.rel1.win32_1.0.200.202406191623/tools/bin/../lib/gcc/arm-none-eabi/12.3.1/../../../../arm-none-eabi/lib/thumb/v7e-m+fp/hard\libc_nano.a(libc_a-nano-vfprintf.o)
 .text.__sfputs_r
                0x0800b1ac       0x24 D:/STM32/STM32CubeIDE_1.16.0/STM32CubeIDE/plugins/com.st.stm32cube.ide.mcu.externaltools.gnu-tools-for-stm32.12.3.rel1.win32_1.0.200.202406191623/tools/bin/../lib/gcc/arm-none-eabi/12.3.1/../../../../arm-none-eabi/lib/thumb/v7e-m+fp/hard\libc_nano.a(libc_a-nano-vfprintf.o)
                0x0800b1ac                __sfputs_r
 .text._vfprintf_r
                0x0800b1d0      0x230 D:/STM32/STM32CubeIDE_1.16.0/STM32CubeIDE/plugins/com.st.stm32cube.ide.mcu.externaltools.gnu-tools-for-stm32.12.3.rel1.win32_1.0.200.202406191623/tools/bin/../lib/gcc/arm-none-eabi/12.3.1/../../../../arm-none-eabi/lib/thumb/v7e-m+fp/hard\libc_nano.a(libc_a-nano-vfprintf.o)
                0x0800b1d0                _vfprintf_r
                0x0800b1d0                _vfiprintf_r
 .text.__swbuf_r
                0x0800b400       0x7c D:/STM32/STM32CubeIDE_1.16.0/STM32CubeIDE/plugins/com.st.stm32cube.ide.mcu.externaltools.gnu-tools-for-stm32.12.3.rel1.win32_1.0.200.202406191623/tools/bin/../lib/gcc/arm-none-eabi/12.3.1/../../../../arm-none-eabi/lib/thumb/v7e-m+fp/hard\libc_nano.a(libc_a-wbuf.o)
                0x0800b400                __swbuf_r
 .text.__swsetup_r
                0x0800b47c       0xac D:/STM32/STM32CubeIDE_1.16.0/STM32CubeIDE/plugins/com.st.stm32cube.ide.mcu.externaltools.gnu-tools-for-stm32.12.3.rel1.win32_1.0.200.202406191623/tools/bin/../lib/gcc/arm-none-eabi/12.3.1/../../../../arm-none-eabi/lib/thumb/v7e-m+fp/hard\libc_nano.a(libc_a-wsetup.o)
                0x0800b47c                __swsetup_r
 .text._raise_r
                0x0800b528       0x50 D:/STM32/STM32CubeIDE_1.16.0/STM32CubeIDE/plugins/com.st.stm32cube.ide.mcu.externaltools.gnu-tools-for-stm32.12.3.rel1.win32_1.0.200.202406191623/tools/bin/../lib/gcc/arm-none-eabi/12.3.1/../../../../arm-none-eabi/lib/thumb/v7e-m+fp/hard\libc_nano.a(libc_a-signal.o)
                0x0800b528                _raise_r
 .text.raise    0x0800b578       0x10 D:/STM32/STM32CubeIDE_1.16.0/STM32CubeIDE/plugins/com.st.stm32cube.ide.mcu.externaltools.gnu-tools-for-stm32.12.3.rel1.win32_1.0.200.202406191623/tools/bin/../lib/gcc/arm-none-eabi/12.3.1/../../../../arm-none-eabi/lib/thumb/v7e-m+fp/hard\libc_nano.a(libc_a-signal.o)
                0x0800b578                raise
 .text._kill_r  0x0800b588       0x24 D:/STM32/STM32CubeIDE_1.16.0/STM32CubeIDE/plugins/com.st.stm32cube.ide.mcu.externaltools.gnu-tools-for-stm32.12.3.rel1.win32_1.0.200.202406191623/tools/bin/../lib/gcc/arm-none-eabi/12.3.1/../../../../arm-none-eabi/lib/thumb/v7e-m+fp/hard\libc_nano.a(libc_a-signalr.o)
                0x0800b588                _kill_r
 .text._getpid_r
                0x0800b5ac        0x4 D:/STM32/STM32CubeIDE_1.16.0/STM32CubeIDE/plugins/com.st.stm32cube.ide.mcu.externaltools.gnu-tools-for-stm32.12.3.rel1.win32_1.0.200.202406191623/tools/bin/../lib/gcc/arm-none-eabi/12.3.1/../../../../arm-none-eabi/lib/thumb/v7e-m+fp/hard\libc_nano.a(libc_a-signalr.o)
                0x0800b5ac                _getpid_r
 .text.__swhatbuf_r
                0x0800b5b0       0x4c D:/STM32/STM32CubeIDE_1.16.0/STM32CubeIDE/plugins/com.st.stm32cube.ide.mcu.externaltools.gnu-tools-for-stm32.12.3.rel1.win32_1.0.200.202406191623/tools/bin/../lib/gcc/arm-none-eabi/12.3.1/../../../../arm-none-eabi/lib/thumb/v7e-m+fp/hard\libc_nano.a(libc_a-makebuf.o)
                0x0800b5b0                __swhatbuf_r
 .text.__smakebuf_r
                0x0800b5fc       0x78 D:/STM32/STM32CubeIDE_1.16.0/STM32CubeIDE/plugins/com.st.stm32cube.ide.mcu.externaltools.gnu-tools-for-stm32.12.3.rel1.win32_1.0.200.202406191623/tools/bin/../lib/gcc/arm-none-eabi/12.3.1/../../../../arm-none-eabi/lib/thumb/v7e-m+fp/hard\libc_nano.a(libc_a-makebuf.o)
                0x0800b5fc                __smakebuf_r
 .text._fstat_r
                0x0800b674       0x24 D:/STM32/STM32CubeIDE_1.16.0/STM32CubeIDE/plugins/com.st.stm32cube.ide.mcu.externaltools.gnu-tools-for-stm32.12.3.rel1.win32_1.0.200.202406191623/tools/bin/../lib/gcc/arm-none-eabi/12.3.1/../../../../arm-none-eabi/lib/thumb/v7e-m+fp/hard\libc_nano.a(libc_a-fstatr.o)
                0x0800b674                _fstat_r
 .text._isatty_r
                0x0800b698       0x20 D:/STM32/STM32CubeIDE_1.16.0/STM32CubeIDE/plugins/com.st.stm32cube.ide.mcu.externaltools.gnu-tools-for-stm32.12.3.rel1.win32_1.0.200.202406191623/tools/bin/../lib/gcc/arm-none-eabi/12.3.1/../../../../arm-none-eabi/lib/thumb/v7e-m+fp/hard\libc_nano.a(libc_a-isattyr.o)
                0x0800b698                _isatty_r
 .text.sqrtf    0x0800b6b8       0x3c D:/STM32/STM32CubeIDE_1.16.0/STM32CubeIDE/plugins/com.st.stm32cube.ide.mcu.externaltools.gnu-tools-for-stm32.12.3.rel1.win32_1.0.200.202406191623/tools/bin/../lib/gcc/arm-none-eabi/12.3.1/../../../../arm-none-eabi/lib/thumb/v7e-m+fp/hard\libm.a(libm_a-wf_sqrt.o)
                0x0800b6b8                sqrtf
 .text.__ieee754_sqrtf
                0x0800b6f4        0x6 D:/STM32/STM32CubeIDE_1.16.0/STM32CubeIDE/plugins/com.st.stm32cube.ide.mcu.externaltools.gnu-tools-for-stm32.12.3.rel1.win32_1.0.200.202406191623/tools/bin/../lib/gcc/arm-none-eabi/12.3.1/../../../../arm-none-eabi/lib/thumb/v7e-m+fp/hard\libm.a(libm_a-ef_sqrt.o)
                0x0800b6f4                __ieee754_sqrtf
 *(.glue_7)
 .glue_7        0x0800b6fa        0x0 linker stubs
 *(.glue_7t)
 .glue_7t       0x0800b6fa        0x0 linker stubs
 *(.eh_frame)
 *fill*         0x0800b6fa        0x2 
 .eh_frame      0x0800b6fc        0x0 D:/STM32/STM32CubeIDE_1.16.0/STM32CubeIDE/plugins/com.st.stm32cube.ide.mcu.externaltools.gnu-tools-for-stm32.12.3.rel1.win32_1.0.200.202406191623/tools/bin/../lib/gcc/arm-none-eabi/12.3.1/thumb/v7e-m+fp/hard/crtbegin.o
 *(.init)
 .init          0x0800b6fc        0x4 D:/STM32/STM32CubeIDE_1.16.0/STM32CubeIDE/plugins/com.st.stm32cube.ide.mcu.externaltools.gnu-tools-for-stm32.12.3.rel1.win32_1.0.200.202406191623/tools/bin/../lib/gcc/arm-none-eabi/12.3.1/thumb/v7e-m+fp/hard/crti.o
                0x0800b6fc                _init
 .init          0x0800b700        0x8 D:/STM32/STM32CubeIDE_1.16.0/STM32CubeIDE/plugins/com.st.stm32cube.ide.mcu.externaltools.gnu-tools-for-stm32.12.3.rel1.win32_1.0.200.202406191623/tools/bin/../lib/gcc/arm-none-eabi/12.3.1/thumb/v7e-m+fp/hard/crtn.o
 *(.fini)
 .fini          0x0800b708        0x4 D:/STM32/STM32CubeIDE_1.16.0/STM32CubeIDE/plugins/com.st.stm32cube.ide.mcu.externaltools.gnu-tools-for-stm32.12.3.rel1.win32_1.0.200.202406191623/tools/bin/../lib/gcc/arm-none-eabi/12.3.1/thumb/v7e-m+fp/hard/crti.o
                0x0800b708                _fini
 .fini          0x0800b70c        0x8 D:/STM32/STM32CubeIDE_1.16.0/STM32CubeIDE/plugins/com.st.stm32cube.ide.mcu.externaltools.gnu-tools-for-stm32.12.3.rel1.win32_1.0.200.202406191623/tools/bin/../lib/gcc/arm-none-eabi/12.3.1/thumb/v7e-m+fp/hard/crtn.o
                0x0800b714                        . = ALIGN (0x4)
                0x0800b714                        _etext = .

.vfp11_veneer   0x0800b714        0x0
 .vfp11_veneer  0x0800b714        0x0 linker stubs

.v4_bx          0x0800b714        0x0
 .v4_bx         0x0800b714        0x0 linker stubs

.iplt           0x0800b714        0x0
 .iplt          0x0800b714        0x0 D:/STM32/STM32CubeIDE_1.16.0/STM32CubeIDE/plugins/com.st.stm32cube.ide.mcu.externaltools.gnu-tools-for-stm32.12.3.rel1.win32_1.0.200.202406191623/tools/bin/../lib/gcc/arm-none-eabi/12.3.1/thumb/v7e-m+fp/hard/crtbegin.o

.rodata         0x0800b718    0x133e0
                0x0800b718                        . = ALIGN (0x4)
 *(.rodata)
 .rodata        0x0800b718       0x23 ./Core/Src/lcd16x2_v2.o
 *fill*         0x0800b73b        0x1 
 .rodata        0x0800b73c       0x18 ./Core/Src/main.o
 *(.rodata*)
 .rodata.AHBPrescTable
                0x0800b754       0x10 ./Core/Src/system_stm32l4xx.o
                0x0800b754                AHBPrescTable
 .rodata.APBPrescTable
                0x0800b764        0x8 ./Core/Src/system_stm32l4xx.o
                0x0800b764                APBPrescTable
 .rodata.MSIRangeTable
                0x0800b76c       0x30 ./Core/Src/system_stm32l4xx.o
                0x0800b76c                MSIRangeTable
 .rodata.armBitRevIndexTable1024
                0x0800b79c      0xe10 C:\Users\louis\Downloads\final_int-20241226T120753Z-001\final_int\Drivers\CMSIS\DSP_LIBRARY\Lib\GCC\libarm_cortexM4lf_math.a(arm_common_tables.o)
                0x0800b79c                armBitRevIndexTable1024
 .rodata.armBitRevIndexTable128
                0x0800c5ac      0x1a0 C:\Users\louis\Downloads\final_int-20241226T120753Z-001\final_int\Drivers\CMSIS\DSP_LIBRARY\Lib\GCC\libarm_cortexM4lf_math.a(arm_common_tables.o)
                0x0800c5ac                armBitRevIndexTable128
 .rodata.armBitRevIndexTable16
                0x0800c74c       0x28 C:\Users\louis\Downloads\final_int-20241226T120753Z-001\final_int\Drivers\CMSIS\DSP_LIBRARY\Lib\GCC\libarm_cortexM4lf_math.a(arm_common_tables.o)
                0x0800c74c                armBitRevIndexTable16
 .rodata.armBitRevIndexTable2048
                0x0800c774     0x1dc0 C:\Users\louis\Downloads\final_int-20241226T120753Z-001\final_int\Drivers\CMSIS\DSP_LIBRARY\Lib\GCC\libarm_cortexM4lf_math.a(arm_common_tables.o)
                0x0800c774                armBitRevIndexTable2048
 .rodata.armBitRevIndexTable256
                0x0800e534      0x370 C:\Users\louis\Downloads\final_int-20241226T120753Z-001\final_int\Drivers\CMSIS\DSP_LIBRARY\Lib\GCC\libarm_cortexM4lf_math.a(arm_common_tables.o)
                0x0800e534                armBitRevIndexTable256
 .rodata.armBitRevIndexTable32
                0x0800e8a4       0x60 C:\Users\louis\Downloads\final_int-20241226T120753Z-001\final_int\Drivers\CMSIS\DSP_LIBRARY\Lib\GCC\libarm_cortexM4lf_math.a(arm_common_tables.o)
                0x0800e8a4                armBitRevIndexTable32
 .rodata.armBitRevIndexTable512
                0x0800e904      0x380 C:\Users\louis\Downloads\final_int-20241226T120753Z-001\final_int\Drivers\CMSIS\DSP_LIBRARY\Lib\GCC\libarm_cortexM4lf_math.a(arm_common_tables.o)
                0x0800e904                armBitRevIndexTable512
 .rodata.twiddleCoef_1024
                0x0800ec84     0x2000 C:\Users\louis\Downloads\final_int-20241226T120753Z-001\final_int\Drivers\CMSIS\DSP_LIBRARY\Lib\GCC\libarm_cortexM4lf_math.a(arm_common_tables.o)
                0x0800ec84                twiddleCoef_1024
 .rodata.twiddleCoef_128
                0x08010c84      0x400 C:\Users\louis\Downloads\final_int-20241226T120753Z-001\final_int\Drivers\CMSIS\DSP_LIBRARY\Lib\GCC\libarm_cortexM4lf_math.a(arm_common_tables.o)
                0x08010c84                twiddleCoef_128
 .rodata.twiddleCoef_16
                0x08011084       0x80 C:\Users\louis\Downloads\final_int-20241226T120753Z-001\final_int\Drivers\CMSIS\DSP_LIBRARY\Lib\GCC\libarm_cortexM4lf_math.a(arm_common_tables.o)
                0x08011084                twiddleCoef_16
 .rodata.twiddleCoef_2048
                0x08011104     0x4000 C:\Users\louis\Downloads\final_int-20241226T120753Z-001\final_int\Drivers\CMSIS\DSP_LIBRARY\Lib\GCC\libarm_cortexM4lf_math.a(arm_common_tables.o)
                0x08011104                twiddleCoef_2048
 .rodata.twiddleCoef_256
                0x08015104      0x800 C:\Users\louis\Downloads\final_int-20241226T120753Z-001\final_int\Drivers\CMSIS\DSP_LIBRARY\Lib\GCC\libarm_cortexM4lf_math.a(arm_common_tables.o)
                0x08015104                twiddleCoef_256
 .rodata.twiddleCoef_32
                0x08015904      0x100 C:\Users\louis\Downloads\final_int-20241226T120753Z-001\final_int\Drivers\CMSIS\DSP_LIBRARY\Lib\GCC\libarm_cortexM4lf_math.a(arm_common_tables.o)
                0x08015904                twiddleCoef_32
 .rodata.twiddleCoef_512
                0x08015a04     0x1000 C:\Users\louis\Downloads\final_int-20241226T120753Z-001\final_int\Drivers\CMSIS\DSP_LIBRARY\Lib\GCC\libarm_cortexM4lf_math.a(arm_common_tables.o)
                0x08015a04                twiddleCoef_512
 .rodata.twiddleCoef_rfft_1024
                0x08016a04     0x1000 C:\Users\louis\Downloads\final_int-20241226T120753Z-001\final_int\Drivers\CMSIS\DSP_LIBRARY\Lib\GCC\libarm_cortexM4lf_math.a(arm_common_tables.o)
                0x08016a04                twiddleCoef_rfft_1024
 .rodata.twiddleCoef_rfft_2048
                0x08017a04     0x2000 C:\Users\louis\Downloads\final_int-20241226T120753Z-001\final_int\Drivers\CMSIS\DSP_LIBRARY\Lib\GCC\libarm_cortexM4lf_math.a(arm_common_tables.o)
                0x08017a04                twiddleCoef_rfft_2048
 .rodata.twiddleCoef_rfft_256
                0x08019a04      0x400 C:\Users\louis\Downloads\final_int-20241226T120753Z-001\final_int\Drivers\CMSIS\DSP_LIBRARY\Lib\GCC\libarm_cortexM4lf_math.a(arm_common_tables.o)
                0x08019a04                twiddleCoef_rfft_256
 .rodata.twiddleCoef_rfft_32
                0x08019e04       0x80 C:\Users\louis\Downloads\final_int-20241226T120753Z-001\final_int\Drivers\CMSIS\DSP_LIBRARY\Lib\GCC\libarm_cortexM4lf_math.a(arm_common_tables.o)
                0x08019e04                twiddleCoef_rfft_32
 .rodata.twiddleCoef_rfft_4096
                0x08019e84     0x4000 C:\Users\louis\Downloads\final_int-20241226T120753Z-001\final_int\Drivers\CMSIS\DSP_LIBRARY\Lib\GCC\libarm_cortexM4lf_math.a(arm_common_tables.o)
                0x08019e84                twiddleCoef_rfft_4096
 .rodata.twiddleCoef_rfft_512
                0x0801de84      0x800 C:\Users\louis\Downloads\final_int-20241226T120753Z-001\final_int\Drivers\CMSIS\DSP_LIBRARY\Lib\GCC\libarm_cortexM4lf_math.a(arm_common_tables.o)
                0x0801de84                twiddleCoef_rfft_512
 .rodata.twiddleCoef_rfft_64
                0x0801e684      0x100 C:\Users\louis\Downloads\final_int-20241226T120753Z-001\final_int\Drivers\CMSIS\DSP_LIBRARY\Lib\GCC\libarm_cortexM4lf_math.a(arm_common_tables.o)
                0x0801e684                twiddleCoef_rfft_64
 .rodata._printf_float.str1.1
                0x0801e784       0x12 D:/STM32/STM32CubeIDE_1.16.0/STM32CubeIDE/plugins/com.st.stm32cube.ide.mcu.externaltools.gnu-tools-for-stm32.12.3.rel1.win32_1.0.200.202406191623/tools/bin/../lib/gcc/arm-none-eabi/12.3.1/../../../../arm-none-eabi/lib/thumb/v7e-m+fp/hard\libc_nano.a(libc_a-nano-vfprintf_float.o)
 .rodata._printf_i.str1.1
                0x0801e796       0x22 D:/STM32/STM32CubeIDE_1.16.0/STM32CubeIDE/plugins/com.st.stm32cube.ide.mcu.externaltools.gnu-tools-for-stm32.12.3.rel1.win32_1.0.200.202406191623/tools/bin/../lib/gcc/arm-none-eabi/12.3.1/../../../../arm-none-eabi/lib/thumb/v7e-m+fp/hard\libc_nano.a(libc_a-nano-vfprintf_i.o)
 .rodata._dtoa_r.str1.1
                0x0801e7b8       0x8d D:/STM32/STM32CubeIDE_1.16.0/STM32CubeIDE/plugins/com.st.stm32cube.ide.mcu.externaltools.gnu-tools-for-stm32.12.3.rel1.win32_1.0.200.202406191623/tools/bin/../lib/gcc/arm-none-eabi/12.3.1/../../../../arm-none-eabi/lib/thumb/v7e-m+fp/hard\libc_nano.a(libc_a-dtoa.o)
                                 0x8f (size before relaxing)
 .rodata._Balloc.str1.1
                0x0801e845       0x59 D:/STM32/STM32CubeIDE_1.16.0/STM32CubeIDE/plugins/com.st.stm32cube.ide.mcu.externaltools.gnu-tools-for-stm32.12.3.rel1.win32_1.0.200.202406191623/tools/bin/../lib/gcc/arm-none-eabi/12.3.1/../../../../arm-none-eabi/lib/thumb/v7e-m+fp/hard\libc_nano.a(libc_a-mprec.o)
                                 0x70 (size before relaxing)
 .rodata.__multadd.str1.1
                0x0801e89e       0x11 D:/STM32/STM32CubeIDE_1.16.0/STM32CubeIDE/plugins/com.st.stm32cube.ide.mcu.externaltools.gnu-tools-for-stm32.12.3.rel1.win32_1.0.200.202406191623/tools/bin/../lib/gcc/arm-none-eabi/12.3.1/../../../../arm-none-eabi/lib/thumb/v7e-m+fp/hard\libc_nano.a(libc_a-mprec.o)
 *fill*         0x0801e89e        0x2 
 .rodata.p05.0  0x0801e8a0        0xc D:/STM32/STM32CubeIDE_1.16.0/STM32CubeIDE/plugins/com.st.stm32cube.ide.mcu.externaltools.gnu-tools-for-stm32.12.3.rel1.win32_1.0.200.202406191623/tools/bin/../lib/gcc/arm-none-eabi/12.3.1/../../../../arm-none-eabi/lib/thumb/v7e-m+fp/hard\libc_nano.a(libc_a-mprec.o)
 *fill*         0x0801e8ac        0x4 
 .rodata.__mprec_bigtens
                0x0801e8b0       0x28 D:/STM32/STM32CubeIDE_1.16.0/STM32CubeIDE/plugins/com.st.stm32cube.ide.mcu.externaltools.gnu-tools-for-stm32.12.3.rel1.win32_1.0.200.202406191623/tools/bin/../lib/gcc/arm-none-eabi/12.3.1/../../../../arm-none-eabi/lib/thumb/v7e-m+fp/hard\libc_nano.a(libc_a-mprec.o)
                0x0801e8b0                __mprec_bigtens
 .rodata.__mprec_tens
                0x0801e8d8       0xc8 D:/STM32/STM32CubeIDE_1.16.0/STM32CubeIDE/plugins/com.st.stm32cube.ide.mcu.externaltools.gnu-tools-for-stm32.12.3.rel1.win32_1.0.200.202406191623/tools/bin/../lib/gcc/arm-none-eabi/12.3.1/../../../../arm-none-eabi/lib/thumb/v7e-m+fp/hard\libc_nano.a(libc_a-mprec.o)
                0x0801e8d8                __mprec_tens
 .rodata._svfprintf_r.str1.1
                0x0801e9a0       0x11 D:/STM32/STM32CubeIDE_1.16.0/STM32CubeIDE/plugins/com.st.stm32cube.ide.mcu.externaltools.gnu-tools-for-stm32.12.3.rel1.win32_1.0.200.202406191623/tools/bin/../lib/gcc/arm-none-eabi/12.3.1/../../../../arm-none-eabi/lib/thumb/v7e-m+fp/hard\libc_nano.a(libc_a-nano-svfprintf.o)
 .rodata._setlocale_r.str1.1
                0x0801e9b1        0x8 D:/STM32/STM32CubeIDE_1.16.0/STM32CubeIDE/plugins/com.st.stm32cube.ide.mcu.externaltools.gnu-tools-for-stm32.12.3.rel1.win32_1.0.200.202406191623/tools/bin/../lib/gcc/arm-none-eabi/12.3.1/../../../../arm-none-eabi/lib/thumb/v7e-m+fp/hard\libc_nano.a(libc_a-locale.o)
                                  0x9 (size before relaxing)
 .rodata.str1.1
                0x0801e9b9        0x2 D:/STM32/STM32CubeIDE_1.16.0/STM32CubeIDE/plugins/com.st.stm32cube.ide.mcu.externaltools.gnu-tools-for-stm32.12.3.rel1.win32_1.0.200.202406191623/tools/bin/../lib/gcc/arm-none-eabi/12.3.1/../../../../arm-none-eabi/lib/thumb/v7e-m+fp/hard\libc_nano.a(libc_a-locale.o)
 .rodata.__assert_func.str1.1
                0x0801e9bb       0x3c D:/STM32/STM32CubeIDE_1.16.0/STM32CubeIDE/plugins/com.st.stm32cube.ide.mcu.externaltools.gnu-tools-for-stm32.12.3.rel1.win32_1.0.200.202406191623/tools/bin/../lib/gcc/arm-none-eabi/12.3.1/../../../../arm-none-eabi/lib/thumb/v7e-m+fp/hard\libc_nano.a(libc_a-assert.o)
                                 0x3d (size before relaxing)
 .rodata._ctype_
                0x0801e9f7      0x101 D:/STM32/STM32CubeIDE_1.16.0/STM32CubeIDE/plugins/com.st.stm32cube.ide.mcu.externaltools.gnu-tools-for-stm32.12.3.rel1.win32_1.0.200.202406191623/tools/bin/../lib/gcc/arm-none-eabi/12.3.1/../../../../arm-none-eabi/lib/thumb/v7e-m+fp/hard\libc_nano.a(libc_a-ctype_.o)
                0x0801e9f7                _ctype_
 .rodata._vfprintf_r.str1.1
                0x0801eaf8       0x11 D:/STM32/STM32CubeIDE_1.16.0/STM32CubeIDE/plugins/com.st.stm32cube.ide.mcu.externaltools.gnu-tools-for-stm32.12.3.rel1.win32_1.0.200.202406191623/tools/bin/../lib/gcc/arm-none-eabi/12.3.1/../../../../arm-none-eabi/lib/thumb/v7e-m+fp/hard\libc_nano.a(libc_a-nano-vfprintf.o)
                0x0801eb0c                        . = ALIGN (0x4)

.ARM.extab      0x0801eaf8        0x0
                0x0801eaf8                        . = ALIGN (0x4)
 *(.ARM.extab* .gnu.linkonce.armextab.*)
                0x0801eaf8                        . = ALIGN (0x4)

.ARM            0x0801eaf8        0x8
                0x0801eaf8                        . = ALIGN (0x4)
                0x0801eaf8                        __exidx_start = .
 *(.ARM.exidx*)
 .ARM.exidx     0x0801eaf8        0x8 D:/STM32/STM32CubeIDE_1.16.0/STM32CubeIDE/plugins/com.st.stm32cube.ide.mcu.externaltools.gnu-tools-for-stm32.12.3.rel1.win32_1.0.200.202406191623/tools/bin/../lib/gcc/arm-none-eabi/12.3.1/../../../../arm-none-eabi/lib/thumb/v7e-m+fp/hard\libc_nano.a(libc_a-memchr.o)
 .ARM.exidx     0x0801eb00        0x0 D:/STM32/STM32CubeIDE_1.16.0/STM32CubeIDE/plugins/com.st.stm32cube.ide.mcu.externaltools.gnu-tools-for-stm32.12.3.rel1.win32_1.0.200.202406191623/tools/bin/../lib/gcc/arm-none-eabi/12.3.1/../../../../arm-none-eabi/lib/thumb/v7e-m+fp/hard\libc_nano.a(libc_a-strlen.o)
                                  0x8 (size before relaxing)
 .ARM.exidx     0x0801eb00        0x0 D:/STM32/STM32CubeIDE_1.16.0/STM32CubeIDE/plugins/com.st.stm32cube.ide.mcu.externaltools.gnu-tools-for-stm32.12.3.rel1.win32_1.0.200.202406191623/tools/bin/../lib/gcc/arm-none-eabi/12.3.1/thumb/v7e-m+fp/hard\libgcc.a(_udivmoddi4.o)
                                  0x8 (size before relaxing)
                0x0801eb00                        __exidx_end = .
                0x0801eb00                        . = ALIGN (0x4)

.preinit_array  0x0801eb00        0x0
                0x0801eb00                        . = ALIGN (0x4)
                0x0801eb00                        PROVIDE (__preinit_array_start = .)
 *(.preinit_array*)
                0x0801eb00                        PROVIDE (__preinit_array_end = .)
                0x0801eb00                        . = ALIGN (0x4)

.init_array     0x0801eb00        0x4
                0x0801eb00                        . = ALIGN (0x4)
                0x0801eb00                        PROVIDE (__init_array_start = .)
 *(SORT_BY_NAME(.init_array.*))
 *(.init_array*)
 .init_array    0x0801eb00        0x4 D:/STM32/STM32CubeIDE_1.16.0/STM32CubeIDE/plugins/com.st.stm32cube.ide.mcu.externaltools.gnu-tools-for-stm32.12.3.rel1.win32_1.0.200.202406191623/tools/bin/../lib/gcc/arm-none-eabi/12.3.1/thumb/v7e-m+fp/hard/crtbegin.o
                0x0801eb04                        PROVIDE (__init_array_end = .)
                0x0801eb04                        . = ALIGN (0x4)

.fini_array     0x0801eb04        0x4
                0x0801eb04                        . = ALIGN (0x4)
                [!provide]                        PROVIDE (__fini_array_start = .)
 *(SORT_BY_NAME(.fini_array.*))
 *(.fini_array*)
 .fini_array    0x0801eb04        0x4 D:/STM32/STM32CubeIDE_1.16.0/STM32CubeIDE/plugins/com.st.stm32cube.ide.mcu.externaltools.gnu-tools-for-stm32.12.3.rel1.win32_1.0.200.202406191623/tools/bin/../lib/gcc/arm-none-eabi/12.3.1/thumb/v7e-m+fp/hard/crtbegin.o
                [!provide]                        PROVIDE (__fini_array_end = .)
                0x0801eb08                        . = ALIGN (0x4)
                0x0801eb08                        _sidata = LOADADDR (.data)

.rel.dyn        0x0801eb08        0x0
 .rel.iplt      0x0801eb08        0x0 D:/STM32/STM32CubeIDE_1.16.0/STM32CubeIDE/plugins/com.st.stm32cube.ide.mcu.externaltools.gnu-tools-for-stm32.12.3.rel1.win32_1.0.200.202406191623/tools/bin/../lib/gcc/arm-none-eabi/12.3.1/thumb/v7e-m+fp/hard/crtbegin.o

.data           0x20000000      0x1dc load address 0x0801eb08
                0x20000000                        . = ALIGN (0x4)
                0x20000000                        _sdata = .
 *(.data)
 *(.data*)
 .data.is8BitsMode
                0x20000000        0x1 ./Core/Src/lcd16x2_v2.o
 .data.FunctionSet
                0x20000001        0x1 ./Core/Src/lcd16x2_v2.o
 .data.first_capture
                0x20000002        0x1 ./Core/Src/main.o
                0x20000002                first_capture
 *fill*         0x20000003        0x1 
 .data.fw       0x20000004        0x4 ./Core/Src/main.o
                0x20000004                fw
 .data.SystemCoreClock
                0x20000008        0x4 ./Core/Src/system_stm32l4xx.o
                0x20000008                SystemCoreClock
 .data.uwTickPrio
                0x2000000c        0x4 ./Drivers/STM32L4xx_HAL_Driver/Src/stm32l4xx_hal.o
                0x2000000c                uwTickPrio
 .data.uwTickFreq
                0x20000010        0x1 ./Drivers/STM32L4xx_HAL_Driver/Src/stm32l4xx_hal.o
                0x20000010                uwTickFreq
 *fill*         0x20000011        0x3 
 .data.__sglue  0x20000014        0xc D:/STM32/STM32CubeIDE_1.16.0/STM32CubeIDE/plugins/com.st.stm32cube.ide.mcu.externaltools.gnu-tools-for-stm32.12.3.rel1.win32_1.0.200.202406191623/tools/bin/../lib/gcc/arm-none-eabi/12.3.1/../../../../arm-none-eabi/lib/thumb/v7e-m+fp/hard\libc_nano.a(libc_a-findfp.o)
                0x20000014                __sglue
 .data._impure_ptr
                0x20000020        0x4 D:/STM32/STM32CubeIDE_1.16.0/STM32CubeIDE/plugins/com.st.stm32cube.ide.mcu.externaltools.gnu-tools-for-stm32.12.3.rel1.win32_1.0.200.202406191623/tools/bin/../lib/gcc/arm-none-eabi/12.3.1/../../../../arm-none-eabi/lib/thumb/v7e-m+fp/hard\libc_nano.a(libc_a-impure.o)
                0x20000020                _impure_ptr
 .data._impure_data
                0x20000024       0x4c D:/STM32/STM32CubeIDE_1.16.0/STM32CubeIDE/plugins/com.st.stm32cube.ide.mcu.externaltools.gnu-tools-for-stm32.12.3.rel1.win32_1.0.200.202406191623/tools/bin/../lib/gcc/arm-none-eabi/12.3.1/../../../../arm-none-eabi/lib/thumb/v7e-m+fp/hard\libc_nano.a(libc_a-impure.o)