Archive member included to satisfy reference by file (symbol)

C:\Users\Administrator\STM32CubeIDE\workspace_1.16.1\urmumgayfr\Drivers\CMSIS\DSP_LIBRARY\Lib\GCC\libarm_cortexM4lf_math.a(arm_max_f32.o)
                              ./FFT_LIBRARY/FFT.o (arm_max_f32)
C:\Users\Administrator\STM32CubeIDE\workspace_1.16.1\urmumgayfr\Drivers\CMSIS\DSP_LIBRARY\Lib\GCC\libarm_cortexM4lf_math.a(arm_rfft_fast_init_f32.o)
                              ./FFT_LIBRARY/FFT.o (arm_rfft_fast_init_f32)
C:\Users\Administrator\STM32CubeIDE\workspace_1.16.1\urmumgayfr\Drivers\CMSIS\DSP_LIBRARY\Lib\GCC\libarm_cortexM4lf_math.a(arm_rfft_fast_f32.o)
                              ./FFT_LIBRARY/FFT.o (arm_rfft_fast_f32)
C:\Users\Administrator\STM32CubeIDE\workspace_1.16.1\urmumgayfr\Drivers\CMSIS\DSP_LIBRARY\Lib\GCC\libarm_cortexM4lf_math.a(arm_cfft_f32.o)
                              C:\Users\Administrator\STM32CubeIDE\workspace_1.16.1\urmumgayfr\Drivers\CMSIS\DSP_LIBRARY\Lib\GCC\libarm_cortexM4lf_math.a(arm_rfft_fast_f32.o) (arm_cfft_f32)
C:\Users\Administrator\STM32CubeIDE\workspace_1.16.1\urmumgayfr\Drivers\CMSIS\DSP_LIBRARY\Lib\GCC\libarm_cortexM4lf_math.a(arm_bitreversal2.o)
                              C:\Users\Administrator\STM32CubeIDE\workspace_1.16.1\urmumgayfr\Drivers\CMSIS\DSP_LIBRARY\Lib\GCC\libarm_cortexM4lf_math.a(arm_cfft_f32.o) (arm_bitreversal_32)
C:\Users\Administrator\STM32CubeIDE\workspace_1.16.1\urmumgayfr\Drivers\CMSIS\DSP_LIBRARY\Lib\GCC\libarm_cortexM4lf_math.a(arm_cmplx_mag_f32.o)
                              ./FFT_LIBRARY/FFT.o (arm_cmplx_mag_f32)
C:\Users\Administrator\STM32CubeIDE\workspace_1.16.1\urmumgayfr\Drivers\CMSIS\DSP_LIBRARY\Lib\GCC\libarm_cortexM4lf_math.a(arm_common_tables.o)
                              C:\Users\Administrator\STM32CubeIDE\workspace_1.16.1\urmumgayfr\Drivers\CMSIS\DSP_LIBRARY\Lib\GCC\libarm_cortexM4lf_math.a(arm_rfft_fast_init_f32.o) (twiddleCoef_rfft_4096)
C:\Users\Administrator\STM32CubeIDE\workspace_1.16.1\urmumgayfr\Drivers\CMSIS\DSP_LIBRARY\Lib\GCC\libarm_cortexM4lf_math.a(arm_cfft_radix8_f32.o)
                              C:\Users\Administrator\STM32CubeIDE\workspace_1.16.1\urmumgayfr\Drivers\CMSIS\DSP_LIBRARY\Lib\GCC\libarm_cortexM4lf_math.a(arm_cfft_f32.o) (arm_radix8_butterfly_f32)
C:/ST/STM32CubeIDE_1.16.1/STM32CubeIDE/plugins/com.st.stm32cube.ide.mcu.externaltools.gnu-tools-for-stm32.12.3.rel1.win32_1.0.200.202406191623/tools/bin/../lib/gcc/arm-none-eabi/12.3.1/../../../../arm-none-eabi/lib/thumb/v7e-m+fp/hard\libc_nano.a(libc_a-exit.o)
                              C:/ST/STM32CubeIDE_1.16.1/STM32CubeIDE/plugins/com.st.stm32cube.ide.mcu.externaltools.gnu-tools-for-stm32.12.3.rel1.win32_1.0.200.202406191623/tools/bin/../lib/gcc/arm-none-eabi/12.3.1/../../../../arm-none-eabi/lib/thumb/v7e-m+fp/hard/crt0.o (exit)
C:/ST/STM32CubeIDE_1.16.1/STM32CubeIDE/plugins/com.st.stm32cube.ide.mcu.externaltools.gnu-tools-for-stm32.12.3.rel1.win32_1.0.200.202406191623/tools/bin/../lib/gcc/arm-none-eabi/12.3.1/../../../../arm-none-eabi/lib/thumb/v7e-m+fp/hard\libc_nano.a(libc_a-nano-vfprintf_float.o)
                              (_printf_float)
C:/ST/STM32CubeIDE_1.16.1/STM32CubeIDE/plugins/com.st.stm32cube.ide.mcu.externaltools.gnu-tools-for-stm32.12.3.rel1.win32_1.0.200.202406191623/tools/bin/../lib/gcc/arm-none-eabi/12.3.1/../../../../arm-none-eabi/lib/thumb/v7e-m+fp/hard\libc_nano.a(libc_a-nano-vfprintf_i.o)
                              C:/ST/STM32CubeIDE_1.16.1/STM32CubeIDE/plugins/com.st.stm32cube.ide.mcu.externaltools.gnu-tools-for-stm32.12.3.rel1.win32_1.0.200.202406191623/tools/bin/../lib/gcc/arm-none-eabi/12.3.1/../../../../arm-none-eabi/lib/thumb/v7e-m+fp/hard\libc_nano.a(libc_a-nano-vfprintf_float.o) (_printf_common)
C:/ST/STM32CubeIDE_1.16.1/STM32CubeIDE/plugins/com.st.stm32cube.ide.mcu.externaltools.gnu-tools-for-stm32.12.3.rel1.win32_1.0.200.202406191623/tools/bin/../lib/gcc/arm-none-eabi/12.3.1/../../../../arm-none-eabi/lib/thumb/v7e-m+fp/hard\libc_nano.a(libc_a-findfp.o)
                              C:/ST/STM32CubeIDE_1.16.1/STM32CubeIDE/plugins/com.st.stm32cube.ide.mcu.externaltools.gnu-tools-for-stm32.12.3.rel1.win32_1.0.200.202406191623/tools/bin/../lib/gcc/arm-none-eabi/12.3.1/../../../../arm-none-eabi/lib/thumb/v7e-m+fp/hard\libc_nano.a(libc_a-exit.o) (__stdio_exit_handler)
C:/ST/STM32CubeIDE_1.16.1/STM32CubeIDE/plugins/com.st.stm32cube.ide.mcu.externaltools.gnu-tools-for-stm32.12.3.rel1.win32_1.0.200.202406191623/tools/bin/../lib/gcc/arm-none-eabi/12.3.1/../../../../arm-none-eabi/lib/thumb/v7e-m+fp/hard\libc_nano.a(libc_a-fwalk.o)
                              C:/ST/STM32CubeIDE_1.16.1/STM32CubeIDE/plugins/com.st.stm32cube.ide.mcu.externaltools.gnu-tools-for-stm32.12.3.rel1.win32_1.0.200.202406191623/tools/bin/../lib/gcc/arm-none-eabi/12.3.1/../../../../arm-none-eabi/lib/thumb/v7e-m+fp/hard\libc_nano.a(libc_a-findfp.o) (_fwalk_sglue)
[...]
Memory Configuration

Name             Origin             Length             Attributes
RAM              0x20000000         0x00018000         xrw
RAM2             0x10000000         0x00008000         xrw
FLASH            0x08000000         0x00100000         xr
*default*        0x00000000         0xffffffff

Linker script and memory map

LOAD C:/ST/STM32CubeIDE_1.16.1/STM32CubeIDE/plugins/com.st.stm32cube.ide.mcu.externaltools.gnu-tools-for-stm32.12.3.rel1.win32_1.0.200.202406191623/tools/bin/../lib/gcc/arm-none-eabi/12.3.1/thumb/v7e-m+fp/hard/crti.o
LOAD C:/ST/STM32CubeIDE_1.16.1/STM32CubeIDE/plugins/com.st.stm32cube.ide.mcu.externaltools.gnu-tools-for-stm32.12.3.rel1.win32_1.0.200.202406191623/tools/bin/../lib/gcc/arm-none-eabi/12.3.1/thumb/v7e-m+fp/hard/crtbegin.o
LOAD C:/ST/STM32CubeIDE_1.16.1/STM32CubeIDE/plugins/com.st.stm32cube.ide.mcu.externaltools.gnu-tools-for-stm32.12.3.rel1.win32_1.0.200.202406191623/tools/bin/../lib/gcc/arm-none-eabi/12.3.1/../../../../arm-none-eabi/lib/thumb/v7e-m+fp/hard/crt0.o
LOAD ./Core/Src/lcd16x2_v2.o
LOAD ./Core/Src/main.o
LOAD ./Core/Src/stm32l4xx_hal_msp.o
LOAD ./Core/Src/stm32l4xx_it.o
LOAD ./Core/Src/syscalls.o
LOAD ./Core/Src/sysmem.o
LOAD ./Core/Src/system_stm32l4xx.o
LOAD ./Core/Startup/startup_stm32l476rgtx.o
LOAD ./Drivers/STM32L4xx_HAL_Driver/Src/stm32l4xx_hal.o
LOAD ./Drivers/STM32L4xx_HAL_Driver/Src/stm32l4xx_hal_adc.o
LOAD ./Drivers/STM32L4xx_HAL_Driver/Src/stm32l4xx_hal_adc_ex.o
LOAD ./Drivers/STM32L4xx_HAL_Driver/Src/stm32l4xx_hal_cortex.o
LOAD ./Drivers/STM32L4xx_HAL_Driver/Src/stm32l4xx_hal_dma.o
LOAD ./Drivers/STM32L4xx_HAL_Driver/Src/stm32l4xx_hal_dma_ex.o
LOAD ./Drivers/STM32L4xx_HAL_Driver/Src/stm32l4xx_hal_exti.o
LOAD ./Drivers/STM32L4xx_HAL_Driver/Src/stm32l4xx_hal_flash.o
LOAD ./Drivers/STM32L4xx_HAL_Driver/Src/stm32l4xx_hal_flash_ex.o
LOAD ./Drivers/STM32L4xx_HAL_Driver/Src/stm32l4xx_hal_flash_ramfunc.o
LOAD ./Drivers/STM32L4xx_HAL_Driver/Src/stm32l4xx_hal_gpio.o
LOAD ./Drivers/STM32L4xx_HAL_Driver/Src/stm32l4xx_hal_i2c.o
LOAD ./Drivers/STM32L4xx_HAL_Driver/Src/stm32l4xx_hal_i2c_ex.o
LOAD ./Drivers/STM32L4xx_HAL_Driver/Src/stm32l4xx_hal_pwr.o
LOAD ./Drivers/STM32L4xx_HAL_Driver/Src/stm32l4xx_hal_pwr_ex.o
LOAD ./Drivers/STM32L4xx_HAL_Driver/Src/stm32l4xx_hal_rcc.o
LOAD ./Drivers/STM32L4xx_HAL_Driver/Src/stm32l4xx_hal_rcc_ex.o
LOAD ./Drivers/STM32L4xx_HAL_Driver/Src/stm32l4xx_hal_tim.o
LOAD ./Drivers/STM32L4xx_HAL_Driver/Src/stm32l4xx_hal_tim_ex.o
LOAD ./Drivers/STM32L4xx_HAL_Driver/Src/stm32l4xx_hal_uart.o
LOAD ./Drivers/STM32L4xx_HAL_Driver/Src/stm32l4xx_hal_uart_ex.o
LOAD ./FFT_LIBRARY/FFT.o
LOAD C:/Users/Administrator/STM32CubeIDE/workspace_1.16.1/urmumgayfr/FFT_LIBRARY/libFFT.a
LOAD C:\Users\Administrator\STM32CubeIDE\workspace_1.16.1\urmumgayfr\Drivers\CMSIS\DSP_LIBRARY\Lib\GCC\libarm_cortexM4lf_math.a
START GROUP
LOAD C:/ST/STM32CubeIDE_1.16.1/STM32CubeIDE/plugins/com.st.stm32cube.ide.mcu.externaltools.gnu-tools-for-stm32.12.3.rel1.win32_1.0.200.202406191623/tools/bin/../lib/gcc/arm-none-eabi/12.3.1/../../../../arm-none-eabi/lib/thumb/v7e-m+fp/hard\libc_nano.a
LOAD C:/ST/STM32CubeIDE_1.16.1/STM32CubeIDE/plugins/com.st.stm32cube.ide.mcu.externaltools.gnu-tools-for-stm32.12.3.rel1.win32_1.0.200.202406191623/tools/bin/../lib/gcc/arm-none-eabi/12.3.1/../../../../arm-none-eabi/lib/thumb/v7e-m+fp/hard\libm.a
END GROUP
START GROUP
LOAD C:/ST/STM32CubeIDE_1.16.1/STM32CubeIDE/plugins/com.st.stm32cube.ide.mcu.externaltools.gnu-tools-for-stm32.12.3.rel1.win32_1.0.200.202406191623/tools/bin/../lib/gcc/arm-none-eabi/12.3.1/thumb/v7e-m+fp/hard\libgcc.a
LOAD C:/ST/STM32CubeIDE_1.16.1/STM32CubeIDE/plugins/com.st.stm32cube.ide.mcu.externaltools.gnu-tools-for-stm32.12.3.rel1.win32_1.0.200.202406191623/tools/bin/../lib/gcc/arm-none-eabi/12.3.1/../../../../arm-none-eabi/lib/thumb/v7e-m+fp/hard\libc_nano.a
END GROUP
START GROUP
LOAD C:/ST/STM32CubeIDE_1.16.1/STM32CubeIDE/plugins/com.st.stm32cube.ide.mcu.externaltools.gnu-tools-for-stm32.12.3.rel1.win32_1.0.200.202406191623/tools/bin/../lib/gcc/arm-none-eabi/12.3.1/thumb/v7e-m+fp/hard\libgcc.a
LOAD C:/ST/STM32CubeIDE_1.16.1/STM32CubeIDE/plugins/com.st.stm32cube.ide.mcu.externaltools.gnu-tools-for-stm32.12.3.rel1.win32_1.0.200.202406191623/tools/bin/../lib/gcc/arm-none-eabi/12.3.1/../../../../arm-none-eabi/lib/thumb/v7e-m+fp/hard\libc_nano.a
LOAD C:/ST/STM32CubeIDE_1.16.1/STM32CubeIDE/plugins/com.st.stm32cube.ide.mcu.externaltools.gnu-tools-for-stm32.12.3.rel1.win32_1.0.200.202406191623/tools/bin/../lib/gcc/arm-none-eabi/12.3.1/../../../../arm-none-eabi/lib/thumb/v7e-m+fp/hard\libnosys.a
END GROUP
START GROUP
LOAD C:/ST/STM32CubeIDE_1.16.1/STM32CubeIDE/plugins/com.st.stm32cube.ide.mcu.externaltools.gnu-tools-for-stm32.12.3.rel1.win32_1.0.200.202406191623/tools/bin/../lib/gcc/arm-none-eabi/12.3.1/thumb/v7e-m+fp/hard\libgcc.a
LOAD C:/ST/STM32CubeIDE_1.16.1/STM32CubeIDE/plugins/com.st.stm32cube.ide.mcu.externaltools.gnu-tools-for-stm32.12.3.rel1.win32_1.0.200.202406191623/tools/bin/../lib/gcc/arm-none-eabi/12.3.1/../../../../arm-none-eabi/lib/thumb/v7e-m+fp/hard\libc_nano.a
LOAD C:/ST/STM32CubeIDE_1.16.1/STM32CubeIDE/plugins/com.st.stm32cube.ide.mcu.externaltools.gnu-tools-for-stm32.12.3.rel1.win32_1.0.200.202406191623/tools/bin/../lib/gcc/arm-none-eabi/12.3.1/../../../../arm-none-eabi/lib/thumb/v7e-m+fp/hard\libnosys.a
END GROUP
LOAD C:/ST/STM32CubeIDE_1.16.1/STM32CubeIDE/plugins/com.st.stm32cube.ide.mcu.externaltools.gnu-tools-for-stm32.12.3.rel1.win32_1.0.200.202406191623/tools/bin/../lib/gcc/arm-none-eabi/12.3.1/thumb/v7e-m+fp/hard/crtend.o
LOAD C:/ST/STM32CubeIDE_1.16.1/STM32CubeIDE/plugins/com.st.stm32cube.ide.mcu.externaltools.gnu-tools-for-stm32.12.3.rel1.win32_1.0.200.202406191623/tools/bin/../lib/gcc/arm-none-eabi/12.3.1/thumb/v7e-m+fp/hard/crtn.o
                0x20018000                        _estack = (ORIGIN (RAM) + LENGTH (RAM))
                0x00000200                        _Min_Heap_Size = 0x200
                0x00000400                        _Min_Stack_Size = 0x400

.isr_vector     0x08000000      0x188
                0x08000000                        . = ALIGN (0x4)
 *(.isr_vector)
 .isr_vector    0x08000000      0x188 ./Core/Startup/startup_stm32l476rgtx.o
                0x08000000                g_pfnVectors
                0x08000188                        . = ALIGN (0x4)

.text           0x08000190     0xab44
                0x08000190                        . = ALIGN (0x4)
 *(.text)
 .text          0x08000190       0x40 C:/ST/STM32CubeIDE_1.16.1/STM32CubeIDE/plugins/com.st.stm32cube.ide.mcu.externaltools.gnu-tools-for-stm32.12.3.rel1.win32_1.0.200.202406191623/tools/bin/../lib/gcc/arm-none-eabi/12.3.1/thumb/v7e-m+fp/hard/crtbegin.o
 .text          0x080001d0       0xa0 C:/ST/STM32CubeIDE_1.16.1/STM32CubeIDE/plugins/com.st.stm32cube.ide.mcu.externaltools.gnu-tools-for-stm32.12.3.rel1.win32_1.0.200.202406191623/tools/bin/../lib/gcc/arm-none-eabi/12.3.1/../../../../arm-none-eabi/lib/thumb/v7e-m+fp/hard\libc_nano.a(libc_a-memchr.o)
                0x080001d0                memchr
 .text          0x08000270       0x10 C:/ST/STM32CubeIDE_1.16.1/STM32CubeIDE/plugins/com.st.stm32cube.ide.mcu.externaltools.gnu-tools-for-stm32.12.3.rel1.win32_1.0.200.202406191623/tools/bin/../lib/gcc/arm-none-eabi/12.3.1/../../../../arm-none-eabi/lib/thumb/v7e-m+fp/hard\libc_nano.a(libc_a-strlen.o)
                0x08000270                strlen
 .text          0x08000280      0x378 C:/ST/STM32CubeIDE_1.16.1/STM32CubeIDE/plugins/com.st.stm32cube.ide.mcu.externaltools.gnu-tools-for-stm32.12.3.rel1.win32_1.0.200.202406191623/tools/bin/../lib/gcc/arm-none-eabi/12.3.1/thumb/v7e-m+fp/hard\libgcc.a(_arm_addsubdf3.o)
                0x08000280                __aeabi_drsub
                0x08000288                __aeabi_dsub
                0x08000288                __subdf3
                0x0800028c                __aeabi_dadd
                0x0800028c                __adddf3
                0x08000504                __floatunsidf
                0x08000504                __aeabi_ui2d
                0x08000524                __floatsidf
                0x08000524                __aeabi_i2d
                0x08000548                __aeabi_f2d
                0x08000548                __extendsfdf2
                0x0800058c                __floatundidf
                0x0800058c                __aeabi_ul2d
                0x0800059c                __floatdidf
                0x0800059c                __aeabi_l2d
 .text          0x080005f8      0x424 C:/ST/STM32CubeIDE_1.16.1/STM32CubeIDE/plugins/com.st.stm32cube.ide.mcu.externaltools.gnu-tools-for-stm32.12.3.rel1.win32_1.0.200.202406191623/tools/bin/../lib/gcc/arm-none-eabi/12.3.1/thumb/v7e-m+fp/hard\libgcc.a(_arm_muldivdf3.o)
                0x080005f8                __aeabi_dmul
                0x080005f8                __muldf3
                0x0800084c                __divdf3
                0x0800084c                __aeabi_ddiv
 .text          0x08000a1c      0x110 C:/ST/STM32CubeIDE_1.16.1/STM32CubeIDE/plugins/com.st.stm32cube.ide.mcu.externaltools.gnu-tools-for-stm32.12.3.rel1.win32_1.0.200.202406191623/tools/bin/../lib/gcc/arm-none-eabi/12.3.1/thumb/v7e-m+fp/hard\libgcc.a(_arm_cmpdf2.o)
                0x08000a1c                __gtdf2
                0x08000a1c                __gedf2
                0x08000a24                __ltdf2
                0x08000a24                __ledf2
                0x08000a2c                __nedf2
                0x08000a2c                __eqdf2
                0x08000a2c                __cmpdf2
                0x08000aa8                __aeabi_cdrcmple
                0x08000ab8                __aeabi_cdcmpeq
                0x08000ab8                __aeabi_cdcmple
                0x08000ac8                __aeabi_dcmpeq
                0x08000adc                __aeabi_dcmplt
                0x08000af0                __aeabi_dcmple
                0x08000b04                __aeabi_dcmpge
                0x08000b18                __aeabi_dcmpgt
 .text          0x08000b2c       0x2c C:/ST/STM32CubeIDE_1.16.1/STM32CubeIDE/plugins/com.st.stm32cube.ide.mcu.externaltools.gnu-tools-for-stm32.12.3.rel1.win32_1.0.200.202406191623/tools/bin/../lib/gcc/arm-none-eabi/12.3.1/thumb/v7e-m+fp/hard\libgcc.a(_arm_unorddf2.o)
                0x08000b2c                __unorddf2
                0x08000b2c                __aeabi_dcmpun
 .text          0x08000b58       0x50 C:/ST/STM32CubeIDE_1.16.1/STM32CubeIDE/plugins/com.st.stm32cube.ide.mcu.externaltools.gnu-tools-for-stm32.12.3.rel1.win32_1.0.200.202406191623/tools/bin/../lib/gcc/arm-none-eabi/12.3.1/thumb/v7e-m+fp/hard\libgcc.a(_arm_fixdfsi.o)
                0x08000b58                __aeabi_d2iz
                0x08000b58                __fixdfsi
 .text          0x08000ba8       0xa0 C:/ST/STM32CubeIDE_1.16.1/STM32CubeIDE/plugins/com.st.stm32cube.ide.mcu.externaltools.gnu-tools-for-stm32.12.3.rel1.win32_1.0.200.202406191623/tools/bin/../lib/gcc/arm-none-eabi/12.3.1/thumb/v7e-m+fp/hard\libgcc.a(_arm_truncdfsf2.o)
                0x08000ba8                __truncdfsf2
                0x08000ba8                __aeabi_d2f
 .text          0x08000c48       0x30 C:/ST/STM32CubeIDE_1.16.1/STM32CubeIDE/plugins/com.st.stm32cube.ide.mcu.externaltools.gnu-tools-for-stm32.12.3.rel1.win32_1.0.200.202406191623/tools/bin/../lib/gcc/arm-none-eabi/12.3.1/thumb/v7e-m+fp/hard\libgcc.a(_aeabi_uldivmod.o)
                0x08000c48                __aeabi_uldivmod
 .text          0x08000c78      0x2bc C:/ST/STM32CubeIDE_1.16.1/STM32CubeIDE/plugins/com.st.stm32cube.ide.mcu.externaltools.gnu-tools-for-stm32.12.3.rel1.win32_1.0.200.202406191623/tools/bin/../lib/gcc/arm-none-eabi/12.3.1/thumb/v7e-m+fp/hard\libgcc.a(_udivmoddi4.o)
                0x08000c78                __udivmoddi4
 .text          0x08000f34        0x4 C:/ST/STM32CubeIDE_1.16.1/STM32CubeIDE/plugins/com.st.stm32cube.ide.mcu.externaltools.gnu-tools-for-stm32.12.3.rel1.win32_1.0.200.202406191623/tools/bin/../lib/gcc/arm-none-eabi/12.3.1/thumb/v7e-m+fp/hard\libgcc.a(_dvmd_tls.o)
                0x08000f34                __aeabi_idiv0
                0x08000f34                __aeabi_ldiv0
 *(.text*)
 .text.DWT_Delay_Init
                0x08000f38       0x60 ./Core/Src/lcd16x2_v2.o
 .text.DWT_Delay_us
                0x08000f98       0x48 ./Core/Src/lcd16x2_v2.o
 .text.lcd16x2_enablePulse
                0x08000fe0       0x3c ./Core/Src/lcd16x2_v2.o
 .text.lcd16x2_rs
                0x0800101c       0x2c ./Core/Src/lcd16x2_v2.o
 .text.lcd16x2_write
                0x08001048      0x1dc ./Core/Src/lcd16x2_v2.o
 .text.lcd16x2_writeCommand
                0x08001224       0x20 ./Core/Src/lcd16x2_v2.o
 .text.lcd16x2_writeData
                0x08001244       0x20 ./Core/Src/lcd16x2_v2.o
 .text.lcd16x2_write4
                0x08001264       0x9c ./Core/Src/lcd16x2_v2.o
 .text.lcd16x2_init_4bits
                0x08001300       0xfc ./Core/Src/lcd16x2_v2.o
                0x08001300                lcd16x2_init_4bits
 .text.lcd16x2_setCursor
                0x080013fc       0x48 ./Core/Src/lcd16x2_v2.o
                0x080013fc                lcd16x2_setCursor
 .text.lcd16x2_1stLine
                0x08001444       0x10 ./Core/Src/lcd16x2_v2.o
                0x08001444                lcd16x2_1stLine
 .text.lcd16x2_2ndLine
                0x08001454       0x10 ./Core/Src/lcd16x2_v2.o
                0x08001454                lcd16x2_2ndLine
 .text.lcd16x2_clear
                0x08001464       0x14 ./Core/Src/lcd16x2_v2.o
                0x08001464                lcd16x2_clear
 .text.lcd16x2_printf
                0x08001478       0x5e ./Core/Src/lcd16x2_v2.o
                0x08001478                lcd16x2_printf
 *fill*         0x080014d6        0x2 
 .text.main     0x080014d8      0x33c ./Core/Src/main.o
                0x080014d8                main
 .text.SystemClock_Config
                0x08001814       0xa2 ./Core/Src/main.o
                0x08001814                SystemClock_Config
 .text.PeriphCommonClock_Config
                0x080018b6       0x56 ./Core/Src/main.o
                0x080018b6                PeriphCommonClock_Config
 .text.MX_ADC1_Init
                0x0800190c       0xf0 ./Core/Src/main.o
 .text.MX_ADC2_Init
                0x080019fc       0xc8 ./Core/Src/main.o
 .text.MX_USART2_UART_Init
                0x08001ac4       0x60 ./Core/Src/main.o
 .text.MX_DMA_Init
                0x08001b24       0x3c ./Core/Src/main.o
 .text.MX_GPIO_Init
                0x08001b60      0x124 ./Core/Src/main.o
 .text.HAL_ADC_ConvCpltCallback
                0x08001c84       0x24 ./Core/Src/main.o
                0x08001c84                HAL_ADC_ConvCpltCallback
 .text.Error_Handler
                0x08001ca8        0xc ./Core/Src/main.o
                0x08001ca8                Error_Handler
 .text.HAL_MspInit
                0x08001cb4       0x48 ./Core/Src/stm32l4xx_hal_msp.o
                0x08001cb4                HAL_MspInit
 .text.HAL_ADC_MspInit
                0x08001cfc      0x160 ./Core/Src/stm32l4xx_hal_msp.o
                0x08001cfc                HAL_ADC_MspInit
 .text.HAL_UART_MspInit
                0x08001e5c       0xb8 ./Core/Src/stm32l4xx_hal_msp.o
                0x08001e5c                HAL_UART_MspInit
 .text.NMI_Handler
                0x08001f14        0x8 ./Core/Src/stm32l4xx_it.o
                0x08001f14                NMI_Handler
 .text.HardFault_Handler
                0x08001f1c        0x8 ./Core/Src/stm32l4xx_it.o
                0x08001f1c                HardFault_Handler
 .text.MemManage_Handler
                0x08001f24        0x8 ./Core/Src/stm32l4xx_it.o
                0x08001f24                MemManage_Handler
 .text.BusFault_Handler
                0x08001f2c        0x8 ./Core/Src/stm32l4xx_it.o
                0x08001f2c                BusFault_Handler
 .text.UsageFault_Handler
                0x08001f34        0x8 ./Core/Src/stm32l4xx_it.o
                0x08001f34                UsageFault_Handler
 .text.SVC_Handler
                0x08001f3c        0xe ./Core/Src/stm32l4xx_it.o
                0x08001f3c                SVC_Handler
 .text.DebugMon_Handler
                0x08001f4a        0xe ./Core/Src/stm32l4xx_it.o
                0x08001f4a                DebugMon_Handler
 .text.PendSV_Handler
                0x08001f58        0xe ./Core/Src/stm32l4xx_it.o
                0x08001f58                PendSV_Handler
 .text.SysTick_Handler
                0x08001f66        0xc ./Core/Src/stm32l4xx_it.o
                0x08001f66                SysTick_Handler
 *fill*         0x08001f72        0x2 
 .text.DMA1_Channel1_IRQHandler
                0x08001f74       0x14 ./Core/Src/stm32l4xx_it.o
                0x08001f74                DMA1_Channel1_IRQHandler
 .text._getpid  0x08001f88       0x10 ./Core/Src/syscalls.o
                0x08001f88                _getpid
 .text._kill    0x08001f98       0x20 ./Core/Src/syscalls.o
                0x08001f98                _kill
 .text._exit    0x08001fb8       0x16 ./Core/Src/syscalls.o
                0x08001fb8                _exit
 .text._read    0x08001fce       0x3a ./Core/Src/syscalls.o
                0x08001fce                _read
 .text._write   0x08002008       0x38 ./Core/Src/syscalls.o
                0x08002008                _write
 .text._close   0x08002040       0x18 ./Core/Src/syscalls.o
                0x08002040                _close
 .text._fstat   0x08002058       0x20 ./Core/Src/syscalls.o
                0x08002058                _fstat
 .text._isatty  0x08002078       0x16 ./Core/Src/syscalls.o
                0x08002078                _isatty
 .text._lseek   0x0800208e       0x1a ./Core/Src/syscalls.o
                0x0800208e                _lseek
 .text._sbrk    0x080020a8       0x6c ./Core/Src/sysmem.o
                0x080020a8                _sbrk
 .text.SystemInit
                0x08002114       0x24 ./Core/Src/system_stm32l4xx.o
                0x08002114                SystemInit
 .text.Reset_Handler
                0x08002138       0x50 ./Core/Startup/startup_stm32l476rgtx.o
                0x08002138                Reset_Handler
 .text.Default_Handler
                0x08002188        0x2 ./Core/Startup/startup_stm32l476rgtx.o
                0x08002188                RTC_Alarm_IRQHandler
                0x08002188                EXTI2_IRQHandler
                0x08002188                TIM8_TRG_COM_IRQHandler
                0x08002188                TIM8_CC_IRQHandler
                0x08002188                TIM1_CC_IRQHandler
                0x08002188                TSC_IRQHandler
                0x08002188                TAMP_STAMP_IRQHandler
                0x08002188                EXTI3_IRQHandler
                0x08002188                LPTIM2_IRQHandler
                0x08002188                DFSDM1_FLT1_IRQHandler
                0x08002188                I2C3_ER_IRQHandler
                0x08002188                DFSDM1_FLT2_IRQHandler
                0x08002188                EXTI0_IRQHandler
                0x08002188                I2C2_EV_IRQHandler
                0x08002188                CAN1_RX0_IRQHandler
                0x08002188                FPU_IRQHandler
                0x08002188                TIM1_UP_TIM16_IRQHandler
                0x08002188                ADC1_2_IRQHandler
                0x08002188                SPI1_IRQHandler
                0x08002188                TIM6_DAC_IRQHandler
                0x08002188                TIM8_UP_IRQHandler
                0x08002188                DMA2_Channel2_IRQHandler
                0x08002188                DMA1_Channel4_IRQHandler
                0x08002188                SAI2_IRQHandler
                0x08002188                DFSDM1_FLT3_IRQHandler
                0x08002188                USART3_IRQHandler
                0x08002188                DMA1_Channel7_IRQHandler
                0x08002188                CAN1_RX1_IRQHandler
                0x08002188                LCD_IRQHandler
                0x08002188                UART5_IRQHandler
                0x08002188                ADC3_IRQHandler
                0x08002188                TIM4_IRQHandler
                0x08002188                DMA2_Channel1_IRQHandler
                0x08002188                QUADSPI_IRQHandler
                0x08002188                I2C1_EV_IRQHandler
                0x08002188                DMA1_Channel6_IRQHandler
                0x08002188                UART4_IRQHandler
                0x08002188                DMA2_Channel4_IRQHandler
                0x08002188                TIM3_IRQHandler
                0x08002188                RCC_IRQHandler
                0x08002188                Default_Handler
                0x08002188                DMA2_Channel7_IRQHandler
                0x08002188                EXTI15_10_IRQHandler
                0x08002188                TIM7_IRQHandler
                0x08002188                SDMMC1_IRQHandler
                0x08002188                TIM5_IRQHandler
                0x08002188                I2C3_EV_IRQHandler
                0x08002188                EXTI9_5_IRQHandler
                0x08002188                RTC_WKUP_IRQHandler
                0x08002188                PVD_PVM_IRQHandler
                0x08002188                SPI2_IRQHandler
                0x08002188                CAN1_TX_IRQHandler
                0x08002188                DMA2_Channel5_IRQHandler
                0x08002188                DMA1_Channel5_IRQHandler
                0x08002188                EXTI4_IRQHandler
                0x08002188                RNG_IRQHandler
                0x08002188                TIM1_TRG_COM_TIM17_IRQHandler
                0x08002188                DMA1_Channel3_IRQHandler
                0x08002188                COMP_IRQHandler
                0x08002188                WWDG_IRQHandler
                0x08002188                LPUART1_IRQHandler
                0x08002188                DMA2_Channel6_IRQHandler
                0x08002188                TIM2_IRQHandler
                0x08002188                EXTI1_IRQHandler
                0x08002188                USART2_IRQHandler
                0x08002188                DFSDM1_FLT0_IRQHandler
                0x08002188                I2C2_ER_IRQHandler
                0x08002188                DMA1_Channel2_IRQHandler
                0x08002188                TIM8_BRK_IRQHandler
                0x08002188                CAN1_SCE_IRQHandler
                0x08002188                FLASH_IRQHandler
                0x08002188                USART1_IRQHandler
                0x08002188                OTG_FS_IRQHandler
                0x08002188                SPI3_IRQHandler
                0x08002188                I2C1_ER_IRQHandler
                0x08002188                FMC_IRQHandler
                0x08002188                SWPMI1_IRQHandler
                0x08002188                LPTIM1_IRQHandler
                0x08002188                SAI1_IRQHandler
                0x08002188                DMA2_Channel3_IRQHandler
                0x08002188                TIM1_BRK_TIM15_IRQHandler
 *fill*         0x0800218a        0x2 
 .text.HAL_Init
                0x0800218c       0x40 ./Drivers/STM32L4xx_HAL_Driver/Src/stm32l4xx_hal.o
                0x0800218c                HAL_Init
 .text.HAL_InitTick
                0x080021cc       0x78 ./Drivers/STM32L4xx_HAL_Driver/Src/stm32l4xx_hal.o
                0x080021cc                HAL_InitTick
 .text.HAL_IncTick
                0x08002244       0x28 ./Drivers/STM32L4xx_HAL_Driver/Src/stm32l4xx_hal.o
                0x08002244                HAL_IncTick
 .text.HAL_GetTick
                0x0800226c       0x18 ./Drivers/STM32L4xx_HAL_Driver/Src/stm32l4xx_hal.o
                0x0800226c                HAL_GetTick
 .text.HAL_Delay
                0x08002284       0x48 ./Drivers/STM32L4xx_HAL_Driver/Src/stm32l4xx_hal.o
                0x08002284                HAL_Delay
 .text.LL_ADC_SetCommonClock
                0x080022cc       0x26 ./Drivers/STM32L4xx_HAL_Driver/Src/stm32l4xx_hal_adc.o
 .text.LL_ADC_SetCommonPathInternalCh
                0x080022f2       0x26 ./Drivers/STM32L4xx_HAL_Driver/Src/stm32l4xx_hal_adc.o
 .text.LL_ADC_GetCommonPathInternalCh
                0x08002318       0x1c ./Drivers/STM32L4xx_HAL_Driver/Src/stm32l4xx_hal_adc.o
 .text.LL_ADC_SetOffset
                0x08002334       0x48 ./Drivers/STM32L4xx_HAL_Driver/Src/stm32l4xx_hal_adc.o
 .text.LL_ADC_GetOffsetChannel
                0x0800237c       0x2c ./Drivers/STM32L4xx_HAL_Driver/Src/stm32l4xx_hal_adc.o
 .text.LL_ADC_SetOffsetState
                0x080023a8       0x36 ./Drivers/STM32L4xx_HAL_Driver/Src/stm32l4xx_hal_adc.o
 .text.LL_ADC_REG_IsTriggerSourceSWStart
                0x080023de       0x26 ./Drivers/STM32L4xx_HAL_Driver/Src/stm32l4xx_hal_adc.o
 .text.LL_ADC_REG_SetSequencerRanks
                0x08002404       0x58 ./Drivers/STM32L4xx_HAL_Driver/Src/stm32l4xx_hal_adc.o
 .text.LL_ADC_SetChannelSamplingTime
                0x0800245c       0x56 ./Drivers/STM32L4xx_HAL_Driver/Src/stm32l4xx_hal_adc.o
 *fill*         0x080024b2        0x2 
 .text.LL_ADC_SetChannelSingleDiff
                0x080024b4       0x48 ./Drivers/STM32L4xx_HAL_Driver/Src/stm32l4xx_hal_adc.o
 .text.LL_ADC_GetMultimode
                0x080024fc       0x1c ./Drivers/STM32L4xx_HAL_Driver/Src/stm32l4xx_hal_adc.o
 .text.LL_ADC_GetMultiDMATransfer
                0x08002518       0x1c ./Drivers/STM32L4xx_HAL_Driver/Src/stm32l4xx_hal_adc.o
 .text.LL_ADC_DisableDeepPowerDown
                0x08002534       0x24 ./Drivers/STM32L4xx_HAL_Driver/Src/stm32l4xx_hal_adc.o
 .text.LL_ADC_IsDeepPowerDownEnabled
                0x08002558       0x28 ./Drivers/STM32L4xx_HAL_Driver/Src/stm32l4xx_hal_adc.o
 .text.LL_ADC_EnableInternalRegulator
                0x08002580       0x28 ./Drivers/STM32L4xx_HAL_Driver/Src/stm32l4xx_hal_adc.o
 .text.LL_ADC_IsInternalRegulatorEnabled
                0x080025a8       0x28 ./Drivers/STM32L4xx_HAL_Driver/Src/stm32l4xx_hal_adc.o
 .text.LL_ADC_Enable
                0x080025d0       0x28 ./Drivers/STM32L4xx_HAL_Driver/Src/stm32l4xx_hal_adc.o
 .text.LL_ADC_Disable
                0x080025f8       0x28 ./Drivers/STM32L4xx_HAL_Driver/Src/stm32l4xx_hal_adc.o
 .text.LL_ADC_IsEnabled
                0x08002620       0x26 ./Drivers/STM32L4xx_HAL_Driver/Src/stm32l4xx_hal_adc.o
 .text.LL_ADC_IsDisableOngoing
                0x08002646       0x26 ./Drivers/STM32L4xx_HAL_Driver/Src/stm32l4xx_hal_adc.o
 .text.LL_ADC_REG_StartConversion
                0x0800266c       0x28 ./Drivers/STM32L4xx_HAL_Driver/Src/stm32l4xx_hal_adc.o
 .text.LL_ADC_REG_StopConversion
                0x08002694       0x28 ./Drivers/STM32L4xx_HAL_Driver/Src/stm32l4xx_hal_adc.o
 .text.LL_ADC_REG_IsConversionOngoing
                0x080026bc       0x26 ./Drivers/STM32L4xx_HAL_Driver/Src/stm32l4xx_hal_adc.o
 .text.LL_ADC_INJ_StopConversion
                0x080026e2       0x28 ./Drivers/STM32L4xx_HAL_Driver/Src/stm32l4xx_hal_adc.o
 .text.LL_ADC_INJ_IsConversionOngoing
                0x0800270a       0x26 ./Drivers/STM32L4xx_HAL_Driver/Src/stm32l4xx_hal_adc.o
 .text.HAL_ADC_Init
                0x08002730      0x2a0 ./Drivers/STM32L4xx_HAL_Driver/Src/stm32l4xx_hal_adc.o
                0x08002730                HAL_ADC_Init
 .text.HAL_ADC_Start
                0x080029d0      0x174 ./Drivers/STM32L4xx_HAL_Driver/Src/stm32l4xx_hal_adc.o
                0x080029d0                HAL_ADC_Start
 .text.HAL_ADC_PollForConversion
                0x08002b44      0x1b0 ./Drivers/STM32L4xx_HAL_Driver/Src/stm32l4xx_hal_adc.o
                0x08002b44                HAL_ADC_PollForConversion
 .text.HAL_ADC_Start_DMA
                0x08002cf4      0x178 ./Drivers/STM32L4xx_HAL_Driver/Src/stm32l4xx_hal_adc.o
                0x08002cf4                HAL_ADC_Start_DMA
 .text.HAL_ADC_Stop_DMA
                0x08002e6c       0xc2 ./Drivers/STM32L4xx_HAL_Driver/Src/stm32l4xx_hal_adc.o
                0x08002e6c                HAL_ADC_Stop_DMA
 .text.HAL_ADC_GetValue
                0x08002f2e       0x1a ./Drivers/STM32L4xx_HAL_Driver/Src/stm32l4xx_hal_adc.o
                0x08002f2e                HAL_ADC_GetValue
 .text.HAL_ADC_ConvHalfCpltCallback
                0x08002f48       0x14 ./Drivers/STM32L4xx_HAL_Driver/Src/stm32l4xx_hal_adc.o
                0x08002f48                HAL_ADC_ConvHalfCpltCallback
 .text.HAL_ADC_ErrorCallback
                0x08002f5c       0x14 ./Drivers/STM32L4xx_HAL_Driver/Src/stm32l4xx_hal_adc.o
                0x08002f5c                HAL_ADC_ErrorCallback
 .text.HAL_ADC_ConfigChannel
                0x08002f70      0x7e4 ./Drivers/STM32L4xx_HAL_Driver/Src/stm32l4xx_hal_adc.o
                0x08002f70                HAL_ADC_ConfigChannel
 .text.ADC_ConversionStop
                0x08003754      0x178 ./Drivers/STM32L4xx_HAL_Driver/Src/stm32l4xx_hal_adc.o
                0x08003754                ADC_ConversionStop
 .text.ADC_Enable
                0x080038cc      0x10c ./Drivers/STM32L4xx_HAL_Driver/Src/stm32l4xx_hal_adc.o
                0x080038cc                ADC_Enable
 .text.ADC_Disable
                0x080039d8       0xbe ./Drivers/STM32L4xx_HAL_Driver/Src/stm32l4xx_hal_adc.o
                0x080039d8                ADC_Disable
 .text.ADC_DMAConvCplt
                0x08003a96       0xd8 ./Drivers/STM32L4xx_HAL_Driver/Src/stm32l4xx_hal_adc.o
                0x08003a96                ADC_DMAConvCplt
 .text.ADC_DMAHalfConvCplt
                0x08003b6e       0x1c ./Drivers/STM32L4xx_HAL_Driver/Src/stm32l4xx_hal_adc.o
                0x08003b6e                ADC_DMAHalfConvCplt
 .text.ADC_DMAError
                0x08003b8a       0x34 ./Drivers/STM32L4xx_HAL_Driver/Src/stm32l4xx_hal_adc.o
                0x08003b8a                ADC_DMAError
 .text.LL_ADC_IsEnabled
                0x08003bbe       0x26 ./Drivers/STM32L4xx_HAL_Driver/Src/stm32l4xx_hal_adc_ex.o
 .text.LL_ADC_REG_IsConversionOngoing
                0x08003be4       0x26 ./Drivers/STM32L4xx_HAL_Driver/Src/stm32l4xx_hal_adc_ex.o
 *fill*         0x08003c0a        0x2 
 .text.HAL_ADCEx_MultiModeConfigChannel
                0x08003c0c      0x160 ./Drivers/STM32L4xx_HAL_Driver/Src/stm32l4xx_hal_adc_ex.o
                0x08003c0c                HAL_ADCEx_MultiModeConfigChannel
 .text.__NVIC_SetPriorityGrouping
                0x08003d6c       0x48 ./Drivers/STM32L4xx_HAL_Driver/Src/stm32l4xx_hal_cortex.o
 .text.__NVIC_GetPriorityGrouping
                0x08003db4       0x1c ./Drivers/STM32L4xx_HAL_Driver/Src/stm32l4xx_hal_cortex.o
 .text.__NVIC_EnableIRQ
                0x08003dd0       0x3c ./Drivers/STM32L4xx_HAL_Driver/Src/stm32l4xx_hal_cortex.o
 .text.__NVIC_SetPriority
                0x08003e0c       0x54 ./Drivers/STM32L4xx_HAL_Driver/Src/stm32l4xx_hal_cortex.o
 .text.NVIC_EncodePriority
                0x08003e60       0x66 ./Drivers/STM32L4xx_HAL_Driver/Src/stm32l4xx_hal_cortex.o
 *fill*         0x08003ec6        0x2 
 .text.SysTick_Config
                0x08003ec8       0x44 ./Drivers/STM32L4xx_HAL_Driver/Src/stm32l4xx_hal_cortex.o
 .text.HAL_NVIC_SetPriorityGrouping
                0x08003f0c       0x16 ./Drivers/STM32L4xx_HAL_Driver/Src/stm32l4xx_hal_cortex.o
                0x08003f0c                HAL_NVIC_SetPriorityGrouping
 .text.HAL_NVIC_SetPriority
                0x08003f22       0x38 ./Drivers/STM32L4xx_HAL_Driver/Src/stm32l4xx_hal_cortex.o
                0x08003f22                HAL_NVIC_SetPriority
 .text.HAL_NVIC_EnableIRQ
                0x08003f5a       0x1c ./Drivers/STM32L4xx_HAL_Driver/Src/stm32l4xx_hal_cortex.o
                0x08003f5a                HAL_NVIC_EnableIRQ
 .text.HAL_SYSTICK_Config
                0x08003f76       0x18 ./Drivers/STM32L4xx_HAL_Driver/Src/stm32l4xx_hal_cortex.o
                0x08003f76                HAL_SYSTICK_Config
 *fill*         0x08003f8e        0x2 
 .text.HAL_DMA_Init
                0x08003f90      0x170 ./Drivers/STM32L4xx_HAL_Driver/Src/stm32l4xx_hal_dma.o
                0x08003f90                HAL_DMA_Init
 .text.HAL_DMA_Start_IT
                0x08004100       0xc0 ./Drivers/STM32L4xx_HAL_Driver/Src/stm32l4xx_hal_dma.o
                0x08004100                HAL_DMA_Start_IT
 .text.HAL_DMA_Abort
                0x080041c0       0x7c ./Drivers/STM32L4xx_HAL_Driver/Src/stm32l4xx_hal_dma.o
                0x080041c0                HAL_DMA_Abort
 .text.HAL_DMA_IRQHandler
                0x0800423c      0x15e ./Drivers/STM32L4xx_HAL_Driver/Src/stm32l4xx_hal_dma.o
                0x0800423c                HAL_DMA_IRQHandler
 .text.DMA_SetConfig
                0x0800439a       0x60 ./Drivers/STM32L4xx_HAL_Driver/Src/stm32l4xx_hal_dma.o
 *fill*         0x080043fa        0x2 
 .text.HAL_GPIO_Init
                0x080043fc      0x354 ./Drivers/STM32L4xx_HAL_Driver/Src/stm32l4xx_hal_gpio.o
                0x080043fc                HAL_GPIO_Init
 .text.HAL_GPIO_WritePin
                0x08004750       0x30 ./Drivers/STM32L4xx_HAL_Driver/Src/stm32l4xx_hal_gpio.o
                0x08004750                HAL_GPIO_WritePin
 .text.HAL_PWREx_GetVoltageRange
                0x08004780       0x1c ./Drivers/STM32L4xx_HAL_Driver/Src/stm32l4xx_hal_pwr_ex.o
                0x08004780                HAL_PWREx_GetVoltageRange
 .text.HAL_PWREx_ControlVoltageScaling
                0x0800479c       0xac ./Drivers/STM32L4xx_HAL_Driver/Src/stm32l4xx_hal_pwr_ex.o
                0x0800479c                HAL_PWREx_ControlVoltageScaling
 .text.HAL_RCC_OscConfig
                0x08004848      0x7b8 ./Drivers/STM32L4xx_HAL_Driver/Src/stm32l4xx_hal_rcc.o
                0x08004848                HAL_RCC_OscConfig
 .text.HAL_RCC_ClockConfig
                0x08005000      0x200 ./Drivers/STM32L4xx_HAL_Driver/Src/stm32l4xx_hal_rcc.o
                0x08005000                HAL_RCC_ClockConfig
 .text.HAL_RCC_GetSysClockFreq
                0x08005200      0x118 ./Drivers/STM32L4xx_HAL_Driver/Src/stm32l4xx_hal_rcc.o
                0x08005200                HAL_RCC_GetSysClockFreq
 .text.HAL_RCC_GetHCLKFreq
                0x08005318       0x18 ./Drivers/STM32L4xx_HAL_Driver/Src/stm32l4xx_hal_rcc.o
                0x08005318                HAL_RCC_GetHCLKFreq
 .text.HAL_RCC_GetPCLK1Freq
                0x08005330       0x2c ./Drivers/STM32L4xx_HAL_Driver/Src/stm32l4xx_hal_rcc.o
                0x08005330                HAL_RCC_GetPCLK1Freq
 .text.HAL_RCC_GetPCLK2Freq
                0x0800535c       0x2c ./Drivers/STM32L4xx_HAL_Driver/Src/stm32l4xx_hal_rcc.o
                0x0800535c                HAL_RCC_GetPCLK2Freq
 .text.RCC_SetFlashLatencyFromMSIRange
                0x08005388       0xc0 ./Drivers/STM32L4xx_HAL_Driver/Src/stm32l4xx_hal_rcc.o
 .text.HAL_RCCEx_PeriphCLKConfig
                0x08005448      0x5d4 ./Drivers/STM32L4xx_HAL_Driver/Src/stm32l4xx_hal_rcc_ex.o
                0x08005448                HAL_RCCEx_PeriphCLKConfig
 .text.RCCEx_PLLSAI1_Config
                0x08005a1c      0x1e8 ./Drivers/STM32L4xx_HAL_Driver/Src/stm32l4xx_hal_rcc_ex.o
 .text.RCCEx_PLLSAI2_Config
                0x08005c04      0x1bc ./Drivers/STM32L4xx_HAL_Driver/Src/stm32l4xx_hal_rcc_ex.o
 .text.HAL_UART_Init
                0x08005dc0       0x9c ./Drivers/STM32L4xx_HAL_Driver/Src/stm32l4xx_hal_uart.o
                0x08005dc0                HAL_UART_Init
 .text.UART_SetConfig
                0x08005e5c      0x570 ./Drivers/STM32L4xx_HAL_Driver/Src/stm32l4xx_hal_uart.o
                0x08005e5c                UART_SetConfig
 .text.UART_AdvFeatureConfig
                0x080063cc      0x144 ./Drivers/STM32L4xx_HAL_Driver/Src/stm32l4xx_hal_uart.o
                0x080063cc                UART_AdvFeatureConfig
 .text.UART_CheckIdleState
                0x08006510      0x150 ./Drivers/STM32L4xx_HAL_Driver/Src/stm32l4xx_hal_uart.o
                0x08006510                UART_CheckIdleState
 .text.UART_WaitOnFlagUntilTimeout
                0x08006660       0xda ./Drivers/STM32L4xx_HAL_Driver/Src/stm32l4xx_hal_uart.o
                0x08006660                UART_WaitOnFlagUntilTimeout
 .text.UART_EndRxTransfer
                0x0800673a       0xc8 ./Drivers/STM32L4xx_HAL_Driver/Src/stm32l4xx_hal_uart.o
 *fill*         0x08006802        0x2 
 .text.get_fbin
                0x08006804      0x194 ./FFT_LIBRARY/FFT.o
                0x08006804                get_fbin
 .text.do_FFT   0x08006998      0x1e4 ./FFT_LIBRARY/FFT.o
                0x08006998                do_FFT
 .text.start_FFT
                0x08006b7c       0x4c ./FFT_LIBRARY/FFT.o
                0x08006b7c                start_FFT
 .text.get_velocity
                0x08006bc8       0x70 ./FFT_LIBRARY/FFT.o
                0x08006bc8                get_velocity
 .text.arm_max_f32
                0x08006c38       0xd8 C:\Users\Administrator\STM32CubeIDE\workspace_1.16.1\urmumgayfr\Drivers\CMSIS\DSP_LIBRARY\Lib\GCC\libarm_cortexM4lf_math.a(arm_max_f32.o)
                0x08006c38                arm_max_f32
 .text.arm_rfft_32_fast_init_f32
                0x08006d10       0x34 C:\Users\Administrator\STM32CubeIDE\workspace_1.16.1\urmumgayfr\Drivers\CMSIS\DSP_LIBRARY\Lib\GCC\libarm_cortexM4lf_math.a(arm_rfft_fast_init_f32.o)
                0x08006d10                arm_rfft_32_fast_init_f32
 .text.arm_rfft_64_fast_init_f32
                0x08006d44       0x34 C:\Users\Administrator\STM32CubeIDE\workspace_1.16.1\urmumgayfr\Drivers\CMSIS\DSP_LIBRARY\Lib\GCC\libarm_cortexM4lf_math.a(arm_rfft_fast_init_f32.o)
                0x08006d44                arm_rfft_64_fast_init_f32
 .text.arm_rfft_256_fast_init_f32
                0x08006d78       0x38 C:\Users\Administrator\STM32CubeIDE\workspace_1.16.1\urmumgayfr\Drivers\CMSIS\DSP_LIBRARY\Lib\GCC\libarm_cortexM4lf_math.a(arm_rfft_fast_init_f32.o)
                0x08006d78                arm_rfft_256_fast_init_f32
 .text.arm_rfft_512_fast_init_f32
                0x08006db0       0x3c C:\Users\Administrator\STM32CubeIDE\workspace_1.16.1\urmumgayfr\Drivers\CMSIS\DSP_LIBRARY\Lib\GCC\libarm_cortexM4lf_math.a(arm_rfft_fast_init_f32.o)
                0x08006db0                arm_rfft_512_fast_init_f32
 .text.arm_rfft_1024_fast_init_f32
                0x08006dec       0x3c C:\Users\Administrator\STM32CubeIDE\workspace_1.16.1\urmumgayfr\Drivers\CMSIS\DSP_LIBRARY\Lib\GCC\libarm_cortexM4lf_math.a(arm_rfft_fast_init_f32.o)
                0x08006dec                arm_rfft_1024_fast_init_f32
 .text.arm_rfft_2048_fast_init_f32
                0x08006e28       0x3c C:\Users\Administrator\STM32CubeIDE\workspace_1.16.1\urmumgayfr\Drivers\CMSIS\DSP_LIBRARY\Lib\GCC\libarm_cortexM4lf_math.a(arm_rfft_fast_init_f32.o)
                0x08006e28                arm_rfft_2048_fast_init_f32
 .text.arm_rfft_4096_fast_init_f32
                0x08006e64       0x3c C:\Users\Administrator\STM32CubeIDE\workspace_1.16.1\urmumgayfr\Drivers\CMSIS\DSP_LIBRARY\Lib\GCC\libarm_cortexM4lf_math.a(arm_rfft_fast_init_f32.o)
                0x08006e64                arm_rfft_4096_fast_init_f32
 .text.arm_rfft_fast_init_f32
                0x08006ea0       0x68 C:\Users\Administrator\STM32CubeIDE\workspace_1.16.1\urmumgayfr\Drivers\CMSIS\DSP_LIBRARY\Lib\GCC\libarm_cortexM4lf_math.a(arm_rfft_fast_init_f32.o)
                0x08006ea0                arm_rfft_fast_init_f32
 .text.stage_rfft_f32
                0x08006f08       0xb4 C:\Users\Administrator\STM32CubeIDE\workspace_1.16.1\urmumgayfr\Drivers\CMSIS\DSP_LIBRARY\Lib\GCC\libarm_cortexM4lf_math.a(arm_rfft_fast_f32.o)
                0x08006f08                stage_rfft_f32
 .text.merge_rfft_f32
                0x08006fbc       0xac C:\Users\Administrator\STM32CubeIDE\workspace_1.16.1\urmumgayfr\Drivers\CMSIS\DSP_LIBRARY\Lib\GCC\libarm_cortexM4lf_math.a(arm_rfft_fast_f32.o)
                0x08006fbc                merge_rfft_f32
 .text.arm_rfft_fast_f32
                0x08007068       0x40 C:\Users\Administrator\STM32CubeIDE\workspace_1.16.1\urmumgayfr\Drivers\CMSIS\DSP_LIBRARY\Lib\GCC\libarm_cortexM4lf_math.a(arm_rfft_fast_f32.o)
                0x08007068                arm_rfft_fast_f32
 .text.arm_cfft_radix8by2_f32
                0x080070a8      0x1a0 C:\Users\Administrator\STM32CubeIDE\workspace_1.16.1\urmumgayfr\Drivers\CMSIS\DSP_LIBRARY\Lib\GCC\libarm_cortexM4lf_math.a(arm_cfft_f32.o)
                0x080070a8                arm_cfft_radix8by2_f32
 .text.arm_cfft_radix8by4_f32
                0x08007248      0x4ac C:\Users\Administrator\STM32CubeIDE\workspace_1.16.1\urmumgayfr\Drivers\CMSIS\DSP_LIBRARY\Lib\GCC\libarm_cortexM4lf_math.a(arm_cfft_f32.o)
                0x08007248                arm_cfft_radix8by4_f32
 .text.arm_cfft_f32
                0x080076f4       0xf0 C:\Users\Administrator\STM32CubeIDE\workspace_1.16.1\urmumgayfr\Drivers\CMSIS\DSP_LIBRARY\Lib\GCC\libarm_cortexM4lf_math.a(arm_cfft_f32.o)
                0x080076f4                arm_cfft_f32
 .text.arm_bitreversal_32
                0x080077e4       0x40 C:\Users\Administrator\STM32CubeIDE\workspace_1.16.1\urmumgayfr\Drivers\CMSIS\DSP_LIBRARY\Lib\GCC\libarm_cortexM4lf_math.a(arm_bitreversal2.o)
                0x080077e4                arm_bitreversal_32
 .text.arm_cmplx_mag_f32
                0x08007824      0x248 C:\Users\Administrator\STM32CubeIDE\workspace_1.16.1\urmumgayfr\Drivers\CMSIS\DSP_LIBRARY\Lib\GCC\libarm_cortexM4lf_math.a(arm_cmplx_mag_f32.o)
                0x08007824                arm_cmplx_mag_f32
 .text.arm_radix8_butterfly_f32
                0x08007a6c      0x580 C:\Users\Administrator\STM32CubeIDE\workspace_1.16.1\urmumgayfr\Drivers\CMSIS\DSP_LIBRARY\Lib\GCC\libarm_cortexM4lf_math.a(arm_cfft_radix8_f32.o)
                0x08007a6c                arm_radix8_butterfly_f32
 .text.__cvt    0x08007fec       0xca C:/ST/STM32CubeIDE_1.16.1/STM32CubeIDE/plugins/com.st.stm32cube.ide.mcu.externaltools.gnu-tools-for-stm32.12.3.rel1.win32_1.0.200.202406191623/tools/bin/../lib/gcc/arm-none-eabi/12.3.1/../../../../arm-none-eabi/lib/thumb/v7e-m+fp/hard\libc_nano.a(libc_a-nano-vfprintf_float.o)
                0x08007fec                __cvt
 .text.__exponent
                0x080080b6       0x74 C:/ST/STM32CubeIDE_1.16.1/STM32CubeIDE/plugins/com.st.stm32cube.ide.mcu.externaltools.gnu-tools-for-stm32.12.3.rel1.win32_1.0.200.202406191623/tools/bin/../lib/gcc/arm-none-eabi/12.3.1/../../../../arm-none-eabi/lib/thumb/v7e-m+fp/hard\libc_nano.a(libc_a-nano-vfprintf_float.o)
                0x080080b6                __exponent
 *fill*         0x0800812a        0x2 
 .text._printf_float
                0x0800812c      0x454 C:/ST/STM32CubeIDE_1.16.1/STM32CubeIDE/plugins/com.st.stm32cube.ide.mcu.externaltools.gnu-tools-for-stm32.12.3.rel1.win32_1.0.200.202406191623/tools/bin/../lib/gcc/arm-none-eabi/12.3.1/../../../../arm-none-eabi/lib/thumb/v7e-m+fp/hard\libc_nano.a(libc_a-nano-vfprintf_float.o)
                0x0800812c                _printf_float
 .text._printf_common
                0x08008580       0xda C:/ST/STM32CubeIDE_1.16.1/STM32CubeIDE/plugins/com.st.stm32cube.ide.mcu.externaltools.gnu-tools-for-stm32.12.3.rel1.win32_1.0.200.202406191623/tools/bin/../lib/gcc/arm-none-eabi/12.3.1/../../../../arm-none-eabi/lib/thumb/v7e-m+fp/hard\libc_nano.a(libc_a-nano-vfprintf_i.o)
                0x08008580                _printf_common
 *fill*         0x0800865a        0x2 
 .text._printf_i
                0x0800865c      0x240 C:/ST/STM32CubeIDE_1.16.1/STM32CubeIDE/plugins/com.st.stm32cube.ide.mcu.externaltools.gnu-tools-for-stm32.12.3.rel1.win32_1.0.200.202406191623/tools/bin/../lib/gcc/arm-none-eabi/12.3.1/../../../../arm-none-eabi/lib/thumb/v7e-m+fp/hard\libc_nano.a(libc_a-nano-vfprintf_i.o)
                0x0800865c                _printf_i
 .text.std      0x0800889c       0x6c C:/ST/STM32CubeIDE_1.16.1/STM32CubeIDE/plugins/com.st.stm32cube.ide.mcu.externaltools.gnu-tools-for-stm32.12.3.rel1.win32_1.0.200.202406191623/tools/bin/../lib/gcc/arm-none-eabi/12.3.1/../../../../arm-none-eabi/lib/thumb/v7e-m+fp/hard\libc_nano.a(libc_a-findfp.o)
 .text.stdio_exit_handler
                0x08008908       0x18 C:/ST/STM32CubeIDE_1.16.1/STM32CubeIDE/plugins/com.st.stm32cube.ide.mcu.externaltools.gnu-tools-for-stm32.12.3.rel1.win32_1.0.200.202406191623/tools/bin/../lib/gcc/arm-none-eabi/12.3.1/../../../../arm-none-eabi/lib/thumb/v7e-m+fp/hard\libc_nano.a(libc_a-findfp.o)
 .text.cleanup_stdio
                0x08008920       0x40 C:/ST/STM32CubeIDE_1.16.1/STM32CubeIDE/plugins/com.st.stm32cube.ide.mcu.externaltools.gnu-tools-for-stm32.12.3.rel1.win32_1.0.200.202406191623/tools/bin/../lib/gcc/arm-none-eabi/12.3.1/../../../../arm-none-eabi/lib/thumb/v7e-m+fp/hard\libc_nano.a(libc_a-findfp.o)
 .text.global_stdio_init.part.0
                0x08008960       0x3c C:/ST/STM32CubeIDE_1.16.1/STM32CubeIDE/plugins/com.st.stm32cube.ide.mcu.externaltools.gnu-tools-for-stm32.12.3.rel1.win32_1.0.200.202406191623/tools/bin/../lib/gcc/arm-none-eabi/12.3.1/../../../../arm-none-eabi/lib/thumb/v7e-m+fp/hard\libc_nano.a(libc_a-findfp.o)
 .text.__sfp_lock_acquire
                0x0800899c        0xc C:/ST/STM32CubeIDE_1.16.1/STM32CubeIDE/plugins/com.st.stm32cube.ide.mcu.externaltools.gnu-tools-for-stm32.12.3.rel1.win32_1.0.200.202406191623/tools/bin/../lib/gcc/arm-none-eabi/12.3.1/../../../../arm-none-eabi/lib/thumb/v7e-m+fp/hard\libc_nano.a(libc_a-findfp.o)
                0x0800899c                __sfp_lock_acquire
 .text.__sfp_lock_release
                0x080089a8        0xc C:/ST/STM32CubeIDE_1.16.1/STM32CubeIDE/plugins/com.st.stm32cube.ide.mcu.externaltools.gnu-tools-for-stm32.12.3.rel1.win32_1.0.200.202406191623/tools/bin/../lib/gcc/arm-none-eabi/12.3.1/../../../../arm-none-eabi/lib/thumb/v7e-m+fp/hard\libc_nano.a(libc_a-findfp.o)
                0x080089a8                __sfp_lock_release
 .text.__sinit  0x080089b4       0x30 C:/ST/STM32CubeIDE_1.16.1/STM32CubeIDE/plugins/com.st.stm32cube.ide.mcu.externaltools.gnu-tools-for-stm32.12.3.rel1.win32_1.0.200.202406191623/tools/bin/../lib/gcc/arm-none-eabi/12.3.1/../../../../arm-none-eabi/lib/thumb/v7e-m+fp/hard\libc_nano.a(libc_a-findfp.o)
                0x080089b4                __sinit
 .text._fwalk_sglue
                0x080089e4       0x3c C:/ST/STM32CubeIDE_1.16.1/STM32CubeIDE/plugins/com.st.stm32cube.ide.mcu.externaltools.gnu-tools-for-stm32.12.3.rel1.win32_1.0.200.202406191623/tools/bin/../lib/gcc/arm-none-eabi/12.3.1/../../../../arm-none-eabi/lib/thumb/v7e-m+fp/hard\libc_nano.a(libc_a-fwalk.o)
                0x080089e4                _fwalk_sglue
 .text.__sread  0x08008a20       0x22 C:/ST/STM32CubeIDE_1.16.1/STM32CubeIDE/plugins/com.st.stm32cube.ide.mcu.externaltools.gnu-tools-for-stm32.12.3.rel1.win32_1.0.200.202406191623/tools/bin/../lib/gcc/arm-none-eabi/12.3.1/../../../../arm-none-eabi/lib/thumb/v7e-m+fp/hard\libc_nano.a(libc_a-stdio.o)
                0x08008a20                __sread
 .text.__swrite
                0x08008a42       0x38 C:/ST/STM32CubeIDE_1.16.1/STM32CubeIDE/plugins/com.st.stm32cube.ide.mcu.externaltools.gnu-tools-for-stm32.12.3.rel1.win32_1.0.200.202406191623/tools/bin/../lib/gcc/arm-none-eabi/12.3.1/../../../../arm-none-eabi/lib/thumb/v7e-m+fp/hard\libc_nano.a(libc_a-stdio.o)
                0x08008a42                __swrite
 .text.__sseek  0x08008a7a       0x24 C:/ST/STM32CubeIDE_1.16.1/STM32CubeIDE/plugins/com.st.stm32cube.ide.mcu.externaltools.gnu-tools-for-stm32.12.3.rel1.win32_1.0.200.202406191623/tools/bin/../lib/gcc/arm-none-eabi/12.3.1/../../../../arm-none-eabi/lib/thumb/v7e-m+fp/hard\libc_nano.a(libc_a-stdio.o)
                0x08008a7a                __sseek
 .text.__sclose
                0x08008a9e        0x8 C:/ST/STM32CubeIDE_1.16.1/STM32CubeIDE/plugins/com.st.stm32cube.ide.mcu.externaltools.gnu-tools-for-stm32.12.3.rel1.win32_1.0.200.202406191623/tools/bin/../lib/gcc/arm-none-eabi/12.3.1/../../../../arm-none-eabi/lib/thumb/v7e-m+fp/hard\libc_nano.a(libc_a-stdio.o)
                0x08008a9e                __sclose
 *fill*         0x08008aa6        0x2 
 .text._vsprintf_r
                0x08008aa8       0x2c C:/ST/STM32CubeIDE_1.16.1/STM32CubeIDE/plugins/com.st.stm32cube.ide.mcu.externaltools.gnu-tools-for-stm32.12.3.rel1.win32_1.0.200.202406191623/tools/bin/../lib/gcc/arm-none-eabi/12.3.1/../../../../arm-none-eabi/lib/thumb/v7e-m+fp/hard\libc_nano.a(libc_a-vsprintf.o)
                0x08008aa8                _vsprintf_r
                0x08008aa8                _vsiprintf_r
 .text.vsprintf
                0x08008ad4       0x14 C:/ST/STM32CubeIDE_1.16.1/STM32CubeIDE/plugins/com.st.stm32cube.ide.mcu.externaltools.gnu-tools-for-stm32.12.3.rel1.win32_1.0.200.202406191623/tools/bin/../lib/gcc/arm-none-eabi/12.3.1/../../../../arm-none-eabi/lib/thumb/v7e-m+fp/hard\libc_nano.a(libc_a-vsprintf.o)
                0x08008ad4                vsiprintf
                0x08008ad4                vsprintf
 .text.memset   0x08008ae8       0x10 C:/ST/STM32CubeIDE_1.16.1/STM32CubeIDE/plugins/com.st.stm32cube.ide.mcu.externaltools.gnu-tools-for-stm32.12.3.rel1.win32_1.0.200.202406191623/tools/bin/../lib/gcc/arm-none-eabi/12.3.1/../../../../arm-none-eabi/lib/thumb/v7e-m+fp/hard\libc_nano.a(libc_a-memset.o)
                0x08008ae8                memset
 .text._localeconv_r
                0x08008af8        0x8 C:/ST/STM32CubeIDE_1.16.1/STM32CubeIDE/plugins/com.st.stm32cube.ide.mcu.externaltools.gnu-tools-for-stm32.12.3.rel1.win32_1.0.200.202406191623/tools/bin/../lib/gcc/arm-none-eabi/12.3.1/../../../../arm-none-eabi/lib/thumb/v7e-m+fp/hard\libc_nano.a(libc_a-localeconv.o)
                0x08008af8                _localeconv_r
 .text._close_r
                0x08008b00       0x20 C:/ST/STM32CubeIDE_1.16.1/STM32CubeIDE/plugins/com.st.stm32cube.ide.mcu.externaltools.gnu-tools-for-stm32.12.3.rel1.win32_1.0.200.202406191623/tools/bin/../lib/gcc/arm-none-eabi/12.3.1/../../../../arm-none-eabi/lib/thumb/v7e-m+fp/hard\libc_nano.a(libc_a-closer.o)
                0x08008b00                _close_r
 .text._lseek_r
                0x08008b20       0x24 C:/ST/STM32CubeIDE_1.16.1/STM32CubeIDE/plugins/com.st.stm32cube.ide.mcu.externaltools.gnu-tools-for-stm32.12.3.rel1.win32_1.0.200.202406191623/tools/bin/../lib/gcc/arm-none-eabi/12.3.1/../../../../arm-none-eabi/lib/thumb/v7e-m+fp/hard\libc_nano.a(libc_a-lseekr.o)
                0x08008b20                _lseek_r
 .text._read_r  0x08008b44       0x24 C:/ST/STM32CubeIDE_1.16.1/STM32CubeIDE/plugins/com.st.stm32cube.ide.mcu.externaltools.gnu-tools-for-stm32.12.3.rel1.win32_1.0.200.202406191623/tools/bin/../lib/gcc/arm-none-eabi/12.3.1/../../../../arm-none-eabi/lib/thumb/v7e-m+fp/hard\libc_nano.a(libc_a-readr.o)
                0x08008b44                _read_r
 .text._write_r
                0x08008b68       0x24 C:/ST/STM32CubeIDE_1.16.1/STM32CubeIDE/plugins/com.st.stm32cube.ide.mcu.externaltools.gnu-tools-for-stm32.12.3.rel1.win32_1.0.200.202406191623/tools/bin/../lib/gcc/arm-none-eabi/12.3.1/../../../../arm-none-eabi/lib/thumb/v7e-m+fp/hard\libc_nano.a(libc_a-writer.o)
                0x08008b68                _write_r
 .text.__errno  0x08008b8c        0xc C:/ST/STM32CubeIDE_1.16.1/STM32CubeIDE/plugins/com.st.stm32cube.ide.mcu.externaltools.gnu-tools-for-stm32.12.3.rel1.win32_1.0.200.202406191623/tools/bin/../lib/gcc/arm-none-eabi/12.3.1/../../../../arm-none-eabi/lib/thumb/v7e-m+fp/hard\libc_nano.a(libc_a-errno.o)
                0x08008b8c                __errno
 .text.__libc_init_array
                0x08008b98       0x48 C:/ST/STM32CubeIDE_1.16.1/STM32CubeIDE/plugins/com.st.stm32cube.ide.mcu.externaltools.gnu-tools-for-stm32.12.3.rel1.win32_1.0.200.202406191623/tools/bin/../lib/gcc/arm-none-eabi/12.3.1/../../../../arm-none-eabi/lib/thumb/v7e-m+fp/hard\libc_nano.a(libc_a-init.o)
                0x08008b98                __libc_init_array
 .text.__retarget_lock_init_recursive
                0x08008be0        0x2 C:/ST/STM32CubeIDE_1.16.1/STM32CubeIDE/plugins/com.st.stm32cube.ide.mcu.externaltools.gnu-tools-for-stm32.12.3.rel1.win32_1.0.200.202406191623/tools/bin/../lib/gcc/arm-none-eabi/12.3.1/../../../../arm-none-eabi/lib/thumb/v7e-m+fp/hard\libc_nano.a(libc_a-lock.o)
                0x08008be0                __retarget_lock_init_recursive
 .text.__retarget_lock_acquire_recursive
                0x08008be2        0x2 C:/ST/STM32CubeIDE_1.16.1/STM32CubeIDE/plugins/com.st.stm32cube.ide.mcu.externaltools.gnu-tools-for-stm32.12.3.rel1.win32_1.0.200.202406191623/tools/bin/../lib/gcc/arm-none-eabi/12.3.1/../../../../arm-none-eabi/lib/thumb/v7e-m+fp/hard\libc_nano.a(libc_a-lock.o)
                0x08008be2                __retarget_lock_acquire_recursive
 .text.__retarget_lock_release_recursive
                0x08008be4        0x2 C:/ST/STM32CubeIDE_1.16.1/STM32CubeIDE/plugins/com.st.stm32cube.ide.mcu.externaltools.gnu-tools-for-stm32.12.3.rel1.win32_1.0.200.202406191623/tools/bin/../lib/gcc/arm-none-eabi/12.3.1/../../../../arm-none-eabi/lib/thumb/v7e-m+fp/hard\libc_nano.a(libc_a-lock.o)
                0x08008be4                __retarget_lock_release_recursive
 .text.quorem   0x08008be6      0x110 C:/ST/STM32CubeIDE_1.16.1/STM32CubeIDE/plugins/com.st.stm32cube.ide.mcu.externaltools.gnu-tools-for-stm32.12.3.rel1.win32_1.0.200.202406191623/tools/bin/../lib/gcc/arm-none-eabi/12.3.1/../../../../arm-none-eabi/lib/thumb/v7e-m+fp/hard\libc_nano.a(libc_a-dtoa.o)
 *fill*         0x08008cf6        0x2 
 .text._dtoa_r  0x08008cf8      0xb88 C:/ST/STM32CubeIDE_1.16.1/STM32CubeIDE/plugins/com.st.stm32cube.ide.mcu.externaltools.gnu-tools-for-stm32.12.3.rel1.win32_1.0.200.202406191623/tools/bin/../lib/gcc/arm-none-eabi/12.3.1/../../../../arm-none-eabi/lib/thumb/v7e-m+fp/hard\libc_nano.a(libc_a-dtoa.o)
                0x08008cf8                _dtoa_r
 .text._free_r  0x08009880       0x94 C:/ST/STM32CubeIDE_1.16.1/STM32CubeIDE/plugins/com.st.stm32cube.ide.mcu.externaltools.gnu-tools-for-stm32.12.3.rel1.win32_1.0.200.202406191623/tools/bin/../lib/gcc/arm-none-eabi/12.3.1/../../../../arm-none-eabi/lib/thumb/v7e-m+fp/hard\libc_nano.a(libc_a-freer.o)
                0x08009880                _free_r
 .text.malloc   0x08009914       0x10 C:/ST/STM32CubeIDE_1.16.1/STM32CubeIDE/plugins/com.st.stm32cube.ide.mcu.externaltools.gnu-tools-for-stm32.12.3.rel1.win32_1.0.200.202406191623/tools/bin/../lib/gcc/arm-none-eabi/12.3.1/../../../../arm-none-eabi/lib/thumb/v7e-m+fp/hard\libc_nano.a(libc_a-malloc.o)
                0x08009914                malloc
 .text.sbrk_aligned
                0x08009924       0x44 C:/ST/STM32CubeIDE_1.16.1/STM32CubeIDE/plugins/com.st.stm32cube.ide.mcu.externaltools.gnu-tools-for-stm32.12.3.rel1.win32_1.0.200.202406191623/tools/bin/../lib/gcc/arm-none-eabi/12.3.1/../../../../arm-none-eabi/lib/thumb/v7e-m+fp/hard\libc_nano.a(libc_a-mallocr.o)
 .text._malloc_r
                0x08009968      0x100 C:/ST/STM32CubeIDE_1.16.1/STM32CubeIDE/plugins/com.st.stm32cube.ide.mcu.externaltools.gnu-tools-for-stm32.12.3.rel1.win32_1.0.200.202406191623/tools/bin/../lib/gcc/arm-none-eabi/12.3.1/../../../../arm-none-eabi/lib/thumb/v7e-m+fp/hard\libc_nano.a(libc_a-mallocr.o)
                0x08009968                _malloc_r
 .text.__malloc_lock
                0x08009a68        0xc C:/ST/STM32CubeIDE_1.16.1/STM32CubeIDE/plugins/com.st.stm32cube.ide.mcu.externaltools.gnu-tools-for-stm32.12.3.rel1.win32_1.0.200.202406191623/tools/bin/../lib/gcc/arm-none-eabi/12.3.1/../../../../arm-none-eabi/lib/thumb/v7e-m+fp/hard\libc_nano.a(libc_a-mlock.o)
                0x08009a68                __malloc_lock
 .text.__malloc_unlock
                0x08009a74        0xc C:/ST/STM32CubeIDE_1.16.1/STM32CubeIDE/plugins/com.st.stm32cube.ide.mcu.externaltools.gnu-tools-for-stm32.12.3.rel1.win32_1.0.200.202406191623/tools/bin/../lib/gcc/arm-none-eabi/12.3.1/../../../../arm-none-eabi/lib/thumb/v7e-m+fp/hard\libc_nano.a(libc_a-mlock.o)
                0x08009a74                __malloc_unlock
 .text._Balloc  0x08009a80       0x80 C:/ST/STM32CubeIDE_1.16.1/STM32CubeIDE/plugins/com.st.stm32cube.ide.mcu.externaltools.gnu-tools-for-stm32.12.3.rel1.win32_1.0.200.202406191623/tools/bin/../lib/gcc/arm-none-eabi/12.3.1/../../../../arm-none-eabi/lib/thumb/v7e-m+fp/hard\libc_nano.a(libc_a-mprec.o)
                0x08009a80                _Balloc
 .text._Bfree   0x08009b00       0x44 C:/ST/STM32CubeIDE_1.16.1/STM32CubeIDE/plugins/com.st.stm32cube.ide.mcu.externaltools.gnu-tools-for-stm32.12.3.rel1.win32_1.0.200.202406191623/tools/bin/../lib/gcc/arm-none-eabi/12.3.1/../../../../arm-none-eabi/lib/thumb/v7e-m+fp/hard\libc_nano.a(libc_a-mprec.o)
                0x08009b00                _Bfree
 .text.__multadd
                0x08009b44       0x8c C:/ST/STM32CubeIDE_1.16.1/STM32CubeIDE/plugins/com.st.stm32cube.ide.mcu.externaltools.gnu-tools-for-stm32.12.3.rel1.win32_1.0.200.202406191623/tools/bin/../lib/gcc/arm-none-eabi/12.3.1/../../../../arm-none-eabi/lib/thumb/v7e-m+fp/hard\libc_nano.a(libc_a-mprec.o)
                0x08009b44                __multadd
 .text.__hi0bits
                0x08009bd0       0x3e C:/ST/STM32CubeIDE_1.16.1/STM32CubeIDE/plugins/com.st.stm32cube.ide.mcu.externaltools.gnu-tools-for-stm32.12.3.rel1.win32_1.0.200.202406191623/tools/bin/../lib/gcc/arm-none-eabi/12.3.1/../../../../arm-none-eabi/lib/thumb/v7e-m+fp/hard\libc_nano.a(libc_a-mprec.o)
                0x08009bd0                __hi0bits
 .text.__lo0bits
                0x08009c0e       0x5a C:/ST/STM32CubeIDE_1.16.1/STM32CubeIDE/plugins/com.st.stm32cube.ide.mcu.externaltools.gnu-tools-for-stm32.12.3.rel1.win32_1.0.200.202406191623/tools/bin/../lib/gcc/arm-none-eabi/12.3.1/../../../../arm-none-eabi/lib/thumb/v7e-m+fp/hard\libc_nano.a(libc_a-mprec.o)
                0x08009c0e                __lo0bits
 .text.__i2b    0x08009c68       0x2c C:/ST/STM32CubeIDE_1.16.1/STM32CubeIDE/plugins/com.st.stm32cube.ide.mcu.externaltools.gnu-tools-for-stm32.12.3.rel1.win32_1.0.200.202406191623/tools/bin/../lib/gcc/arm-none-eabi/12.3.1/../../../../arm-none-eabi/lib/thumb/v7e-m+fp/hard\libc_nano.a(libc_a-mprec.o)
                0x08009c68                __i2b
 .text.__multiply
                0x08009c94      0x154 C:/ST/STM32CubeIDE_1.16.1/STM32CubeIDE/plugins/com.st.stm32cube.ide.mcu.externaltools.gnu-tools-for-stm32.12.3.rel1.win32_1.0.200.202406191623/tools/bin/../lib/gcc/arm-none-eabi/12.3.1/../../../../arm-none-eabi/lib/thumb/v7e-m+fp/hard\libc_nano.a(libc_a-mprec.o)
                0x08009c94                __multiply
 .text.__pow5mult
                0x08009de8       0xb4 C:/ST/STM32CubeIDE_1.16.1/STM32CubeIDE/plugins/com.st.stm32cube.ide.mcu.externaltools.gnu-tools-for-stm32.12.3.rel1.win32_1.0.200.202406191623/tools/bin/../lib/gcc/arm-none-eabi/12.3.1/../../../../arm-none-eabi/lib/thumb/v7e-m+fp/hard\libc_nano.a(libc_a-mprec.o)
                0x08009de8                __pow5mult
 .text.__lshift
                0x08009e9c       0xd8 C:/ST/STM32CubeIDE_1.16.1/STM32CubeIDE/plugins/com.st.stm32cube.ide.mcu.externaltools.gnu-tools-for-stm32.12.3.rel1.win32_1.0.200.202406191623/tools/bin/../lib/gcc/arm-none-eabi/12.3.1/../../../../arm-none-eabi/lib/thumb/v7e-m+fp/hard\libc_nano.a(libc_a-mprec.o)
                0x08009e9c                __lshift
 .text.__mcmp   0x08009f74       0x36 C:/ST/STM32CubeIDE_1.16.1/STM32CubeIDE/plugins/com.st.stm32cube.ide.mcu.externaltools.gnu-tools-for-stm32.12.3.rel1.win32_1.0.200.202406191623/tools/bin/../lib/gcc/arm-none-eabi/12.3.1/../../../../arm-none-eabi/lib/thumb/v7e-m+fp/hard\libc_nano.a(libc_a-mprec.o)
                0x08009f74                __mcmp
 *fill*         0x08009faa        0x2 
 .text.__mdiff  0x08009fac      0x128 C:/ST/STM32CubeIDE_1.16.1/STM32CubeIDE/plugins/com.st.stm32cube.ide.mcu.externaltools.gnu-tools-for-stm32.12.3.rel1.win32_1.0.200.202406191623/tools/bin/../lib/gcc/arm-none-eabi/12.3.1/../../../../arm-none-eabi/lib/thumb/v7e-m+fp/hard\libc_nano.a(libc_a-mprec.o)
                0x08009fac                __mdiff
 .text.__d2b    0x0800a0d4       0xb0 C:/ST/STM32CubeIDE_1.16.1/STM32CubeIDE/plugins/com.st.stm32cube.ide.mcu.externaltools.gnu-tools-for-stm32.12.3.rel1.win32_1.0.200.202406191623/tools/bin/../lib/gcc/arm-none-eabi/12.3.1/../../../../arm-none-eabi/lib/thumb/v7e-m+fp/hard\libc_nano.a(libc_a-mprec.o)
                0x0800a0d4                __d2b
 .text.__ssputs_r
                0x0800a184       0xb6 C:/ST/STM32CubeIDE_1.16.1/STM32CubeIDE/plugins/com.st.stm32cube.ide.mcu.externaltools.gnu-tools-for-stm32.12.3.rel1.win32_1.0.200.202406191623/tools/bin/../lib/gcc/arm-none-eabi/12.3.1/../../../../arm-none-eabi/lib/thumb/v7e-m+fp/hard\libc_nano.a(libc_a-nano-svfprintf.o)
                0x0800a184                __ssputs_r
 *fill*         0x0800a23a        0x2 
 .text._svfprintf_r
                0x0800a23c      0x1f8 C:/ST/STM32CubeIDE_1.16.1/STM32CubeIDE/plugins/com.st.stm32cube.ide.mcu.externaltools.gnu-tools-for-stm32.12.3.rel1.win32_1.0.200.202406191623/tools/bin/../lib/gcc/arm-none-eabi/12.3.1/../../../../arm-none-eabi/lib/thumb/v7e-m+fp/hard\libc_nano.a(libc_a-nano-svfprintf.o)
                0x0800a23c                _svfiprintf_r
                0x0800a23c                _svfprintf_r
 .text.__sflush_r
                0x0800a434      0x108 C:/ST/STM32CubeIDE_1.16.1/STM32CubeIDE/plugins/com.st.stm32cube.ide.mcu.externaltools.gnu-tools-for-stm32.12.3.rel1.win32_1.0.200.202406191623/tools/bin/../lib/gcc/arm-none-eabi/12.3.1/../../../../arm-none-eabi/lib/thumb/v7e-m+fp/hard\libc_nano.a(libc_a-fflush.o)
                0x0800a434                __sflush_r
 .text._fflush_r
                0x0800a53c       0x50 C:/ST/STM32CubeIDE_1.16.1/STM32CubeIDE/plugins/com.st.stm32cube.ide.mcu.externaltools.gnu-tools-for-stm32.12.3.rel1.win32_1.0.200.202406191623/tools/bin/../lib/gcc/arm-none-eabi/12.3.1/../../../../arm-none-eabi/lib/thumb/v7e-m+fp/hard\libc_nano.a(libc_a-fflush.o)
                0x0800a53c                _fflush_r
 .text.memmove  0x0800a58c       0x34 C:/ST/STM32CubeIDE_1.16.1/STM32CubeIDE/plugins/com.st.stm32cube.ide.mcu.externaltools.gnu-tools-for-stm32.12.3.rel1.win32_1.0.200.202406191623/tools/bin/../lib/gcc/arm-none-eabi/12.3.1/../../../../arm-none-eabi/lib/thumb/v7e-m+fp/hard\libc_nano.a(libc_a-memmove.o)
                0x0800a58c                memmove
 .text._sbrk_r  0x0800a5c0       0x20 C:/ST/STM32CubeIDE_1.16.1/STM32CubeIDE/plugins/com.st.stm32cube.ide.mcu.externaltools.gnu-tools-for-stm32.12.3.rel1.win32_1.0.200.202406191623/tools/bin/../lib/gcc/arm-none-eabi/12.3.1/../../../../arm-none-eabi/lib/thumb/v7e-m+fp/hard\libc_nano.a(libc_a-sbrkr.o)
                0x0800a5c0                _sbrk_r
 .text.memcpy   0x0800a5e0       0x1c C:/ST/STM32CubeIDE_1.16.1/STM32CubeIDE/plugins/com.st.stm32cube.ide.mcu.externaltools.gnu-tools-for-stm32.12.3.rel1.win32_1.0.200.202406191623/tools/bin/../lib/gcc/arm-none-eabi/12.3.1/../../../../arm-none-eabi/lib/thumb/v7e-m+fp/hard\libc_nano.a(libc_a-memcpy-stub.o)
                0x0800a5e0                memcpy
 .text.__assert_func
                0x0800a5fc       0x3c C:/ST/STM32CubeIDE_1.16.1/STM32CubeIDE/plugins/com.st.stm32cube.ide.mcu.externaltools.gnu-tools-for-stm32.12.3.rel1.win32_1.0.200.202406191623/tools/bin/../lib/gcc/arm-none-eabi/12.3.1/../../../../arm-none-eabi/lib/thumb/v7e-m+fp/hard\libc_nano.a(libc_a-assert.o)
                0x0800a5fc                __assert_func
 .text._calloc_r
                0x0800a638       0x28 C:/ST/STM32CubeIDE_1.16.1/STM32CubeIDE/plugins/com.st.stm32cube.ide.mcu.externaltools.gnu-tools-for-stm32.12.3.rel1.win32_1.0.200.202406191623/tools/bin/../lib/gcc/arm-none-eabi/12.3.1/../../../../arm-none-eabi/lib/thumb/v7e-m+fp/hard\libc_nano.a(libc_a-callocr.o)
                0x0800a638                _calloc_r
 .text.__ascii_mbtowc
                0x0800a660       0x24 C:/ST/STM32CubeIDE_1.16.1/STM32CubeIDE/plugins/com.st.stm32cube.ide.mcu.externaltools.gnu-tools-for-stm32.12.3.rel1.win32_1.0.200.202406191623/tools/bin/../lib/gcc/arm-none-eabi/12.3.1/../../../../arm-none-eabi/lib/thumb/v7e-m+fp/hard\libc_nano.a(libc_a-mbtowc_r.o)
                0x0800a660                __ascii_mbtowc
 .text._realloc_r
                0x0800a684       0x5c C:/ST/STM32CubeIDE_1.16.1/STM32CubeIDE/plugins/com.st.stm32cube.ide.mcu.externaltools.gnu-tools-for-stm32.12.3.rel1.win32_1.0.200.202406191623/tools/bin/../lib/gcc/arm-none-eabi/12.3.1/../../../../arm-none-eabi/lib/thumb/v7e-m+fp/hard\libc_nano.a(libc_a-reallocr.o)
                0x0800a684                _realloc_r
 .text.__ascii_wctomb
                0x0800a6e0       0x1a C:/ST/STM32CubeIDE_1.16.1/STM32CubeIDE/plugins/com.st.stm32cube.ide.mcu.externaltools.gnu-tools-for-stm32.12.3.rel1.win32_1.0.200.202406191623/tools/bin/../lib/gcc/arm-none-eabi/12.3.1/../../../../arm-none-eabi/lib/thumb/v7e-m+fp/hard\libc_nano.a(libc_a-wctomb_r.o)
                0x0800a6e0                __ascii_wctomb
 *fill*         0x0800a6fa        0x2 
 .text.fprintf  0x0800a6fc       0x24 C:/ST/STM32CubeIDE_1.16.1/STM32CubeIDE/plugins/com.st.stm32cube.ide.mcu.externaltools.gnu-tools-for-stm32.12.3.rel1.win32_1.0.200.202406191623/tools/bin/../lib/gcc/arm-none-eabi/12.3.1/../../../../arm-none-eabi/lib/thumb/v7e-m+fp/hard\libc_nano.a(libc_a-fprintf.o)
                0x0800a6fc                fiprintf
                0x0800a6fc                fprintf
 .text.abort    0x0800a720        0xe C:/ST/STM32CubeIDE_1.16.1/STM32CubeIDE/plugins/com.st.stm32cube.ide.mcu.externaltools.gnu-tools-for-stm32.12.3.rel1.win32_1.0.200.202406191623/tools/bin/../lib/gcc/arm-none-eabi/12.3.1/../../../../arm-none-eabi/lib/thumb/v7e-m+fp/hard\libc_nano.a(libc_a-abort.o)
                0x0800a720                abort
 .text._malloc_usable_size_r
                0x0800a72e       0x10 C:/ST/STM32CubeIDE_1.16.1/STM32CubeIDE/plugins/com.st.stm32cube.ide.mcu.externaltools.gnu-tools-for-stm32.12.3.rel1.win32_1.0.200.202406191623/tools/bin/../lib/gcc/arm-none-eabi/12.3.1/../../../../arm-none-eabi/lib/thumb/v7e-m+fp/hard\libc_nano.a(libc_a-msizer.o)
                0x0800a72e                _malloc_usable_size_r
 .text.__sfputc_r
                0x0800a73e       0x2e C:/ST/STM32CubeIDE_1.16.1/STM32CubeIDE/plugins/com.st.stm32cube.ide.mcu.externaltools.gnu-tools-for-stm32.12.3.rel1.win32_1.0.200.202406191623/tools/bin/../lib/gcc/arm-none-eabi/12.3.1/../../../../arm-none-eabi/lib/thumb/v7e-m+fp/hard\libc_nano.a(libc_a-nano-vfprintf.o)
 .text.__sfputs_r
                0x0800a76c       0x24 C:/ST/STM32CubeIDE_1.16.1/STM32CubeIDE/plugins/com.st.stm32cube.ide.mcu.externaltools.gnu-tools-for-stm32.12.3.rel1.win32_1.0.200.202406191623/tools/bin/../lib/gcc/arm-none-eabi/12.3.1/../../../../arm-none-eabi/lib/thumb/v7e-m+fp/hard\libc_nano.a(libc_a-nano-vfprintf.o)
                0x0800a76c                __sfputs_r
 .text._vfprintf_r
                0x0800a790      0x230 C:/ST/STM32CubeIDE_1.16.1/STM32CubeIDE/plugins/com.st.stm32cube.ide.mcu.externaltools.gnu-tools-for-stm32.12.3.rel1.win32_1.0.200.202406191623/tools/bin/../lib/gcc/arm-none-eabi/12.3.1/../../../../arm-none-eabi/lib/thumb/v7e-m+fp/hard\libc_nano.a(libc_a-nano-vfprintf.o)
                0x0800a790                _vfprintf_r
                0x0800a790                _vfiprintf_r
 .text.__swbuf_r
                0x0800a9c0       0x7c C:/ST/STM32CubeIDE_1.16.1/STM32CubeIDE/plugins/com.st.stm32cube.ide.mcu.externaltools.gnu-tools-for-stm32.12.3.rel1.win32_1.0.200.202406191623/tools/bin/../lib/gcc/arm-none-eabi/12.3.1/../../../../arm-none-eabi/lib/thumb/v7e-m+fp/hard\libc_nano.a(libc_a-wbuf.o)
                0x0800a9c0                __swbuf_r
 .text.__swsetup_r
                0x0800aa3c       0xac C:/ST/STM32CubeIDE_1.16.1/STM32CubeIDE/plugins/com.st.stm32cube.ide.mcu.externaltools.gnu-tools-for-stm32.12.3.rel1.win32_1.0.200.202406191623/tools/bin/../lib/gcc/arm-none-eabi/12.3.1/../../../../arm-none-eabi/lib/thumb/v7e-m+fp/hard\libc_nano.a(libc_a-wsetup.o)
                0x0800aa3c                __swsetup_r
 .text._raise_r
                0x0800aae8       0x50 C:/ST/STM32CubeIDE_1.16.1/STM32CubeIDE/plugins/com.st.stm32cube.ide.mcu.externaltools.gnu-tools-for-stm32.12.3.rel1.win32_1.0.200.202406191623/tools/bin/../lib/gcc/arm-none-eabi/12.3.1/../../../../arm-none-eabi/lib/thumb/v7e-m+fp/hard\libc_nano.a(libc_a-signal.o)
                0x0800aae8                _raise_r
 .text.raise    0x0800ab38       0x10 C:/ST/STM32CubeIDE_1.16.1/STM32CubeIDE/plugins/com.st.stm32cube.ide.mcu.externaltools.gnu-tools-for-stm32.12.3.rel1.win32_1.0.200.202406191623/tools/bin/../lib/gcc/arm-none-eabi/12.3.1/../../../../arm-none-eabi/lib/thumb/v7e-m+fp/hard\libc_nano.a(libc_a-signal.o)
                0x0800ab38                raise
 .text._kill_r  0x0800ab48       0x24 C:/ST/STM32CubeIDE_1.16.1/STM32CubeIDE/plugins/com.st.stm32cube.ide.mcu.externaltools.gnu-tools-for-stm32.12.3.rel1.win32_1.0.200.202406191623/tools/bin/../lib/gcc/arm-none-eabi/12.3.1/../../../../arm-none-eabi/lib/thumb/v7e-m+fp/hard\libc_nano.a(libc_a-signalr.o)
                0x0800ab48                _kill_r
 .text._getpid_r
                0x0800ab6c        0x4 C:/ST/STM32CubeIDE_1.16.1/STM32CubeIDE/plugins/com.st.stm32cube.ide.mcu.externaltools.gnu-tools-for-stm32.12.3.rel1.win32_1.0.200.202406191623/tools/bin/../lib/gcc/arm-none-eabi/12.3.1/../../../../arm-none-eabi/lib/thumb/v7e-m+fp/hard\libc_nano.a(libc_a-signalr.o)
                0x0800ab6c                _getpid_r
 .text.__swhatbuf_r
                0x0800ab70       0x4c C:/ST/STM32CubeIDE_1.16.1/STM32CubeIDE/plugins/com.st.stm32cube.ide.mcu.externaltools.gnu-tools-for-stm32.12.3.rel1.win32_1.0.200.202406191623/tools/bin/../lib/gcc/arm-none-eabi/12.3.1/../../../../arm-none-eabi/lib/thumb/v7e-m+fp/hard\libc_nano.a(libc_a-makebuf.o)
                0x0800ab70                __swhatbuf_r
 .text.__smakebuf_r
                0x0800abbc       0x78 C:/ST/STM32CubeIDE_1.16.1/STM32CubeIDE/plugins/com.st.stm32cube.ide.mcu.externaltools.gnu-tools-for-stm32.12.3.rel1.win32_1.0.200.202406191623/tools/bin/../lib/gcc/arm-none-eabi/12.3.1/../../../../arm-none-eabi/lib/thumb/v7e-m+fp/hard\libc_nano.a(libc_a-makebuf.o)
                0x0800abbc                __smakebuf_r
 .text._fstat_r
                0x0800ac34       0x24 C:/ST/STM32CubeIDE_1.16.1/STM32CubeIDE/plugins/com.st.stm32cube.ide.mcu.externaltools.gnu-tools-for-stm32.12.3.rel1.win32_1.0.200.202406191623/tools/bin/../lib/gcc/arm-none-eabi/12.3.1/../../../../arm-none-eabi/lib/thumb/v7e-m+fp/hard\libc_nano.a(libc_a-fstatr.o)
                0x0800ac34                _fstat_r
 .text._isatty_r
                0x0800ac58       0x20 C:/ST/STM32CubeIDE_1.16.1/STM32CubeIDE/plugins/com.st.stm32cube.ide.mcu.externaltools.gnu-tools-for-stm32.12.3.rel1.win32_1.0.200.202406191623/tools/bin/../lib/gcc/arm-none-eabi/12.3.1/../../../../arm-none-eabi/lib/thumb/v7e-m+fp/hard\libc_nano.a(libc_a-isattyr.o)
                0x0800ac58                _isatty_r
 .text.sqrtf    0x0800ac78       0x3c C:/ST/STM32CubeIDE_1.16.1/STM32CubeIDE/plugins/com.st.stm32cube.ide.mcu.externaltools.gnu-tools-for-stm32.12.3.rel1.win32_1.0.200.202406191623/tools/bin/../lib/gcc/arm-none-eabi/12.3.1/../../../../arm-none-eabi/lib/thumb/v7e-m+fp/hard\libm.a(libm_a-wf_sqrt.o)
                0x0800ac78                sqrtf
 .text.__ieee754_sqrtf
                0x0800acb4        0x6 C:/ST/STM32CubeIDE_1.16.1/STM32CubeIDE/plugins/com.st.stm32cube.ide.mcu.externaltools.gnu-tools-for-stm32.12.3.rel1.win32_1.0.200.202406191623/tools/bin/../lib/gcc/arm-none-eabi/12.3.1/../../../../arm-none-eabi/lib/thumb/v7e-m+fp/hard\libm.a(libm_a-ef_sqrt.o)
                0x0800acb4                __ieee754_sqrtf
 *(.glue_7)
 .glue_7        0x0800acba        0x0 linker stubs
 *(.glue_7t)
 .glue_7t       0x0800acba        0x0 linker stubs
 *(.eh_frame)
 *fill*         0x0800acba        0x2 
 .eh_frame      0x0800acbc        0x0 C:/ST/STM32CubeIDE_1.16.1/STM32CubeIDE/plugins/com.st.stm32cube.ide.mcu.externaltools.gnu-tools-for-stm32.12.3.rel1.win32_1.0.200.202406191623/tools/bin/../lib/gcc/arm-none-eabi/12.3.1/thumb/v7e-m+fp/hard/crtbegin.o
 *(.init)
 .init          0x0800acbc        0x4 C:/ST/STM32CubeIDE_1.16.1/STM32CubeIDE/plugins/com.st.stm32cube.ide.mcu.externaltools.gnu-tools-for-stm32.12.3.rel1.win32_1.0.200.202406191623/tools/bin/../lib/gcc/arm-none-eabi/12.3.1/thumb/v7e-m+fp/hard/crti.o
                0x0800acbc                _init
 .init          0x0800acc0        0x8 C:/ST/STM32CubeIDE_1.16.1/STM32CubeIDE/plugins/com.st.stm32cube.ide.mcu.externaltools.gnu-tools-for-stm32.12.3.rel1.win32_1.0.200.202406191623/tools/bin/../lib/gcc/arm-none-eabi/12.3.1/thumb/v7e-m+fp/hard/crtn.o
 *(.fini)
 .fini          0x0800acc8        0x4 C:/ST/STM32CubeIDE_1.16.1/STM32CubeIDE/plugins/com.st.stm32cube.ide.mcu.externaltools.gnu-tools-for-stm32.12.3.rel1.win32_1.0.200.202406191623/tools/bin/../lib/gcc/arm-none-eabi/12.3.1/thumb/v7e-m+fp/hard/crti.o
                0x0800acc8                _fini
 .fini          0x0800accc        0x8 C:/ST/STM32CubeIDE_1.16.1/STM32CubeIDE/plugins/com.st.stm32cube.ide.mcu.externaltools.gnu-tools-for-stm32.12.3.rel1.win32_1.0.200.202406191623/tools/bin/../lib/gcc/arm-none-eabi/12.3.1/thumb/v7e-m+fp/hard/crtn.o
                0x0800acd4                        . = ALIGN (0x4)
                0x0800acd4                        _etext = .

.vfp11_veneer   0x0800acd4        0x0
 .vfp11_veneer  0x0800acd4        0x0 linker stubs

.v4_bx          0x0800acd4        0x0
 .v4_bx         0x0800acd4        0x0 linker stubs

.iplt           0x0800acd4        0x0
 .iplt          0x0800acd4        0x0 C:/ST/STM32CubeIDE_1.16.1/STM32CubeIDE/plugins/com.st.stm32cube.ide.mcu.externaltools.gnu-tools-for-stm32.12.3.rel1.win32_1.0.200.202406191623/tools/bin/../lib/gcc/arm-none-eabi/12.3.1/thumb/v7e-m+fp/hard/crtbegin.o

.rodata         0x0800acd8    0x133d0
                0x0800acd8                        . = ALIGN (0x4)
 *(.rodata)
 .rodata        0x0800acd8       0x30 ./Core/Src/main.o
 *(.rodata*)
 .rodata.AHBPrescTable
                0x0800ad08       0x10 ./Core/Src/system_stm32l4xx.o
                0x0800ad08                AHBPrescTable
 .rodata.APBPrescTable
                0x0800ad18        0x8 ./Core/Src/system_stm32l4xx.o
                0x0800ad18                APBPrescTable
 .rodata.MSIRangeTable
                0x0800ad20       0x30 ./Core/Src/system_stm32l4xx.o
                0x0800ad20                MSIRangeTable
 .rodata.armBitRevIndexTable1024
                0x0800ad50      0xe10 C:\Users\Administrator\STM32CubeIDE\workspace_1.16.1\urmumgayfr\Drivers\CMSIS\DSP_LIBRARY\Lib\GCC\libarm_cortexM4lf_math.a(arm_common_tables.o)
                0x0800ad50                armBitRevIndexTable1024
 .rodata.armBitRevIndexTable128
                0x0800bb60      0x1a0 C:\Users\Administrator\STM32CubeIDE\workspace_1.16.1\urmumgayfr\Drivers\CMSIS\DSP_LIBRARY\Lib\GCC\libarm_cortexM4lf_math.a(arm_common_tables.o)
                0x0800bb60                armBitRevIndexTable128
 .rodata.armBitRevIndexTable16
                0x0800bd00       0x28 C:\Users\Administrator\STM32CubeIDE\workspace_1.16.1\urmumgayfr\Drivers\CMSIS\DSP_LIBRARY\Lib\GCC\libarm_cortexM4lf_math.a(arm_common_tables.o)
                0x0800bd00                armBitRevIndexTable16
 .rodata.armBitRevIndexTable2048
                0x0800bd28     0x1dc0 C:\Users\Administrator\STM32CubeIDE\workspace_1.16.1\urmumgayfr\Drivers\CMSIS\DSP_LIBRARY\Lib\GCC\libarm_cortexM4lf_math.a(arm_common_tables.o)
                0x0800bd28                armBitRevIndexTable2048
 .rodata.armBitRevIndexTable256
                0x0800dae8      0x370 C:\Users\Administrator\STM32CubeIDE\workspace_1.16.1\urmumgayfr\Drivers\CMSIS\DSP_LIBRARY\Lib\GCC\libarm_cortexM4lf_math.a(arm_common_tables.o)
                0x0800dae8                armBitRevIndexTable256
 .rodata.armBitRevIndexTable32
                0x0800de58       0x60 C:\Users\Administrator\STM32CubeIDE\workspace_1.16.1\urmumgayfr\Drivers\CMSIS\DSP_LIBRARY\Lib\GCC\libarm_cortexM4lf_math.a(arm_common_tables.o)
                0x0800de58                armBitRevIndexTable32
 .rodata.armBitRevIndexTable512
                0x0800deb8      0x380 C:\Users\Administrator\STM32CubeIDE\workspace_1.16.1\urmumgayfr\Drivers\CMSIS\DSP_LIBRARY\Lib\GCC\libarm_cortexM4lf_math.a(arm_common_tables.o)
                0x0800deb8                armBitRevIndexTable512
 .rodata.twiddleCoef_1024
                0x0800e238     0x2000 C:\Users\Administrator\STM32CubeIDE\workspace_1.16.1\urmumgayfr\Drivers\CMSIS\DSP_LIBRARY\Lib\GCC\libarm_cortexM4lf_math.a(arm_common_tables.o)
                0x0800e238                twiddleCoef_1024
 .rodata.twiddleCoef_128
                0x08010238      0x400 C:\Users\Administrator\STM32CubeIDE\workspace_1.16.1\urmumgayfr\Drivers\CMSIS\DSP_LIBRARY\Lib\GCC\libarm_cortexM4lf_math.a(arm_common_tables.o)
                0x08010238                twiddleCoef_128
 .rodata.twiddleCoef_16
                0x08010638       0x80 C:\Users\Administrator\STM32CubeIDE\workspace_1.16.1\urmumgayfr\Drivers\CMSIS\DSP_LIBRARY\Lib\GCC\libarm_cortexM4lf_math.a(arm_common_tables.o)
                0x08010638                twiddleCoef_16
 .rodata.twiddleCoef_2048
                0x080106b8     0x4000 C:\Users\Administrator\STM32CubeIDE\workspace_1.16.1\urmumgayfr\Drivers\CMSIS\DSP_LIBRARY\Lib\GCC\libarm_cortexM4lf_math.a(arm_common_tables.o)
                0x080106b8                twiddleCoef_2048
 .rodata.twiddleCoef_256
                0x080146b8      0x800 C:\Users\Administrator\STM32CubeIDE\workspace_1.16.1\urmumgayfr\Drivers\CMSIS\DSP_LIBRARY\Lib\GCC\libarm_cortexM4lf_math.a(arm_common_tables.o)
                0x080146b8                twiddleCoef_256
 .rodata.twiddleCoef_32
                0x08014eb8      0x100 C:\Users\Administrator\STM32CubeIDE\workspace_1.16.1\urmumgayfr\Drivers\CMSIS\DSP_LIBRARY\Lib\GCC\libarm_cortexM4lf_math.a(arm_common_tables.o)
                0x08014eb8                twiddleCoef_32
 .rodata.twiddleCoef_512
                0x08014fb8     0x1000 C:\Users\Administrator\STM32CubeIDE\workspace_1.16.1\urmumgayfr\Drivers\CMSIS\DSP_LIBRARY\Lib\GCC\libarm_cortexM4lf_math.a(arm_common_tables.o)
                0x08014fb8                twiddleCoef_512
 .rodata.twiddleCoef_rfft_1024
                0x08015fb8     0x1000 C:\Users\Administrator\STM32CubeIDE\workspace_1.16.1\urmumgayfr\Drivers\CMSIS\DSP_LIBRARY\Lib\GCC\libarm_cortexM4lf_math.a(arm_common_tables.o)
                0x08015fb8                twiddleCoef_rfft_1024
 .rodata.twiddleCoef_rfft_2048
                0x08016fb8     0x2000 C:\Users\Administrator\STM32CubeIDE\workspace_1.16.1\urmumgayfr\Drivers\CMSIS\DSP_LIBRARY\Lib\GCC\libarm_cortexM4lf_math.a(arm_common_tables.o)
                0x08016fb8                twiddleCoef_rfft_2048
 .rodata.twiddleCoef_rfft_256
                0x08018fb8      0x400 C:\Users\Administrator\STM32CubeIDE\workspace_1.16.1\urmumgayfr\Drivers\CMSIS\DSP_LIBRARY\Lib\GCC\libarm_cortexM4lf_math.a(arm_common_tables.o)
                0x08018fb8                twiddleCoef_rfft_256
 .rodata.twiddleCoef_rfft_32
                0x080193b8       0x80 C:\Users\Administrator\STM32CubeIDE\workspace_1.16.1\urmumgayfr\Drivers\CMSIS\DSP_LIBRARY\Lib\GCC\libarm_cortexM4lf_math.a(arm_common_tables.o)
                0x080193b8                twiddleCoef_rfft_32
 .rodata.twiddleCoef_rfft_4096
                0x08019438     0x4000 C:\Users\Administrator\STM32CubeIDE\workspace_1.16.1\urmumgayfr\Drivers\CMSIS\DSP_LIBRARY\Lib\GCC\libarm_cortexM4lf_math.a(arm_common_tables.o)
                0x08019438                twiddleCoef_rfft_4096
 .rodata.twiddleCoef_rfft_512
                0x0801d438      0x800 C:\Users\Administrator\STM32CubeIDE\workspace_1.16.1\urmumgayfr\Drivers\CMSIS\DSP_LIBRARY\Lib\GCC\libarm_cortexM4lf_math.a(arm_common_tables.o)
                0x0801d438                twiddleCoef_rfft_512
 .rodata.twiddleCoef_rfft_64
                0x0801dc38      0x100 C:\Users\Administrator\STM32CubeIDE\workspace_1.16.1\urmumgayfr\Drivers\CMSIS\DSP_LIBRARY\Lib\GCC\libarm_cortexM4lf_math.a(arm_common_tables.o)
                0x0801dc38                twiddleCoef_rfft_64
 .rodata._printf_float.str1.1
                0x0801dd38       0x12 C:/ST/STM32CubeIDE_1.16.1/STM32CubeIDE/plugins/com.st.stm32cube.ide.mcu.externaltools.gnu-tools-for-stm32.12.3.rel1.win32_1.0.200.202406191623/tools/bin/../lib/gcc/arm-none-eabi/12.3.1/../../../../arm-none-eabi/lib/thumb/v7e-m+fp/hard\libc_nano.a(libc_a-nano-vfprintf_float.o)
 .rodata._printf_i.str1.1
                0x0801dd4a       0x22 C:/ST/STM32CubeIDE_1.16.1/STM32CubeIDE/plugins/com.st.stm32cube.ide.mcu.externaltools.gnu-tools-for-stm32.12.3.rel1.win32_1.0.200.202406191623/tools/bin/../lib/gcc/arm-none-eabi/12.3.1/../../../../arm-none-eabi/lib/thumb/v7e-m+fp/hard\libc_nano.a(libc_a-nano-vfprintf_i.o)
 .rodata._dtoa_r.str1.1
                0x0801dd6c       0x8d C:/ST/STM32CubeIDE_1.16.1/STM32CubeIDE/plugins/com.st.stm32cube.ide.mcu.externaltools.gnu-tools-for-stm32.12.3.rel1.win32_1.0.200.202406191623/tools/bin/../lib/gcc/arm-none-eabi/12.3.1/../../../../arm-none-eabi/lib/thumb/v7e-m+fp/hard\libc_nano.a(libc_a-dtoa.o)
                                 0x8f (size before relaxing)
 .rodata._Balloc.str1.1
                0x0801ddf9       0x59 C:/ST/STM32CubeIDE_1.16.1/STM32CubeIDE/plugins/com.st.stm32cube.ide.mcu.externaltools.gnu-tools-for-stm32.12.3.rel1.win32_1.0.200.202406191623/tools/bin/../lib/gcc/arm-none-eabi/12.3.1/../../../../arm-none-eabi/lib/thumb/v7e-m+fp/hard\libc_nano.a(libc_a-mprec.o)
                                 0x70 (size before relaxing)
 .rodata.__multadd.str1.1
                0x0801de52       0x11 C:/ST/STM32CubeIDE_1.16.1/STM32CubeIDE/plugins/com.st.stm32cube.ide.mcu.externaltools.gnu-tools-for-stm32.12.3.rel1.win32_1.0.200.202406191623/tools/bin/../lib/gcc/arm-none-eabi/12.3.1/../../../../arm-none-eabi/lib/thumb/v7e-m+fp/hard\libc_nano.a(libc_a-mprec.o)
 *fill*         0x0801de52        0x2 
 .rodata.p05.0  0x0801de54        0xc C:/ST/STM32CubeIDE_1.16.1/STM32CubeIDE/plugins/com.st.stm32cube.ide.mcu.externaltools.gnu-tools-for-stm32.12.3.rel1.win32_1.0.200.202406191623/tools/bin/../lib/gcc/arm-none-eabi/12.3.1/../../../../arm-none-eabi/lib/thumb/v7e-m+fp/hard\libc_nano.a(libc_a-mprec.o)
 .rodata.__mprec_bigtens
                0x0801de60       0x28 C:/ST/STM32CubeIDE_1.16.1/STM32CubeIDE/plugins/com.st.stm32cube.ide.mcu.externaltools.gnu-tools-for-stm32.12.3.rel1.win32_1.0.200.202406191623/tools/bin/../lib/gcc/arm-none-eabi/12.3.1/../../../../arm-none-eabi/lib/thumb/v7e-m+fp/hard\libc_nano.a(libc_a-mprec.o)
                0x0801de60                __mprec_bigtens
 .rodata.__mprec_tens
                0x0801de88       0xc8 C:/ST/STM32CubeIDE_1.16.1/STM32CubeIDE/plugins/com.st.stm32cube.ide.mcu.externaltools.gnu-tools-for-stm32.12.3.rel1.win32_1.0.200.202406191623/tools/bin/../lib/gcc/arm-none-eabi/12.3.1/../../../../arm-none-eabi/lib/thumb/v7e-m+fp/hard\libc_nano.a(libc_a-mprec.o)
                0x0801de88                __mprec_tens
 .rodata._svfprintf_r.str1.1
                0x0801df50       0x11 C:/ST/STM32CubeIDE_1.16.1/STM32CubeIDE/plugins/com.st.stm32cube.ide.mcu.externaltools.gnu-tools-for-stm32.12.3.rel1.win32_1.0.200.202406191623/tools/bin/../lib/gcc/arm-none-eabi/12.3.1/../../../../arm-none-eabi/lib/thumb/v7e-m+fp/hard\libc_nano.a(libc_a-nano-svfprintf.o)
 .rodata._setlocale_r.str1.1
                0x0801df61        0x8 C:/ST/STM32CubeIDE_1.16.1/STM32CubeIDE/plugins/com.st.stm32cube.ide.mcu.externaltools.gnu-tools-for-stm32.12.3.rel1.win32_1.0.200.202406191623/tools/bin/../lib/gcc/arm-none-eabi/12.3.1/../../../../arm-none-eabi/lib/thumb/v7e-m+fp/hard\libc_nano.a(libc_a-locale.o)
                                  0x9 (size before relaxing)
 .rodata.str1.1
                0x0801df69        0x2 C:/ST/STM32CubeIDE_1.16.1/STM32CubeIDE/plugins/com.st.stm32cube.ide.mcu.externaltools.gnu-tools-for-stm32.12.3.rel1.win32_1.0.200.202406191623/tools/bin/../lib/gcc/arm-none-eabi/12.3.1/../../../../arm-none-eabi/lib/thumb/v7e-m+fp/hard\libc_nano.a(libc_a-locale.o)
 .rodata.__assert_func.str1.1
                0x0801df6b       0x3c C:/ST/STM32CubeIDE_1.16.1/STM32CubeIDE/plugins/com.st.stm32cube.ide.mcu.externaltools.gnu-tools-for-stm32.12.3.rel1.win32_1.0.200.202406191623/tools/bin/../lib/gcc/arm-none-eabi/12.3.1/../../../../arm-none-eabi/lib/thumb/v7e-m+fp/hard\libc_nano.a(libc_a-assert.o)
                                 0x3d (size before relaxing)
 .rodata._ctype_
                0x0801dfa7      0x101 C:/ST/STM32CubeIDE_1.16.1/STM32CubeIDE/plugins/com.st.stm32cube.ide.mcu.externaltools.gnu-tools-for-stm32.12.3.rel1.win32_1.0.200.202406191623/tools/bin/../lib/gcc/arm-none-eabi/12.3.1/../../../../arm-none-eabi/lib/thumb/v7e-m+fp/hard\libc_nano.a(libc_a-ctype_.o)
                0x0801dfa7                _ctype_
 .rodata._vfprintf_r.str1.1
                0x0801e0a8       0x11 C:/ST/STM32CubeIDE_1.16.1/STM32CubeIDE/plugins/com.st.stm32cube.ide.mcu.externaltools.gnu-tools-for-stm32.12.3.rel1.win32_1.0.200.202406191623/tools/bin/../lib/gcc/arm-none-eabi/12.3.1/../../../../arm-none-eabi/lib/thumb/v7e-m+fp/hard\libc_nano.a(libc_a-nano-vfprintf.o)
                0x0801e0bc                        . = ALIGN (0x4)

.ARM.extab      0x0801e0a8        0x0
                0x0801e0a8                        . = ALIGN (0x4)
 *(.ARM.extab* .gnu.linkonce.armextab.*)
                0x0801e0a8                        . = ALIGN (0x4)

.ARM            0x0801e0a8        0x8
                0x0801e0a8                        . = ALIGN (0x4)
                0x0801e0a8                        __exidx_start = .
 *(.ARM.exidx*)
 .ARM.exidx     0x0801e0a8        0x8 C:/ST/STM32CubeIDE_1.16.1/STM32CubeIDE/plugins/com.st.stm32cube.ide.mcu.externaltools.gnu-tools-for-stm32.12.3.rel1.win32_1.0.200.202406191623/tools/bin/../lib/gcc/arm-none-eabi/12.3.1/../../../../arm-none-eabi/lib/thumb/v7e-m+fp/hard\libc_nano.a(libc_a-memchr.o)
 .ARM.exidx     0x0801e0b0        0x0 C:/ST/STM32CubeIDE_1.16.1/STM32CubeIDE/plugins/com.st.stm32cube.ide.mcu.externaltools.gnu-tools-for-stm32.12.3.rel1.win32_1.0.200.202406191623/tools/bin/../lib/gcc/arm-none-eabi/12.3.1/../../../../arm-none-eabi/lib/thumb/v7e-m+fp/hard\libc_nano.a(libc_a-strlen.o)
                                  0x8 (size before relaxing)
 .ARM.exidx     0x0801e0b0        0x0 C:/ST/STM32CubeIDE_1.16.1/STM32CubeIDE/plugins/com.st.stm32cube.ide.mcu.externaltools.gnu-tools-for-stm32.12.3.rel1.win32_1.0.200.202406191623/tools/bin/../lib/gcc/arm-none-eabi/12.3.1/thumb/v7e-m+fp/hard\libgcc.a(_udivmoddi4.o)
                                  0x8 (size before relaxing)
                0x0801e0b0                        __exidx_end = .
                0x0801e0b0                        . = ALIGN (0x4)

.preinit_array  0x0801e0b0        0x0
                0x0801e0b0                        . = ALIGN (0x4)
                0x0801e0b0                        PROVIDE (__preinit_array_start = .)
 *(.preinit_array*)
                0x0801e0b0                        PROVIDE (__preinit_array_end = .)
                0x0801e0b0                        . = ALIGN (0x4)

.init_array     0x0801e0b0        0x4
                0x0801e0b0                        . = ALIGN (0x4)
                0x0801e0b0                        PROVIDE (__init_array_start = .)
 *(SORT_BY_NAME(.init_array.*))
 *(.init_array*)
 .init_array    0x0801e0b0        0x4 C:/ST/STM32CubeIDE_1.16.1/STM32CubeIDE/plugins/com.st.stm32cube.ide.mcu.externaltools.gnu-tools-for-stm32.12.3.rel1.win32_1.0.200.202406191623/tools/bin/../lib/gcc/arm-none-eabi/12.3.1/thumb/v7e-m+fp/hard/crtbegin.o
                0x0801e0b4                        PROVIDE (__init_array_end = .)
                0x0801e0b4                        . = ALIGN (0x4)

.fini_array     0x0801e0b4        0x4
                0x0801e0b4                        . = ALIGN (0x4)
                [!provide]                        PROVIDE (__fini_array_start = .)
 *(SORT_BY_NAME(.fini_array.*))
 *(.fini_array*)
 .fini_array    0x0801e0b4        0x4 C:/ST/STM32CubeIDE_1.16.1/STM32CubeIDE/plugins/com.st.stm32cube.ide.mcu.externaltools.gnu-tools-for-stm32.12.3.rel1.win32_1.0.200.202406191623/tools/bin/../lib/gcc/arm-none-eabi/12.3.1/thumb/v7e-m+fp/hard/crtbegin.o
                [!provide]                        PROVIDE (__fini_array_end = .)
                0x0801e0b8                        . = ALIGN (0x4)
                0x0801e0b8                        _sidata = LOADADDR (.data)

.rel.dyn        0x0801e0b8        0x0
 .rel.iplt      0x0801e0b8        0x0 C:/ST/STM32CubeIDE_1.16.1/STM32CubeIDE/plugins/com.st.stm32cube.ide.mcu.externaltools.gnu-tools-for-stm32.12.3.rel1.win32_1.0.200.202406191623/tools/bin/../lib/gcc/arm-none-eabi/12.3.1/thumb/v7e-m+fp/hard/crtbegin.o

.data           0x20000000      0x1d8 load address 0x0801e0b8
                0x20000000                        . = ALIGN (0x4)
                0x20000000                        _sdata = .
 *(.data)
 *(.data*)
 .data.is8BitsMode
                0x20000000        0x1 ./Core/Src/lcd16x2_v2.o
 .data.FunctionSet
                0x20000001        0x1 ./Core/Src/lcd16x2_v2.o
 *fill*         0x20000002        0x2 
 .data.SystemCoreClock
                0x20000004        0x4 ./Core/Src/system_stm32l4xx.o
                0x20000004                SystemCoreClock
 .data.uwTickPrio
                0x20000008        0x4 ./Drivers/STM32L4xx_HAL_Driver/Src/stm32l4xx_hal.o
                0x20000008                uwTickPrio
 .data.uwTickFreq
                0x2000000c        0x1 ./Drivers/STM32L4xx_HAL_Driver/Src/stm32l4xx_hal.o
                0x2000000c                uwTickFreq
 *fill*         0x2000000d        0x3 
 .data.__sglue  0x20000010        0xc C:/ST/STM32CubeIDE_1.16.1/STM32CubeIDE/plugins/com.st.stm32cube.ide.mcu.externaltools.gnu-tools-for-stm32.12.3.rel1.win32_1.0.200.202406191623/tools/bin/../lib/gcc/arm-none-eabi/12.3.1/../../../../arm-none-eabi/lib/thumb/v7e-m+fp/hard\libc_nano.a(libc_a-findfp.o)
                0x20000010                __sglue
 .data._impure_ptr
                0x2000001c        0x4 C:/ST/STM32CubeIDE_1.16.1/STM32CubeIDE/plugins/com.st.stm32cube.ide.mcu.externaltools.gnu-tools-for-stm32.12.3.rel1.win32_1.0.200.202406191623/tools/bin/../lib/gcc/arm-none-eabi/12.3.1/../../../../arm-none-eabi/lib/thumb/v7e-m+fp/hard\libc_nano.a(libc_a-impure.o)
                0x2000001c                _impure_ptr
 .data._impure_data
                0x20000020       0x4c C:/ST/STM32CubeIDE_1.16.1/STM32CubeIDE/plugins/com.st.stm32cube.ide.mcu.externaltools.gnu-tools-for-stm32.12.3.rel1.win32_1.0.200.202406191623/tools/bin/../lib/gcc/arm-none-eabi/12.3.1/../../../../arm-none-eabi/lib/thumb/v7e-m+fp/hard\libc_nano.a(libc_a-impure.o)
                0x20000020                _impure_data
 .data.__global_locale
                0x2000006c      0x16c C:/ST/STM32CubeIDE_1.16.1/STM32CubeIDE/plugins/com.st.stm32cube.ide.mcu.externaltools.gnu-tools-for-stm32.12.3.rel1.win32_1.0.200.202406191623/tools/bin/../lib/gcc/arm-none-eabi/12.3.1/../../../../arm-none-eabi/lib/thumb/v7e-m+fp/hard\libc_nano.a(libc_a-locale.o)
                0x2000006c                __global_locale
 *(.RamFunc)
 *(.RamFunc*)
                0x200001d8                        . = ALIGN (0x4)
                0x200001d8                        _edata = .

.igot.plt       0x200001d8        0x0 load address 0x0801e290
 .igot.plt      0x200001d8        0x0 C:/ST/STM32CubeIDE_1.16.1/STM32CubeIDE/plugins/com.st.stm32cube.ide.mcu.externaltools.gnu-tools-for-stm32.12.3.rel1.win32_1.0.200.202406191623/tools/bin/../lib/gcc/arm-none-eabi/12.3.1/thumb/v7e-m+fp/hard/crtbegin.o
                0x200001d8                        . = ALIGN (0x4)

.bss            0x200001d8     0x4354 load address 0x0801e290
                0x200001d8                        _sbss = .
                0x200001d8                        __bss_start__ = _sbss
 *(.bss)
 .bss           0x200001d8       0x1c C:/ST/STM32CubeIDE_1.16.1/STM32CubeIDE/plugins/com.st.stm32cube.ide.mcu.externaltools.gnu-tools-for-stm32.12.3.rel1.win32_1.0.200.202406191623/tools/bin/../lib/gcc/arm-none-eabi/12.3.1/thumb/v7e-m+fp/hard/crtbegin.o
 *(.bss*)
 .bss.PORT_RS   0x200001f4        0x4 ./Core/Src/lcd16x2_v2.o
 .bss.PORT_E    0x200001f8        0x4 ./Core/Src/lcd16x2_v2.o
 .bss.PIN_RS    0x200001fc        0x2 ./Core/Src/lcd16x2_v2.o
 .bss.PIN_E     0x200001fe        0x2 ./Core/Src/lcd16x2_v2.o
 .bss.PORT_LSB_D0
                0x20000200        0x4 ./Core/Src/lcd16x2_v2.o
 .bss.PORT_LSB_D1
                0x20000204        0x4 ./Core/Src/lcd16x2_v2.o
 .bss.PORT_LSB_D2
                0x20000208        0x4 ./Core/Src/lcd16x2_v2.o
 .bss.PORT_LSB_D3
                0x2000020c        0x4 ./Core/Src/lcd16x2_v2.o
 .bss.D0_PIN    0x20000210        0x2 ./Core/Src/lcd16x2_v2.o
 .bss.D1_PIN    0x20000212        0x2 ./Core/Src/lcd16x2_v2.o
 .bss.D2_PIN    0x20000214        0x2 ./Core/Src/lcd16x2_v2.o
 .bss.D3_PIN    0x20000216        0x2 ./Core/Src/lcd16x2_v2.o
 .bss.PORT_MSB_D4
                0x20000218        0x4 ./Core/Src/lcd16x2_v2.o
 .bss.PORT_MSB_D5
                0x2000021c        0x4 ./Core/Src/lcd16x2_v2.o
 .bss.PORT_MSB_D6
                0x20000220        0x4 ./Core/Src/lcd16x2_v2.o
 .bss.PORT_MSB_D7
                0x20000224        0x4 ./Core/Src/lcd16x2_v2.o
 .bss.D4_PIN    0x20000228        0x2 ./Core/Src/lcd16x2_v2.o
 .bss.D5_PIN    0x2000022a        0x2 ./Core/Src/lcd16x2_v2.o
 .bss.D6_PIN    0x2000022c        0x2 ./Core/Src/lcd16x2_v2.o
 .bss.D7_PIN    0x2000022e        0x2 ./Core/Src/lcd16x2_v2.o
 .bss.hadc1     0x20000230       0x64 ./Core/Src/main.o
                0x20000230                hadc1
 .bss.hadc2     0x20000294       0x64 ./Core/Src/main.o
                0x20000294                hadc2
 .bss.hdma_adc1
                0x200002f8       0x48 ./Core/Src/main.o
                0x200002f8                hdma_adc1
 .bss.huart2    0x20000340       0x88 ./Core/Src/main.o
                0x20000340                huart2
 .bss.val       0x200003c8        0x4 ./Core/Src/main.o
                0x200003c8                val
 .bss.adc_buf   0x200003cc     0x4000 ./Core/Src/main.o
                0x200003cc                adc_buf
 .bss.flag      0x200043cc        0x4 ./Core/Src/main.o
                0x200043cc                flag
 .bss.modeflag  0x200043d0        0x4 ./Core/Src/main.o
                0x200043d0                modeflag
 .bss.HAL_RCC_ADC_CLK_ENABLED
                0x200043d4        0x4 ./Core/Src/stm32l4xx_hal_msp.o
 .bss.__sbrk_heap_end
                0x200043d8        0x4 ./Core/Src/sysmem.o
 .bss.uwTick    0x200043dc        0x4 ./Drivers/STM32L4xx_HAL_Driver/Src/stm32l4xx_hal.o
                0x200043dc                uwTick